Archive member included to satisfy reference by file (symbol)

C:/ST/STM32CubeIDE_1.10.1/STM32CubeIDE/plugins/com.st.stm32cube.ide.mcu.externaltools.gnu-tools-for-stm32.13.3.rel1.win32_1.0.0.202411081344/tools/bin/../lib/gcc/arm-none-eabi/13.3.1/../../../../arm-none-eabi/lib/thumb/v7e-m+fp/hard\libc_nano.a(libc_a-exit.o)
                              C:/ST/STM32CubeIDE_1.10.1/STM32CubeIDE/plugins/com.st.stm32cube.ide.mcu.externaltools.gnu-tools-for-stm32.13.3.rel1.win32_1.0.0.202411081344/tools/bin/../lib/gcc/arm-none-eabi/13.3.1/../../../../arm-none-eabi/lib/thumb/v7e-m+fp/hard/crt0.o (exit)
C:/ST/STM32CubeIDE_1.10.1/STM32CubeIDE/plugins/com.st.stm32cube.ide.mcu.externaltools.gnu-tools-for-stm32.13.3.rel1.win32_1.0.0.202411081344/tools/bin/../lib/gcc/arm-none-eabi/13.3.1/../../../../arm-none-eabi/lib/thumb/v7e-m+fp/hard\libc_nano.a(libc_a-findfp.o)
                              ./Middlewares/Third_Party/FreeRTOS/Source/tasks.o (__sf)
C:/ST/STM32CubeIDE_1.10.1/STM32CubeIDE/plugins/com.st.stm32cube.ide.mcu.externaltools.gnu-tools-for-stm32.13.3.rel1.win32_1.0.0.202411081344/tools/bin/../lib/gcc/arm-none-eabi/13.3.1/../../../../arm-none-eabi/lib/thumb/v7e-m+fp/hard\libc_nano.a(libc_a-fwalk.o)
                              C:/ST/STM32CubeIDE_1.10.1/STM32CubeIDE/plugins/com.st.stm32cube.ide.mcu.externaltools.gnu-tools-for-stm32.13.3.rel1.win32_1.0.0.202411081344/tools/bin/../lib/gcc/arm-none-eabi/13.3.1/../../../../arm-none-eabi/lib/thumb/v7e-m+fp/hard\libc_nano.a(libc_a-findfp.o) (_fwalk_sglue)
C:/ST/STM32CubeIDE_1.10.1/STM32CubeIDE/plugins/com.st.stm32cube.ide.mcu.externaltools.gnu-tools-for-stm32.13.3.rel1.win32_1.0.0.202411081344/tools/bin/../lib/gcc/arm-none-eabi/13.3.1/../../../../arm-none-eabi/lib/thumb/v7e-m+fp/hard\libc_nano.a(libc_a-stdio.o)
                              C:/ST/STM32CubeIDE_1.10.1/STM32CubeIDE/plugins/com.st.stm32cube.ide.mcu.externaltools.gnu-tools-for-stm32.13.3.rel1.win32_1.0.0.202411081344/tools/bin/../lib/gcc/arm-none-eabi/13.3.1/../../../../arm-none-eabi/lib/thumb/v7e-m+fp/hard\libc_nano.a(libc_a-findfp.o) (__sread)
C:/ST/STM32CubeIDE_1.10.1/STM32CubeIDE/plugins/com.st.stm32cube.ide.mcu.externaltools.gnu-tools-for-stm32.13.3.rel1.win32_1.0.0.202411081344/tools/bin/../lib/gcc/arm-none-eabi/13.3.1/../../../../arm-none-eabi/lib/thumb/v7e-m+fp/hard\libc_nano.a(libc_a-memset.o)
                              C:/ST/STM32CubeIDE_1.10.1/STM32CubeIDE/plugins/com.st.stm32cube.ide.mcu.externaltools.gnu-tools-for-stm32.13.3.rel1.win32_1.0.0.202411081344/tools/bin/../lib/gcc/arm-none-eabi/13.3.1/../../../../arm-none-eabi/lib/thumb/v7e-m+fp/hard/crt0.o (memset)
C:/ST/STM32CubeIDE_1.10.1/STM32CubeIDE/plugins/com.st.stm32cube.ide.mcu.externaltools.gnu-tools-for-stm32.13.3.rel1.win32_1.0.0.202411081344/tools/bin/../lib/gcc/arm-none-eabi/13.3.1/../../../../arm-none-eabi/lib/thumb/v7e-m+fp/hard\libc_nano.a(libc_a-closer.o)
                              C:/ST/STM32CubeIDE_1.10.1/STM32CubeIDE/plugins/com.st.stm32cube.ide.mcu.externaltools.gnu-tools-for-stm32.13.3.rel1.win32_1.0.0.202411081344/tools/bin/../lib/gcc/arm-none-eabi/13.3.1/../../../../arm-none-eabi/lib/thumb/v7e-m+fp/hard\libc_nano.a(libc_a-stdio.o) (_close_r)
C:/ST/STM32CubeIDE_1.10.1/STM32CubeIDE/plugins/com.st.stm32cube.ide.mcu.externaltools.gnu-tools-for-stm32.13.3.rel1.win32_1.0.0.202411081344/tools/bin/../lib/gcc/arm-none-eabi/13.3.1/../../../../arm-none-eabi/lib/thumb/v7e-m+fp/hard\libc_nano.a(libc_a-reent.o)
                              ./Middlewares/Third_Party/FreeRTOS/Source/tasks.o (_reclaim_reent)
C:/ST/STM32CubeIDE_1.10.1/STM32CubeIDE/plugins/com.st.stm32cube.ide.mcu.externaltools.gnu-tools-for-stm32.13.3.rel1.win32_1.0.0.202411081344/tools/bin/../lib/gcc/arm-none-eabi/13.3.1/../../../../arm-none-eabi/lib/thumb/v7e-m+fp/hard\libc_nano.a(libc_a-impure.o)
                              ./Middlewares/Third_Party/FreeRTOS/Source/tasks.o (_impure_ptr)
C:/ST/STM32CubeIDE_1.10.1/STM32CubeIDE/plugins/com.st.stm32cube.ide.mcu.externaltools.gnu-tools-for-stm32.13.3.rel1.win32_1.0.0.202411081344/tools/bin/../lib/gcc/arm-none-eabi/13.3.1/../../../../arm-none-eabi/lib/thumb/v7e-m+fp/hard\libc_nano.a(libc_a-lseekr.o)
                              C:/ST/STM32CubeIDE_1.10.1/STM32CubeIDE/plugins/com.st.stm32cube.ide.mcu.externaltools.gnu-tools-for-stm32.13.3.rel1.win32_1.0.0.202411081344/tools/bin/../lib/gcc/arm-none-eabi/13.3.1/../../../../arm-none-eabi/lib/thumb/v7e-m+fp/hard\libc_nano.a(libc_a-stdio.o) (_lseek_r)
C:/ST/STM32CubeIDE_1.10.1/STM32CubeIDE/plugins/com.st.stm32cube.ide.mcu.externaltools.gnu-tools-for-stm32.13.3.rel1.win32_1.0.0.202411081344/tools/bin/../lib/gcc/arm-none-eabi/13.3.1/../../../../arm-none-eabi/lib/thumb/v7e-m+fp/hard\libc_nano.a(libc_a-readr.o)
[...]
Memory Configuration

Name             Origin             Length             Attributes
RAM              0x20000000         0x00010000         xrw
FLASH            0x08000000         0x00020000         xr
*default*        0x00000000         0xffffffff

Linker script and memory map

LOAD C:/ST/STM32CubeIDE_1.10.1/STM32CubeIDE/plugins/com.st.stm32cube.ide.mcu.externaltools.gnu-tools-for-stm32.13.3.rel1.win32_1.0.0.202411081344/tools/bin/../lib/gcc/arm-none-eabi/13.3.1/thumb/v7e-m+fp/hard/crti.o
LOAD C:/ST/STM32CubeIDE_1.10.1/STM32CubeIDE/plugins/com.st.stm32cube.ide.mcu.externaltools.gnu-tools-for-stm32.13.3.rel1.win32_1.0.0.202411081344/tools/bin/../lib/gcc/arm-none-eabi/13.3.1/thumb/v7e-m+fp/hard/crtbegin.o
LOAD C:/ST/STM32CubeIDE_1.10.1/STM32CubeIDE/plugins/com.st.stm32cube.ide.mcu.externaltools.gnu-tools-for-stm32.13.3.rel1.win32_1.0.0.202411081344/tools/bin/../lib/gcc/arm-none-eabi/13.3.1/../../../../arm-none-eabi/lib/thumb/v7e-m+fp/hard/crt0.o
LOAD ./Core/Src/EEprom.o
LOAD ./Core/Src/Globals.o
LOAD ./Core/Src/Utilies.o
LOAD ./Core/Src/communication.o
LOAD ./Core/Src/freertos.o
LOAD ./Core/Src/main.o
LOAD ./Core/Src/stm32f4xx_hal_msp.o
LOAD ./Core/Src/stm32f4xx_hal_timebase_tim.o
LOAD ./Core/Src/stm32f4xx_it.o
LOAD ./Core/Src/syscalls.o
LOAD ./Core/Src/sysmem.o
LOAD ./Core/Src/system_stm32f4xx.o
LOAD ./Core/Startup/startup_stm32f401vbtx.o
LOAD ./Drivers/STM32F4xx_HAL_Driver/Src/stm32f4xx_hal.o
LOAD ./Drivers/STM32F4xx_HAL_Driver/Src/stm32f4xx_hal_cortex.o
LOAD ./Drivers/STM32F4xx_HAL_Driver/Src/stm32f4xx_hal_dma.o
LOAD ./Drivers/STM32F4xx_HAL_Driver/Src/stm32f4xx_hal_dma_ex.o
LOAD ./Drivers/STM32F4xx_HAL_Driver/Src/stm32f4xx_hal_exti.o
LOAD ./Drivers/STM32F4xx_HAL_Driver/Src/stm32f4xx_hal_flash.o
LOAD ./Drivers/STM32F4xx_HAL_Driver/Src/stm32f4xx_hal_flash_ex.o
LOAD ./Drivers/STM32F4xx_HAL_Driver/Src/stm32f4xx_hal_flash_ramfunc.o
LOAD ./Drivers/STM32F4xx_HAL_Driver/Src/stm32f4xx_hal_gpio.o
LOAD ./Drivers/STM32F4xx_HAL_Driver/Src/stm32f4xx_hal_pwr.o
LOAD ./Drivers/STM32F4xx_HAL_Driver/Src/stm32f4xx_hal_pwr_ex.o
LOAD ./Drivers/STM32F4xx_HAL_Driver/Src/stm32f4xx_hal_rcc.o
LOAD ./Drivers/STM32F4xx_HAL_Driver/Src/stm32f4xx_hal_rcc_ex.o
LOAD ./Drivers/STM32F4xx_HAL_Driver/Src/stm32f4xx_hal_spi.o
LOAD ./Drivers/STM32F4xx_HAL_Driver/Src/stm32f4xx_hal_tim.o
LOAD ./Drivers/STM32F4xx_HAL_Driver/Src/stm32f4xx_hal_tim_ex.o
LOAD ./Drivers/STM32F4xx_HAL_Driver/Src/stm32f4xx_hal_uart.o
LOAD ./Middlewares/Third_Party/FreeRTOS/Source/CMSIS_RTOS_V2/cmsis_os2.o
LOAD ./Middlewares/Third_Party/FreeRTOS/Source/croutine.o
LOAD ./Middlewares/Third_Party/FreeRTOS/Source/event_groups.o
LOAD ./Middlewares/Third_Party/FreeRTOS/Source/list.o
LOAD ./Middlewares/Third_Party/FreeRTOS/Source/queue.o
LOAD ./Middlewares/Third_Party/FreeRTOS/Source/stream_buffer.o
LOAD ./Middlewares/Third_Party/FreeRTOS/Source/tasks.o
LOAD ./Middlewares/Third_Party/FreeRTOS/Source/timers.o
LOAD ./Middlewares/Third_Party/FreeRTOS/Source/portable/GCC/ARM_CM4F/port.o
LOAD ./Middlewares/Third_Party/FreeRTOS/Source/portable/MemMang/heap_4.o
START GROUP
LOAD C:/ST/STM32CubeIDE_1.10.1/STM32CubeIDE/plugins/com.st.stm32cube.ide.mcu.externaltools.gnu-tools-for-stm32.13.3.rel1.win32_1.0.0.202411081344/tools/bin/../lib/gcc/arm-none-eabi/13.3.1/../../../../arm-none-eabi/lib/thumb/v7e-m+fp/hard\libc_nano.a
LOAD C:/ST/STM32CubeIDE_1.10.1/STM32CubeIDE/plugins/com.st.stm32cube.ide.mcu.externaltools.gnu-tools-for-stm32.13.3.rel1.win32_1.0.0.202411081344/tools/bin/../lib/gcc/arm-none-eabi/13.3.1/../../../../arm-none-eabi/lib/thumb/v7e-m+fp/hard\libm.a
END GROUP
START GROUP
LOAD C:/ST/STM32CubeIDE_1.10.1/STM32CubeIDE/plugins/com.st.stm32cube.ide.mcu.externaltools.gnu-tools-for-stm32.13.3.rel1.win32_1.0.0.202411081344/tools/bin/../lib/gcc/arm-none-eabi/13.3.1/thumb/v7e-m+fp/hard\libgcc.a
LOAD C:/ST/STM32CubeIDE_1.10.1/STM32CubeIDE/plugins/com.st.stm32cube.ide.mcu.externaltools.gnu-tools-for-stm32.13.3.rel1.win32_1.0.0.202411081344/tools/bin/../lib/gcc/arm-none-eabi/13.3.1/../../../../arm-none-eabi/lib/thumb/v7e-m+fp/hard\libc_nano.a
END GROUP
START GROUP
LOAD C:/ST/STM32CubeIDE_1.10.1/STM32CubeIDE/plugins/com.st.stm32cube.ide.mcu.externaltools.gnu-tools-for-stm32.13.3.rel1.win32_1.0.0.202411081344/tools/bin/../lib/gcc/arm-none-eabi/13.3.1/thumb/v7e-m+fp/hard\libgcc.a
LOAD C:/ST/STM32CubeIDE_1.10.1/STM32CubeIDE/plugins/com.st.stm32cube.ide.mcu.externaltools.gnu-tools-for-stm32.13.3.rel1.win32_1.0.0.202411081344/tools/bin/../lib/gcc/arm-none-eabi/13.3.1/../../../../arm-none-eabi/lib/thumb/v7e-m+fp/hard\libc_nano.a
LOAD C:/ST/STM32CubeIDE_1.10.1/STM32CubeIDE/plugins/com.st.stm32cube.ide.mcu.externaltools.gnu-tools-for-stm32.13.3.rel1.win32_1.0.0.202411081344/tools/bin/../lib/gcc/arm-none-eabi/13.3.1/../../../../arm-none-eabi/lib/thumb/v7e-m+fp/hard\libnosys.a
END GROUP
START GROUP
LOAD C:/ST/STM32CubeIDE_1.10.1/STM32CubeIDE/plugins/com.st.stm32cube.ide.mcu.externaltools.gnu-tools-for-stm32.13.3.rel1.win32_1.0.0.202411081344/tools/bin/../lib/gcc/arm-none-eabi/13.3.1/thumb/v7e-m+fp/hard\libgcc.a
LOAD C:/ST/STM32CubeIDE_1.10.1/STM32CubeIDE/plugins/com.st.stm32cube.ide.mcu.externaltools.gnu-tools-for-stm32.13.3.rel1.win32_1.0.0.202411081344/tools/bin/../lib/gcc/arm-none-eabi/13.3.1/../../../../arm-none-eabi/lib/thumb/v7e-m+fp/hard\libc_nano.a
LOAD C:/ST/STM32CubeIDE_1.10.1/STM32CubeIDE/plugins/com.st.stm32cube.ide.mcu.externaltools.gnu-tools-for-stm32.13.3.rel1.win32_1.0.0.202411081344/tools/bin/../lib/gcc/arm-none-eabi/13.3.1/../../../../arm-none-eabi/lib/thumb/v7e-m+fp/hard\libnosys.a
END GROUP
LOAD C:/ST/STM32CubeIDE_1.10.1/STM32CubeIDE/plugins/com.st.stm32cube.ide.mcu.externaltools.gnu-tools-for-stm32.13.3.rel1.win32_1.0.0.202411081344/tools/bin/../lib/gcc/arm-none-eabi/13.3.1/thumb/v7e-m+fp/hard/crtend.o
LOAD C:/ST/STM32CubeIDE_1.10.1/STM32CubeIDE/plugins/com.st.stm32cube.ide.mcu.externaltools.gnu-tools-for-stm32.13.3.rel1.win32_1.0.0.202411081344/tools/bin/../lib/gcc/arm-none-eabi/13.3.1/thumb/v7e-m+fp/hard/crtn.o
                0x20010000                        _estack = (ORIGIN (RAM) + LENGTH (RAM))
                0x00000200                        _Min_Heap_Size = 0x200
                0x00000400                        _Min_Stack_Size = 0x400

.isr_vector     0x08000000      0x194
                0x08000000                        . = ALIGN (0x4)
 *(.isr_vector)
 .isr_vector    0x08000000      0x194 ./Core/Startup/startup_stm32f401vbtx.o
                0x08000000                g_pfnVectors
                0x08000194                        . = ALIGN (0x4)

.text           0x080001a0     0x6a3c
                0x080001a0                        . = ALIGN (0x4)
 *(.text)
 .text          0x080001a0       0x40 C:/ST/STM32CubeIDE_1.10.1/STM32CubeIDE/plugins/com.st.stm32cube.ide.mcu.externaltools.gnu-tools-for-stm32.13.3.rel1.win32_1.0.0.202411081344/tools/bin/../lib/gcc/arm-none-eabi/13.3.1/thumb/v7e-m+fp/hard/crtbegin.o
 .text          0x080001e0       0x30 C:/ST/STM32CubeIDE_1.10.1/STM32CubeIDE/plugins/com.st.stm32cube.ide.mcu.externaltools.gnu-tools-for-stm32.13.3.rel1.win32_1.0.0.202411081344/tools/bin/../lib/gcc/arm-none-eabi/13.3.1/thumb/v7e-m+fp/hard\libgcc.a(_aeabi_uldivmod.o)
                0x080001e0                __aeabi_uldivmod
 .text          0x08000210      0x2f8 C:/ST/STM32CubeIDE_1.10.1/STM32CubeIDE/plugins/com.st.stm32cube.ide.mcu.externaltools.gnu-tools-for-stm32.13.3.rel1.win32_1.0.0.202411081344/tools/bin/../lib/gcc/arm-none-eabi/13.3.1/thumb/v7e-m+fp/hard\libgcc.a(_udivmoddi4.o)
                0x08000210                __udivmoddi4
 .text          0x08000508        0x4 C:/ST/STM32CubeIDE_1.10.1/STM32CubeIDE/plugins/com.st.stm32cube.ide.mcu.externaltools.gnu-tools-for-stm32.13.3.rel1.win32_1.0.0.202411081344/tools/bin/../lib/gcc/arm-none-eabi/13.3.1/thumb/v7e-m+fp/hard\libgcc.a(_dvmd_tls.o)
                0x08000508                __aeabi_idiv0
                0x08000508                __aeabi_ldiv0
 *(.text*)
 .text.Initialize
                0x0800050c      0x324 ./Core/Src/Utilies.o
                0x0800050c                Initialize
 .text.EmptyUartBuffers
                0x08000830       0x5c ./Core/Src/Utilies.o
                0x08000830                EmptyUartBuffers
 .text.DipSwitchStatus
                0x0800088c       0x34 ./Core/Src/Utilies.o
                0x0800088c                DipSwitchStatus
 .text.TimerReset
                0x080008c0       0x10 ./Core/Src/Utilies.o
                0x080008c0                TimerReset
 .text.TriggerToAcsControl
                0x080008d0       0x2c ./Core/Src/Utilies.o
                0x080008d0                TriggerToAcsControl
 .text.ResetSynkAndHalt
                0x080008fc       0x2c ./Core/Src/Utilies.o
                0x080008fc                ResetSynkAndHalt
 .text.Tp20CheckForError
                0x08000928       0x64 ./Core/Src/Utilies.o
                0x08000928                Tp20CheckForError
 .text.HAL_UART_TxCpltCallback
                0x0800098c       0x30 ./Core/Src/communication.o
                0x0800098c                HAL_UART_TxCpltCallback
 .text.ReceiveFromAcs
                0x080009bc      0x140 ./Core/Src/communication.o
                0x080009bc                ReceiveFromAcs
 .text.ReceiveFromCmmController
                0x08000afc       0xa8 ./Core/Src/communication.o
                0x08000afc                ReceiveFromCmmController
 .text.HAL_UART_RxCpltCallback
                0x08000ba4       0x20 ./Core/Src/communication.o
                0x08000ba4                HAL_UART_RxCpltCallback
 .text.SendData
                0x08000bc4       0x1c ./Core/Src/communication.o
                0x08000bc4                SendData
 .text.ResetCommunication
                0x08000be0       0x70 ./Core/Src/communication.o
                0x08000be0                ResetCommunication
 .text.StartTaskUART1
                0x08000c50       0x94 ./Core/Src/main.o
                0x08000c50                StartTaskUART1
 .text.StartTaskUART6
                0x08000ce4       0x9c ./Core/Src/main.o
                0x08000ce4                StartTaskUART6
 .text.StartTaskReadDs
                0x08000d80       0x14 ./Core/Src/main.o
                0x08000d80                StartTaskReadDs
 .text.StartTaskSYNC
                0x08000d94       0x90 ./Core/Src/main.o
                0x08000d94                StartTaskSYNC
 .text.StartTaskHALT
                0x08000e24       0x64 ./Core/Src/main.o
                0x08000e24                StartTaskHALT
 .text.SystemClock_Config
                0x08000e88       0xa4 ./Core/Src/main.o
                0x08000e88                SystemClock_Config
 .text.startup.main
                0x08000f2c      0x4e4 ./Core/Src/main.o
                0x08000f2c                main
 .text.HAL_TIM_PeriodElapsedCallback
                0x08001410       0x10 ./Core/Src/main.o
                0x08001410                HAL_TIM_PeriodElapsedCallback
 .text.Error_Handler
                0x08001420        0x4 ./Core/Src/main.o
                0x08001420                Error_Handler
 .text.HAL_MspInit
                0x08001424       0x40 ./Core/Src/stm32f4xx_hal_msp.o
                0x08001424                HAL_MspInit
 *fill*         0x08001464        0x4 
 .text.HAL_SPI_MspInit
                0x08001468       0x78 ./Core/Src/stm32f4xx_hal_msp.o
                0x08001468                HAL_SPI_MspInit
 .text.HAL_TIM_Base_MspInit
                0x080014e0       0xe8 ./Core/Src/stm32f4xx_hal_msp.o
                0x080014e0                HAL_TIM_Base_MspInit
 .text.HAL_UART_MspInit
                0x080015c8      0x1c8 ./Core/Src/stm32f4xx_hal_msp.o
                0x080015c8                HAL_UART_MspInit
 .text.HAL_InitTick
                0x08001790       0xa4 ./Core/Src/stm32f4xx_hal_timebase_tim.o
                0x08001790                HAL_InitTick
 .text.NMI_Handler
                0x08001834        0x4 ./Core/Src/stm32f4xx_it.o
                0x08001834                NMI_Handler
 .text.HardFault_Handler
                0x08001838        0x4 ./Core/Src/stm32f4xx_it.o
                0x08001838                HardFault_Handler
 .text.MemManage_Handler
                0x0800183c        0x4 ./Core/Src/stm32f4xx_it.o
                0x0800183c                MemManage_Handler
 .text.BusFault_Handler
                0x08001840        0x4 ./Core/Src/stm32f4xx_it.o
                0x08001840                BusFault_Handler
 .text.UsageFault_Handler
                0x08001844        0x4 ./Core/Src/stm32f4xx_it.o
                0x08001844                UsageFault_Handler
 .text.DebugMon_Handler
                0x08001848        0x4 ./Core/Src/stm32f4xx_it.o
                0x08001848                DebugMon_Handler
 .text.EXTI9_5_IRQHandler
                0x0800184c       0x58 ./Core/Src/stm32f4xx_it.o
                0x0800184c                EXTI9_5_IRQHandler
 .text.TIM1_BRK_TIM9_IRQHandler
                0x080018a4       0x38 ./Core/Src/stm32f4xx_it.o
                0x080018a4                TIM1_BRK_TIM9_IRQHandler
 .text.TIM1_UP_TIM10_IRQHandler
                0x080018dc       0x20 ./Core/Src/stm32f4xx_it.o
                0x080018dc                TIM1_UP_TIM10_IRQHandler
 .text.TIM1_TRG_COM_TIM11_IRQHandler
                0x080018fc       0x20 ./Core/Src/stm32f4xx_it.o
                0x080018fc                TIM1_TRG_COM_TIM11_IRQHandler
 .text.TIM2_IRQHandler
                0x0800191c        0xc ./Core/Src/stm32f4xx_it.o
                0x0800191c                TIM2_IRQHandler
 .text.USART1_IRQHandler
                0x08001928        0xc ./Core/Src/stm32f4xx_it.o
                0x08001928                USART1_IRQHandler
 .text.USART2_IRQHandler
                0x08001934        0xc ./Core/Src/stm32f4xx_it.o
                0x08001934                USART2_IRQHandler
 .text.EXTI15_10_IRQHandler
                0x08001940       0x70 ./Core/Src/stm32f4xx_it.o
                0x08001940                EXTI15_10_IRQHandler
 .text.TIM5_IRQHandler
                0x080019b0       0x20 ./Core/Src/stm32f4xx_it.o
                0x080019b0                TIM5_IRQHandler
 .text.DMA2_Stream6_IRQHandler
                0x080019d0        0xc ./Core/Src/stm32f4xx_it.o
                0x080019d0                DMA2_Stream6_IRQHandler
 .text.DMA2_Stream7_IRQHandler
                0x080019dc        0xc ./Core/Src/stm32f4xx_it.o
                0x080019dc                DMA2_Stream7_IRQHandler
 .text.USART6_IRQHandler
                0x080019e8        0xc ./Core/Src/stm32f4xx_it.o
                0x080019e8                USART6_IRQHandler
 .text.SystemInit
                0x080019f4       0x14 ./Core/Src/system_stm32f4xx.o
                0x080019f4                SystemInit
 .text.Reset_Handler
                0x08001a08       0x50 ./Core/Startup/startup_stm32f401vbtx.o
                0x08001a08                Reset_Handler
 .text.Default_Handler
                0x08001a58        0x2 ./Core/Startup/startup_stm32f401vbtx.o
                0x08001a58                RTC_Alarm_IRQHandler
                0x08001a58                EXTI2_IRQHandler
                0x08001a58                SPI4_IRQHandler
                0x08001a58                TIM1_CC_IRQHandler
                0x08001a58                DMA2_Stream5_IRQHandler
                0x08001a58                DMA1_Stream5_IRQHandler
                0x08001a58                PVD_IRQHandler
                0x08001a58                SDIO_IRQHandler
                0x08001a58                TAMP_STAMP_IRQHandler
                0x08001a58                EXTI3_IRQHandler
                0x08001a58                I2C3_ER_IRQHandler
                0x08001a58                EXTI0_IRQHandler
                0x08001a58                I2C2_EV_IRQHandler
                0x08001a58                DMA1_Stream2_IRQHandler
                0x08001a58                FPU_IRQHandler
                0x08001a58                DMA2_Stream2_IRQHandler
                0x08001a58                SPI1_IRQHandler
                0x08001a58                DMA2_Stream3_IRQHandler
                0x08001a58                DMA2_Stream0_IRQHandler
                0x08001a58                TIM4_IRQHandler
                0x08001a58                I2C1_EV_IRQHandler
                0x08001a58                DMA1_Stream6_IRQHandler
                0x08001a58                DMA1_Stream1_IRQHandler
                0x08001a58                TIM3_IRQHandler
                0x08001a58                RCC_IRQHandler
                0x08001a58                Default_Handler
                0x08001a58                ADC_IRQHandler
                0x08001a58                DMA1_Stream7_IRQHandler
                0x08001a58                I2C3_EV_IRQHandler
                0x08001a58                RTC_WKUP_IRQHandler
                0x08001a58                SPI2_IRQHandler
                0x08001a58                DMA1_Stream0_IRQHandler
                0x08001a58                EXTI4_IRQHandler
                0x08001a58                WWDG_IRQHandler
                0x08001a58                OTG_FS_WKUP_IRQHandler
                0x08001a58                EXTI1_IRQHandler
                0x08001a58                I2C2_ER_IRQHandler
                0x08001a58                DMA2_Stream1_IRQHandler
                0x08001a58                FLASH_IRQHandler
                0x08001a58                DMA2_Stream4_IRQHandler
                0x08001a58                OTG_FS_IRQHandler
                0x08001a58                SPI3_IRQHandler
                0x08001a58                DMA1_Stream4_IRQHandler
                0x08001a58                I2C1_ER_IRQHandler
                0x08001a58                DMA1_Stream3_IRQHandler
 *fill*         0x08001a5a        0x2 
 .text.HAL_Init
                0x08001a5c       0x34 ./Drivers/STM32F4xx_HAL_Driver/Src/stm32f4xx_hal.o
                0x08001a5c                HAL_Init
 .text.HAL_IncTick
                0x08001a90       0x18 ./Drivers/STM32F4xx_HAL_Driver/Src/stm32f4xx_hal.o
                0x08001a90                HAL_IncTick
 .text.HAL_GetTick
                0x08001aa8        0xc ./Drivers/STM32F4xx_HAL_Driver/Src/stm32f4xx_hal.o
                0x08001aa8                HAL_GetTick
 .text.HAL_NVIC_SetPriorityGrouping
                0x08001ab4       0x24 ./Drivers/STM32F4xx_HAL_Driver/Src/stm32f4xx_hal_cortex.o
                0x08001ab4                HAL_NVIC_SetPriorityGrouping
 .text.HAL_NVIC_SetPriority
                0x08001ad8       0x78 ./Drivers/STM32F4xx_HAL_Driver/Src/stm32f4xx_hal_cortex.o
                0x08001ad8                HAL_NVIC_SetPriority
 .text.HAL_NVIC_EnableIRQ
                0x08001b50       0x1c ./Drivers/STM32F4xx_HAL_Driver/Src/stm32f4xx_hal_cortex.o
                0x08001b50                HAL_NVIC_EnableIRQ
 .text.HAL_DMA_Init
                0x08001b6c      0x128 ./Drivers/STM32F4xx_HAL_Driver/Src/stm32f4xx_hal_dma.o
                0x08001b6c                HAL_DMA_Init
 .text.HAL_DMA_Start_IT
                0x08001c94       0x78 ./Drivers/STM32F4xx_HAL_Driver/Src/stm32f4xx_hal_dma.o
                0x08001c94                HAL_DMA_Start_IT
 .text.HAL_DMA_Abort
                0x08001d0c       0x94 ./Drivers/STM32F4xx_HAL_Driver/Src/stm32f4xx_hal_dma.o
                0x08001d0c                HAL_DMA_Abort
 .text.HAL_DMA_Abort_IT
                0x08001da0       0x24 ./Drivers/STM32F4xx_HAL_Driver/Src/stm32f4xx_hal_dma.o
                0x08001da0                HAL_DMA_Abort_IT
 .text.HAL_DMA_IRQHandler
                0x08001dc4      0x1ac ./Drivers/STM32F4xx_HAL_Driver/Src/stm32f4xx_hal_dma.o
                0x08001dc4                HAL_DMA_IRQHandler
 .text.HAL_DMA_GetError
                0x08001f70        0x4 ./Drivers/STM32F4xx_HAL_Driver/Src/stm32f4xx_hal_dma.o
                0x08001f70                HAL_DMA_GetError
 .text.HAL_GPIO_Init
                0x08001f74      0x370 ./Drivers/STM32F4xx_HAL_Driver/Src/stm32f4xx_hal_gpio.o
                0x08001f74                HAL_GPIO_Init
 .text.HAL_GPIO_ReadPin
                0x080022e4        0xc ./Drivers/STM32F4xx_HAL_Driver/Src/stm32f4xx_hal_gpio.o
                0x080022e4                HAL_GPIO_ReadPin
 .text.HAL_GPIO_WritePin
                0x080022f0        0x8 ./Drivers/STM32F4xx_HAL_Driver/Src/stm32f4xx_hal_gpio.o
                0x080022f0                HAL_GPIO_WritePin
 .text.HAL_GPIO_EXTI_Callback
                0x080022f8        0x4 ./Drivers/STM32F4xx_HAL_Driver/Src/stm32f4xx_hal_gpio.o
                0x080022f8                HAL_GPIO_EXTI_Callback
 .text.HAL_GPIO_EXTI_IRQHandler
                0x080022fc       0x18 ./Drivers/STM32F4xx_HAL_Driver/Src/stm32f4xx_hal_gpio.o
                0x080022fc                HAL_GPIO_EXTI_IRQHandler
 .text.HAL_RCC_OscConfig
                0x08002314      0x3c4 ./Drivers/STM32F4xx_HAL_Driver/Src/stm32f4xx_hal_rcc.o
                0x08002314                HAL_RCC_OscConfig
 .text.HAL_RCC_GetSysClockFreq
                0x080026d8       0x68 ./Drivers/STM32F4xx_HAL_Driver/Src/stm32f4xx_hal_rcc.o
                0x080026d8                HAL_RCC_GetSysClockFreq
 .text.HAL_RCC_ClockConfig
                0x08002740      0x13c ./Drivers/STM32F4xx_HAL_Driver/Src/stm32f4xx_hal_rcc.o
                0x08002740                HAL_RCC_ClockConfig
 .text.HAL_RCC_GetPCLK1Freq
                0x0800287c       0x20 ./Drivers/STM32F4xx_HAL_Driver/Src/stm32f4xx_hal_rcc.o
                0x0800287c                HAL_RCC_GetPCLK1Freq
 .text.HAL_RCC_GetPCLK2Freq
                0x0800289c       0x20 ./Drivers/STM32F4xx_HAL_Driver/Src/stm32f4xx_hal_rcc.o
                0x0800289c                HAL_RCC_GetPCLK2Freq
 .text.HAL_RCC_GetClockConfig
                0x080028bc       0x44 ./Drivers/STM32F4xx_HAL_Driver/Src/stm32f4xx_hal_rcc.o
                0x080028bc                HAL_RCC_GetClockConfig
 .text.HAL_SPI_Init
                0x08002900       0xc4 ./Drivers/STM32F4xx_HAL_Driver/Src/stm32f4xx_hal_spi.o
                0x08002900                HAL_SPI_Init
 .text.HAL_TIM_Base_Init
                0x080029c4       0xf4 ./Drivers/STM32F4xx_HAL_Driver/Src/stm32f4xx_hal_tim.o
                0x080029c4                HAL_TIM_Base_Init
 .text.HAL_TIM_Base_Start_IT
                0x08002ab8       0x64 ./Drivers/STM32F4xx_HAL_Driver/Src/stm32f4xx_hal_tim.o
                0x08002ab8                HAL_TIM_Base_Start_IT
 .text.HAL_TIM_Base_Stop_IT
                0x08002b1c       0x30 ./Drivers/STM32F4xx_HAL_Driver/Src/stm32f4xx_hal_tim.o
                0x08002b1c                HAL_TIM_Base_Stop_IT
 .text.HAL_TIM_ConfigClockSource
                0x08002b4c      0x154 ./Drivers/STM32F4xx_HAL_Driver/Src/stm32f4xx_hal_tim.o
                0x08002b4c                HAL_TIM_ConfigClockSource
 .text.HAL_TIM_OC_DelayElapsedCallback
                0x08002ca0        0x4 ./Drivers/STM32F4xx_HAL_Driver/Src/stm32f4xx_hal_tim.o
                0x08002ca0                HAL_TIM_OC_DelayElapsedCallback
 .text.HAL_TIM_IC_CaptureCallback
                0x08002ca4        0x4 ./Drivers/STM32F4xx_HAL_Driver/Src/stm32f4xx_hal_tim.o
                0x08002ca4                HAL_TIM_IC_CaptureCallback
 .text.HAL_TIM_PWM_PulseFinishedCallback
                0x08002ca8        0x4 ./Drivers/STM32F4xx_HAL_Driver/Src/stm32f4xx_hal_tim.o
                0x08002ca8                HAL_TIM_PWM_PulseFinishedCallback
 .text.HAL_TIM_TriggerCallback
                0x08002cac        0x4 ./Drivers/STM32F4xx_HAL_Driver/Src/stm32f4xx_hal_tim.o
                0x08002cac                HAL_TIM_TriggerCallback
 .text.HAL_TIM_IRQHandler
                0x08002cb0      0x138 ./Drivers/STM32F4xx_HAL_Driver/Src/stm32f4xx_hal_tim.o
                0x08002cb0                HAL_TIM_IRQHandler
 .text.HAL_TIMEx_MasterConfigSynchronization
                0x08002de8       0x70 ./Drivers/STM32F4xx_HAL_Driver/Src/stm32f4xx_hal_tim_ex.o
                0x08002de8                HAL_TIMEx_MasterConfigSynchronization
 .text.HAL_TIMEx_CommutCallback
                0x08002e58        0x4 ./Drivers/STM32F4xx_HAL_Driver/Src/stm32f4xx_hal_tim_ex.o
                0x08002e58                HAL_TIMEx_CommutCallback
 .text.HAL_TIMEx_BreakCallback
                0x08002e5c        0x4 ./Drivers/STM32F4xx_HAL_Driver/Src/stm32f4xx_hal_tim_ex.o
                0x08002e5c                HAL_TIMEx_BreakCallback
 .text.HAL_UART_Init
                0x08002e60      0x124 ./Drivers/STM32F4xx_HAL_Driver/Src/stm32f4xx_hal_uart.o
                0x08002e60                HAL_UART_Init
 .text.HAL_UART_Receive
                0x08002f84      0x1bc ./Drivers/STM32F4xx_HAL_Driver/Src/stm32f4xx_hal_uart.o
                0x08002f84                HAL_UART_Receive
 .text.HAL_UART_Receive_IT
                0x08003140       0x50 ./Drivers/STM32F4xx_HAL_Driver/Src/stm32f4xx_hal_uart.o
                0x08003140                HAL_UART_Receive_IT
 .text.HAL_UART_Transmit_DMA
                0x08003190       0x78 ./Drivers/STM32F4xx_HAL_Driver/Src/stm32f4xx_hal_uart.o
                0x08003190                HAL_UART_Transmit_DMA
 .text.HAL_UART_AbortTransmit
                0x08003208       0x6c ./Drivers/STM32F4xx_HAL_Driver/Src/stm32f4xx_hal_uart.o
                0x08003208                HAL_UART_AbortTransmit
 .text.UART_DMATransmitCplt
                0x08003274       0x4c ./Drivers/STM32F4xx_HAL_Driver/Src/stm32f4xx_hal_uart.o
 .text.HAL_UART_TxHalfCpltCallback
                0x080032c0        0x4 ./Drivers/STM32F4xx_HAL_Driver/Src/stm32f4xx_hal_uart.o
                0x080032c0                HAL_UART_TxHalfCpltCallback
 .text.UART_DMATxHalfCplt
                0x080032c4        0xc ./Drivers/STM32F4xx_HAL_Driver/Src/stm32f4xx_hal_uart.o
 .text.HAL_UART_ErrorCallback
                0x080032d0        0x4 ./Drivers/STM32F4xx_HAL_Driver/Src/stm32f4xx_hal_uart.o
                0x080032d0                HAL_UART_ErrorCallback
 .text.UART_DMAError
                0x080032d4       0xbc ./Drivers/STM32F4xx_HAL_Driver/Src/stm32f4xx_hal_uart.o
 .text.UART_DMAAbortOnError
                0x08003390       0x10 ./Drivers/STM32F4xx_HAL_Driver/Src/stm32f4xx_hal_uart.o
 .text.HAL_UARTEx_RxEventCallback
                0x080033a0        0x4 ./Drivers/STM32F4xx_HAL_Driver/Src/stm32f4xx_hal_uart.o
                0x080033a0                HAL_UARTEx_RxEventCallback
 .text.UART_Receive_IT.part.0.isra.0
                0x080033a4       0xc0 ./Drivers/STM32F4xx_HAL_Driver/Src/stm32f4xx_hal_uart.o
 .text.HAL_UART_IRQHandler
                0x08003464      0x364 ./Drivers/STM32F4xx_HAL_Driver/Src/stm32f4xx_hal_uart.o
                0x08003464                HAL_UART_IRQHandler
 .text.SysTick_Handler
                0x080037c8       0x1c ./Middlewares/Third_Party/FreeRTOS/Source/CMSIS_RTOS_V2/cmsis_os2.o
                0x080037c8                SysTick_Handler
 .text.osKernelInitialize
                0x080037e4       0x24 ./Middlewares/Third_Party/FreeRTOS/Source/CMSIS_RTOS_V2/cmsis_os2.o
                0x080037e4                osKernelInitialize
 .text.osKernelStart
                0x08003808       0x34 ./Middlewares/Third_Party/FreeRTOS/Source/CMSIS_RTOS_V2/cmsis_os2.o
                0x08003808                osKernelStart
 .text.osThreadNew
                0x0800383c       0x8c ./Middlewares/Third_Party/FreeRTOS/Source/CMSIS_RTOS_V2/cmsis_os2.o
                0x0800383c                osThreadNew
 .text.osThreadFlagsSet
                0x080038c8       0x78 ./Middlewares/Third_Party/FreeRTOS/Source/CMSIS_RTOS_V2/cmsis_os2.o
                0x080038c8                osThreadFlagsSet
 .text.osThreadFlagsWait
                0x08003940      0x108 ./Middlewares/Third_Party/FreeRTOS/Source/CMSIS_RTOS_V2/cmsis_os2.o
                0x08003940                osThreadFlagsWait
 .text.osDelay  0x08003a48       0x1c ./Middlewares/Third_Party/FreeRTOS/Source/CMSIS_RTOS_V2/cmsis_os2.o
                0x08003a48                osDelay
 .text.osMutexNew
                0x08003a64       0xa0 ./Middlewares/Third_Party/FreeRTOS/Source/CMSIS_RTOS_V2/cmsis_os2.o
                0x08003a64                osMutexNew
 .text.osMutexAcquire
                0x08003b04       0x48 ./Middlewares/Third_Party/FreeRTOS/Source/CMSIS_RTOS_V2/cmsis_os2.o
                0x08003b04                osMutexAcquire
 .text.osMutexRelease
                0x08003b4c       0x44 ./Middlewares/Third_Party/FreeRTOS/Source/CMSIS_RTOS_V2/cmsis_os2.o
                0x08003b4c                osMutexRelease
 .text.osSemaphoreNew
                0x08003b90       0xc0 ./Middlewares/Third_Party/FreeRTOS/Source/CMSIS_RTOS_V2/cmsis_os2.o
                0x08003b90                osSemaphoreNew
 .text.osSemaphoreAcquire
                0x08003c50       0x64 ./Middlewares/Third_Party/FreeRTOS/Source/CMSIS_RTOS_V2/cmsis_os2.o
                0x08003c50                osSemaphoreAcquire
 .text.osSemaphoreRelease
                0x08003cb4       0x54 ./Middlewares/Third_Party/FreeRTOS/Source/CMSIS_RTOS_V2/cmsis_os2.o
                0x08003cb4                osSemaphoreRelease
 .text.vApplicationGetIdleTaskMemory
                0x08003d08       0x1c ./Middlewares/Third_Party/FreeRTOS/Source/CMSIS_RTOS_V2/cmsis_os2.o
                0x08003d08                vApplicationGetIdleTaskMemory
 .text.vApplicationGetTimerTaskMemory
                0x08003d24       0x20 ./Middlewares/Third_Party/FreeRTOS/Source/CMSIS_RTOS_V2/cmsis_os2.o
                0x08003d24                vApplicationGetTimerTaskMemory
 .text.vListInitialise
                0x08003d44       0x18 ./Middlewares/Third_Party/FreeRTOS/Source/list.o
                0x08003d44                vListInitialise
 .text.vListInitialiseItem
                0x08003d5c        0x8 ./Middlewares/Third_Party/FreeRTOS/Source/list.o
                0x08003d5c                vListInitialiseItem
 .text.vListInsertEnd
                0x08003d64       0x1c ./Middlewares/Third_Party/FreeRTOS/Source/list.o
                0x08003d64                vListInsertEnd
 .text.vListInsert
                0x08003d80       0x30 ./Middlewares/Third_Party/FreeRTOS/Source/list.o
                0x08003d80                vListInsert
 .text.uxListRemove
                0x08003db0       0x28 ./Middlewares/Third_Party/FreeRTOS/Source/list.o
                0x08003db0                uxListRemove
 .text.prvCopyDataToQueue
                0x08003dd8       0x78 ./Middlewares/Third_Party/FreeRTOS/Source/queue.o
 .text.xQueueGenericCreateStatic
                0x08003e50       0xe0 ./Middlewares/Third_Party/FreeRTOS/Source/queue.o
                0x08003e50                xQueueGenericCreateStatic
 .text.xQueueGenericCreate
                0x08003f30       0x84 ./Middlewares/Third_Party/FreeRTOS/Source/queue.o
                0x08003f30                xQueueGenericCreate
 .text.xQueueCreateCountingSemaphoreStatic
                0x08003fb4       0xc0 ./Middlewares/Third_Party/FreeRTOS/Source/queue.o
                0x08003fb4                xQueueCreateCountingSemaphoreStatic
 .text.xQueueCreateCountingSemaphore
                0x08004074       0x8c ./Middlewares/Third_Party/FreeRTOS/Source/queue.o
                0x08004074                xQueueCreateCountingSemaphore
 .text.xQueueGenericSend
                0x08004100      0x300 ./Middlewares/Third_Party/FreeRTOS/Source/queue.o
                0x08004100                xQueueGenericSend
 .text.xQueueCreateMutexStatic
                0x08004400       0xa0 ./Middlewares/Third_Party/FreeRTOS/Source/queue.o
                0x08004400                xQueueCreateMutexStatic
 .text.xQueueGiveMutexRecursive
                0x080044a0       0x40 ./Middlewares/Third_Party/FreeRTOS/Source/queue.o
                0x080044a0                xQueueGiveMutexRecursive
 .text.xQueueCreateMutex
                0x080044e0       0x70 ./Middlewares/Third_Party/FreeRTOS/Source/queue.o
                0x080044e0                xQueueCreateMutex
 .text.xQueueGiveFromISR
                0x08004550       0xac ./Middlewares/Third_Party/FreeRTOS/Source/queue.o
                0x08004550                xQueueGiveFromISR
 .text.xQueueReceive
                0x080045fc      0x2fc ./Middlewares/Third_Party/FreeRTOS/Source/queue.o
                0x080045fc                xQueueReceive
 .text.xQueueSemaphoreTake
                0x080048f8      0x320 ./Middlewares/Third_Party/FreeRTOS/Source/queue.o
                0x080048f8                xQueueSemaphoreTake
 .text.xQueueTakeMutexRecursive
                0x08004c18       0x40 ./Middlewares/Third_Party/FreeRTOS/Source/queue.o
                0x08004c18                xQueueTakeMutexRecursive
 .text.xQueueReceiveFromISR
                0x08004c58       0xb4 ./Middlewares/Third_Party/FreeRTOS/Source/queue.o
                0x08004c58                xQueueReceiveFromISR
 *fill*         0x08004d0c        0x4 
 .text.vQueueDelete
                0x08004d10       0x8c ./Middlewares/Third_Party/FreeRTOS/Source/queue.o
                0x08004d10                vQueueDelete
 .text.vQueueAddToRegistry
                0x08004d9c       0x50 ./Middlewares/Third_Party/FreeRTOS/Source/queue.o
                0x08004d9c                vQueueAddToRegistry
 .text.vQueueWaitForMessageRestricted
                0x08004dec       0xc8 ./Middlewares/Third_Party/FreeRTOS/Source/queue.o
                0x08004dec                vQueueWaitForMessageRestricted
 .text.prvAddNewTaskToReadyList
                0x08004eb4      0x10c ./Middlewares/Third_Party/FreeRTOS/Source/tasks.o
 .text.prvInitialiseNewTask.constprop.0
                0x08004fc0      0x11c ./Middlewares/Third_Party/FreeRTOS/Source/tasks.o
 .text.prvIdleTask
                0x080050dc       0xa0 ./Middlewares/Third_Party/FreeRTOS/Source/tasks.o
 .text.xTaskIncrementTick.part.0
                0x0800517c      0x144 ./Middlewares/Third_Party/FreeRTOS/Source/tasks.o
 .text.xTaskResumeAll.part.0
                0x080052c0      0x138 ./Middlewares/Third_Party/FreeRTOS/Source/tasks.o
 .text.xTaskCreateStatic
                0x080053f8       0x74 ./Middlewares/Third_Party/FreeRTOS/Source/tasks.o
                0x080053f8                xTaskCreateStatic
 .text.xTaskCreate
                0x0800546c       0x60 ./Middlewares/Third_Party/FreeRTOS/Source/tasks.o
                0x0800546c                xTaskCreate
 .text.vTaskDelay
                0x080054cc       0xac ./Middlewares/Third_Party/FreeRTOS/Source/tasks.o
                0x080054cc                vTaskDelay
 .text.vTaskStartScheduler
                0x08005578       0xf8 ./Middlewares/Third_Party/FreeRTOS/Source/tasks.o
                0x08005578                vTaskStartScheduler
 .text.vTaskSuspendAll
                0x08005670       0x10 ./Middlewares/Third_Party/FreeRTOS/Source/tasks.o
                0x08005670                vTaskSuspendAll
 .text.xTaskResumeAll
                0x08005680       0x20 ./Middlewares/Third_Party/FreeRTOS/Source/tasks.o
                0x08005680                xTaskResumeAll
 .text.xTaskGetTickCount
                0x080056a0        0xc ./Middlewares/Third_Party/FreeRTOS/Source/tasks.o
                0x080056a0                xTaskGetTickCount
 .text.xTaskIncrementTick
                0x080056ac       0x20 ./Middlewares/Third_Party/FreeRTOS/Source/tasks.o
                0x080056ac                xTaskIncrementTick
 .text.vTaskSwitchContext
                0x080056cc       0x98 ./Middlewares/Third_Party/FreeRTOS/Source/tasks.o
                0x080056cc                vTaskSwitchContext
 .text.vTaskPlaceOnEventList
                0x08005764       0x88 ./Middlewares/Third_Party/FreeRTOS/Source/tasks.o
                0x08005764                vTaskPlaceOnEventList
 .text.vTaskPlaceOnEventListRestricted
                0x080057ec       0x94 ./Middlewares/Third_Party/FreeRTOS/Source/tasks.o
                0x080057ec                vTaskPlaceOnEventListRestricted
 .text.xTaskRemoveFromEventList
                0x08005880       0x88 ./Middlewares/Third_Party/FreeRTOS/Source/tasks.o
                0x08005880                xTaskRemoveFromEventList
 .text.vTaskInternalSetTimeOutState
                0x08005908       0x18 ./Middlewares/Third_Party/FreeRTOS/Source/tasks.o
                0x08005908                vTaskInternalSetTimeOutState
 .text.xTaskCheckForTimeOut
                0x08005920       0x84 ./Middlewares/Third_Party/FreeRTOS/Source/tasks.o
                0x08005920                xTaskCheckForTimeOut
 .text.vTaskMissedYield
                0x080059a4        0xc ./Middlewares/Third_Party/FreeRTOS/Source/tasks.o
                0x080059a4                vTaskMissedYield
 .text.xTaskGetCurrentTaskHandle
                0x080059b0        0xc ./Middlewares/Third_Party/FreeRTOS/Source/tasks.o
                0x080059b0                xTaskGetCurrentTaskHandle
 .text.xTaskGetSchedulerState
                0x080059bc       0x20 ./Middlewares/Third_Party/FreeRTOS/Source/tasks.o
                0x080059bc                xTaskGetSchedulerState
 .text.xTaskPriorityInherit
                0x080059dc       0x80 ./Middlewares/Third_Party/FreeRTOS/Source/tasks.o
                0x080059dc                xTaskPriorityInherit
 .text.xTaskPriorityDisinherit
                0x08005a5c       0x88 ./Middlewares/Third_Party/FreeRTOS/Source/tasks.o
                0x08005a5c                xTaskPriorityDisinherit
 .text.vTaskPriorityDisinheritAfterTimeout
                0x08005ae4       0xa0 ./Middlewares/Third_Party/FreeRTOS/Source/tasks.o
                0x08005ae4                vTaskPriorityDisinheritAfterTimeout
 .text.pvTaskIncrementMutexHeldCount
                0x08005b84       0x18 ./Middlewares/Third_Party/FreeRTOS/Source/tasks.o
                0x08005b84                pvTaskIncrementMutexHeldCount
 .text.ulTaskNotifyTake
                0x08005b9c       0xc8 ./Middlewares/Third_Party/FreeRTOS/Source/tasks.o
                0x08005b9c                ulTaskNotifyTake
 .text.xTaskNotifyWait
                0x08005c64       0xec ./Middlewares/Third_Party/FreeRTOS/Source/tasks.o
                0x08005c64                xTaskNotifyWait
 .text.xTaskGenericNotify
                0x08005d50       0xf8 ./Middlewares/Third_Party/FreeRTOS/Source/tasks.o
                0x08005d50                xTaskGenericNotify
 .text.xTaskGenericNotifyFromISR
                0x08005e48      0x128 ./Middlewares/Third_Party/FreeRTOS/Source/tasks.o
                0x08005e48                xTaskGenericNotifyFromISR
 .text.vTaskNotifyGiveFromISR
                0x08005f70       0xd0 ./Middlewares/Third_Party/FreeRTOS/Source/tasks.o
                0x08005f70                vTaskNotifyGiveFromISR
 .text.prvSwitchTimerLists
                0x08006040       0x98 ./Middlewares/Third_Party/FreeRTOS/Source/timers.o
 .text.prvTimerTask
                0x080060d8      0x270 ./Middlewares/Third_Party/FreeRTOS/Source/timers.o
 .text.xTimerCreateTimerTask
                0x08006348       0xbc ./Middlewares/Third_Party/FreeRTOS/Source/timers.o
                0x08006348                xTimerCreateTimerTask
 .text.prvPortStartFirstTask
                0x08006404       0x28 ./Middlewares/Third_Party/FreeRTOS/Source/portable/GCC/ARM_CM4F/port.o
 .text.vPortEnableVFP
                0x0800642c       0x14 ./Middlewares/Third_Party/FreeRTOS/Source/portable/GCC/ARM_CM4F/port.o
 .text.prvTaskExitError
                0x08006440       0x40 ./Middlewares/Third_Party/FreeRTOS/Source/portable/GCC/ARM_CM4F/port.o
 .text.pxPortInitialiseStack
                0x08006480       0x28 ./Middlewares/Third_Party/FreeRTOS/Source/portable/GCC/ARM_CM4F/port.o
                0x08006480                pxPortInitialiseStack
 *fill*         0x080064a8        0x8 
 .text.SVC_Handler
                0x080064b0       0x24 ./Middlewares/Third_Party/FreeRTOS/Source/portable/GCC/ARM_CM4F/port.o
                0x080064b0                SVC_Handler
 .text.vPortEnterCritical
                0x080064d4       0x44 ./Middlewares/Third_Party/FreeRTOS/Source/portable/GCC/ARM_CM4F/port.o
                0x080064d4                vPortEnterCritical
 .text.vPortExitCritical
                0x08006518       0x28 ./Middlewares/Third_Party/FreeRTOS/Source/portable/GCC/ARM_CM4F/port.o
                0x08006518                vPortExitCritical
 .text.PendSV_Handler
                0x08006540       0x64 ./Middlewares/Third_Party/FreeRTOS/Source/portable/GCC/ARM_CM4F/port.o
                0x08006540                PendSV_Handler
 .text.xPortSysTickHandler
                0x080065a4       0x2c ./Middlewares/Third_Party/FreeRTOS/Source/portable/GCC/ARM_CM4F/port.o
                0x080065a4                xPortSysTickHandler
 .text.vPortSetupTimerInterrupt
                0x080065d0       0x28 ./Middlewares/Third_Party/FreeRTOS/Source/portable/GCC/ARM_CM4F/port.o
                0x080065d0                vPortSetupTimerInterrupt
 .text.xPortStartScheduler
                0x080065f8      0x140 ./Middlewares/Third_Party/FreeRTOS/Source/portable/GCC/ARM_CM4F/port.o
                0x080065f8                xPortStartScheduler
 .text.vPortValidateInterruptPriority
                0x08006738       0x5c ./Middlewares/Third_Party/FreeRTOS/Source/portable/GCC/ARM_CM4F/port.o
                0x08006738                vPortValidateInterruptPriority
 .text.pvPortMalloc
                0x08006794      0x17c ./Middlewares/Third_Party/FreeRTOS/Source/portable/MemMang/heap_4.o
                0x08006794                pvPortMalloc
 .text.vPortFree
                0x08006910       0xd4 ./Middlewares/Third_Party/FreeRTOS/Source/portable/MemMang/heap_4.o
                0x08006910                vPortFree
 .text.memset   0x080069e4       0x10 C:/ST/STM32CubeIDE_1.10.1/STM32CubeIDE/plugins/com.st.stm32cube.ide.mcu.externaltools.gnu-tools-for-stm32.13.3.rel1.win32_1.0.0.202411081344/tools/bin/../lib/gcc/arm-none-eabi/13.3.1/../../../../arm-none-eabi/lib/thumb/v7e-m+fp/hard\libc_nano.a(libc_a-memset.o)
                0x080069e4                memset
 .text._reclaim_reent
                0x080069f4       0xbc C:/ST/STM32CubeIDE_1.10.1/STM32CubeIDE/plugins/com.st.stm32cube.ide.mcu.externaltools.gnu-tools-for-stm32.13.3.rel1.win32_1.0.0.202411081344/tools/bin/../lib/gcc/arm-none-eabi/13.3.1/../../../../arm-none-eabi/lib/thumb/v7e-m+fp/hard\libc_nano.a(libc_a-reent.o)
                0x080069f4                _reclaim_reent
 .text.__libc_init_array
                0x08006ab0       0x48 C:/ST/STM32CubeIDE_1.10.1/STM32CubeIDE/plugins/com.st.stm32cube.ide.mcu.externaltools.gnu-tools-for-stm32.13.3.rel1.win32_1.0.0.202411081344/tools/bin/../lib/gcc/arm-none-eabi/13.3.1/../../../../arm-none-eabi/lib/thumb/v7e-m+fp/hard\libc_nano.a(libc_a-init.o)
                0x08006ab0                __libc_init_array
 .text.__retarget_lock_acquire_recursive
                0x08006af8        0x2 C:/ST/STM32CubeIDE_1.10.1/STM32CubeIDE/plugins/com.st.stm32cube.ide.mcu.externaltools.gnu-tools-for-stm32.13.3.rel1.win32_1.0.0.202411081344/tools/bin/../lib/gcc/arm-none-eabi/13.3.1/../../../../arm-none-eabi/lib/thumb/v7e-m+fp/hard\libc_nano.a(libc_a-lock.o)
                0x08006af8                __retarget_lock_acquire_recursive
 .text.__retarget_lock_release_recursive
                0x08006afa        0x2 C:/ST/STM32CubeIDE_1.10.1/STM32CubeIDE/plugins/com.st.stm32cube.ide.mcu.externaltools.gnu-tools-for-stm32.13.3.rel1.win32_1.0.0.202411081344/tools/bin/../lib/gcc/arm-none-eabi/13.3.1/../../../../arm-none-eabi/lib/thumb/v7e-m+fp/hard\libc_nano.a(libc_a-lock.o)
                0x08006afa                __retarget_lock_release_recursive
 .text.memcpy   0x08006afc       0x1c C:/ST/STM32CubeIDE_1.10.1/STM32CubeIDE/plugins/com.st.stm32cube.ide.mcu.externaltools.gnu-tools-for-stm32.13.3.rel1.win32_1.0.0.202411081344/tools/bin/../lib/gcc/arm-none-eabi/13.3.1/../../../../arm-none-eabi/lib/thumb/v7e-m+fp/hard\libc_nano.a(libc_a-memcpy-stub.o)
                0x08006afc                memcpy
 .text._free_r  0x08006b18       0x94 C:/ST/STM32CubeIDE_1.10.1/STM32CubeIDE/plugins/com.st.stm32cube.ide.mcu.externaltools.gnu-tools-for-stm32.13.3.rel1.win32_1.0.0.202411081344/tools/bin/../lib/gcc/arm-none-eabi/13.3.1/../../../../arm-none-eabi/lib/thumb/v7e-m+fp/hard\libc_nano.a(libc_a-freer.o)
                0x08006b18                _free_r
 .text.__malloc_lock
                0x08006bac        0xc C:/ST/STM32CubeIDE_1.10.1/STM32CubeIDE/plugins/com.st.stm32cube.ide.mcu.externaltools.gnu-tools-for-stm32.13.3.rel1.win32_1.0.0.202411081344/tools/bin/../lib/gcc/arm-none-eabi/13.3.1/../../../../arm-none-eabi/lib/thumb/v7e-m+fp/hard\libc_nano.a(libc_a-mlock.o)
                0x08006bac                __malloc_lock
 .text.__malloc_unlock
                0x08006bb8        0xc C:/ST/STM32CubeIDE_1.10.1/STM32CubeIDE/plugins/com.st.stm32cube.ide.mcu.externaltools.gnu-tools-for-stm32.13.3.rel1.win32_1.0.0.202411081344/tools/bin/../lib/gcc/arm-none-eabi/13.3.1/../../../../arm-none-eabi/lib/thumb/v7e-m+fp/hard\libc_nano.a(libc_a-mlock.o)
                0x08006bb8                __malloc_unlock
 *(.glue_7)
 .glue_7        0x08006bc4        0x0 linker stubs
 *(.glue_7t)
 .glue_7t       0x08006bc4        0x0 linker stubs
 *(.eh_frame)
 .eh_frame      0x08006bc4        0x0 C:/ST/STM32CubeIDE_1.10.1/STM32CubeIDE/plugins/com.st.stm32cube.ide.mcu.externaltools.gnu-tools-for-stm32.13.3.rel1.win32_1.0.0.202411081344/tools/bin/../lib/gcc/arm-none-eabi/13.3.1/thumb/v7e-m+fp/hard/crtbegin.o
 *(.init)
 .init          0x08006bc4        0x4 C:/ST/STM32CubeIDE_1.10.1/STM32CubeIDE/plugins/com.st.stm32cube.ide.mcu.externaltools.gnu-tools-for-stm32.13.3.rel1.win32_1.0.0.202411081344/tools/bin/../lib/gcc/arm-none-eabi/13.3.1/thumb/v7e-m+fp/hard/crti.o
                0x08006bc4                _init
 .init          0x08006bc8        0x8 C:/ST/STM32CubeIDE_1.10.1/STM32CubeIDE/plugins/com.st.stm32cube.ide.mcu.externaltools.gnu-tools-for-stm32.13.3.rel1.win32_1.0.0.202411081344/tools/bin/../lib/gcc/arm-none-eabi/13.3.1/thumb/v7e-m+fp/hard/crtn.o
 *(.fini)
 .fini          0x08006bd0        0x4 C:/ST/STM32CubeIDE_1.10.1/STM32CubeIDE/plugins/com.st.stm32cube.ide.mcu.externaltools.gnu-tools-for-stm32.13.3.rel1.win32_1.0.0.202411081344/tools/bin/../lib/gcc/arm-none-eabi/13.3.1/thumb/v7e-m+fp/hard/crti.o
                0x08006bd0                _fini
 .fini          0x08006bd4        0x8 C:/ST/STM32CubeIDE_1.10.1/STM32CubeIDE/plugins/com.st.stm32cube.ide.mcu.externaltools.gnu-tools-for-stm32.13.3.rel1.win32_1.0.0.202411081344/tools/bin/../lib/gcc/arm-none-eabi/13.3.1/thumb/v7e-m+fp/hard/crtn.o
                0x08006bdc                        . = ALIGN (0x4)
                0x08006bdc                        _etext = .

.vfp11_veneer   0x08006bdc        0x0
 .vfp11_veneer  0x08006bdc        0x0 linker stubs

.v4_bx          0x08006bdc        0x0
 .v4_bx         0x08006bdc        0x0 linker stubs

.iplt           0x08006bdc        0x0
 .iplt          0x08006bdc        0x0 C:/ST/STM32CubeIDE_1.10.1/STM32CubeIDE/plugins/com.st.stm32cube.ide.mcu.externaltools.gnu-tools-for-stm32.13.3.rel1.win32_1.0.0.202411081344/tools/bin/../lib/gcc/arm-none-eabi/13.3.1/thumb/v7e-m+fp/hard/crtbegin.o

.rodata         0x08006bdc      0x180
                0x08006bdc                        . = ALIGN (0x4)
 *(.rodata)
 *(.rodata*)
 .rodata.str1.4
                0x08006bdc       0x7c ./Core/Src/main.o
                                 0x5e (size before relaxing)
 .rodata.Uart1TxSem_attributes
                0x08006c58       0x10 ./Core/Src/main.o
                0x08006c58                Uart1TxSem_attributes
 .rodata.Uart6TxSem_attributes
                0x08006c68       0x10 ./Core/Src/main.o
                0x08006c68                Uart6TxSem_attributes
 .rodata.SIgnalMutex_attributes
                0x08006c78       0x10 ./Core/Src/main.o
                0x08006c78                SIgnalMutex_attributes
 .rodata.TaskHALT_attributes
                0x08006c88       0x24 ./Core/Src/main.o
                0x08006c88                TaskHALT_attributes
 .rodata.TaskSYNC_attributes
                0x08006cac       0x24 ./Core/Src/main.o
                0x08006cac                TaskSYNC_attributes
 .rodata.TaskReadDs_attributes
                0x08006cd0       0x24 ./Core/Src/main.o
                0x08006cd0                TaskReadDs_attributes
 .rodata.TaskUART6_attributes
                0x08006cf4       0x24 ./Core/Src/main.o
                0x08006cf4                TaskUART6_attributes
 .rodata.TaskUART1_attributes
                0x08006d18       0x24 ./Core/Src/main.o
                0x08006d18                TaskUART1_attributes
 .rodata.APBPrescTable
                0x08006d3c        0x8 ./Core/Src/system_stm32f4xx.o
                0x08006d3c                APBPrescTable
 .rodata.AHBPrescTable
                0x08006d44       0x10 ./Core/Src/system_stm32f4xx.o
                0x08006d44                AHBPrescTable
 .rodata.flagBitshiftOffset.0
                0x08006d54        0x8 ./Drivers/STM32F4xx_HAL_Driver/Src/stm32f4xx_hal_dma.o
 .rodata.vTaskStartScheduler.str1.4
                0x08006d5c        0x5 ./Middlewares/Third_Party/FreeRTOS/Source/tasks.o
 .rodata.xTimerCreateTimerTask.str1.4
                0x08006d5c       0x10 ./Middlewares/Third_Party/FreeRTOS/Source/timers.o
                0x08006d6c                        . = ALIGN (0x4)

.ARM.extab
 *(.ARM.extab* .gnu.linkonce.armextab.*)

.ARM            0x08006d5c        0x8
                0x08006d5c                        __exidx_start = .
 *(.ARM.exidx*)
 .ARM.exidx     0x08006d5c        0x8 C:/ST/STM32CubeIDE_1.10.1/STM32CubeIDE/plugins/com.st.stm32cube.ide.mcu.externaltools.gnu-tools-for-stm32.13.3.rel1.win32_1.0.0.202411081344/tools/bin/../lib/gcc/arm-none-eabi/13.3.1/thumb/v7e-m+fp/hard\libgcc.a(_udivmoddi4.o)
                0x08006d64                        __exidx_end = .

.rel.dyn        0x08006d64        0x0
 .rel.iplt      0x08006d64        0x0 C:/ST/STM32CubeIDE_1.10.1/STM32CubeIDE/plugins/com.st.stm32cube.ide.mcu.externaltools.gnu-tools-for-stm32.13.3.rel1.win32_1.0.0.202411081344/tools/bin/../lib/gcc/arm-none-eabi/13.3.1/thumb/v7e-m+fp/hard/crtbegin.o

.preinit_array  0x08006d64        0x0
                0x08006d64                        PROVIDE (__preinit_array_start = .)
 *(.preinit_array*)
                0x08006d64                        PROVIDE (__preinit_array_end = .)

.init_array     0x08006d64        0x4
                0x08006d64                        PROVIDE (__init_array_start = .)
 *(SORT_BY_NAME(.init_array.*))
 *(.init_array*)
 .init_array    0x08006d64        0x4 C:/ST/STM32CubeIDE_1.10.1/STM32CubeIDE/plugins/com.st.stm32cube.ide.mcu.externaltools.gnu-tools-for-stm32.13.3.rel1.win32_1.0.0.202411081344/tools/bin/../lib/gcc/arm-none-eabi/13.3.1/thumb/v7e-m+fp/hard/crtbegin.o
                0x08006d68                        PROVIDE (__init_array_end = .)

.fini_array     0x08006d68        0x4
                [!provide]                        PROVIDE (__fini_array_start = .)
 *(SORT_BY_NAME(.fini_array.*))
 *(.fini_array*)
 .fini_array    0x08006d68        0x4 C:/ST/STM32CubeIDE_1.10.1/STM32CubeIDE/plugins/com.st.stm32cube.ide.mcu.externaltools.gnu-tools-for-stm32.13.3.rel1.win32_1.0.0.202411081344/tools/bin/../lib/gcc/arm-none-eabi/13.3.1/thumb/v7e-m+fp/hard/crtbegin.o
                [!provide]                        PROVIDE (__fini_array_end = .)
                0x08006d6c                        _sidata = LOADADDR (.data)

.data           0x20000000       0x60 load address 0x08006d6c
                0x20000000                        . = ALIGN (0x4)
                0x20000000                        _sdata = .
 *(.data)
 *(.data*)
 .data.SystemCoreClock
                0x20000000        0x4 ./Core/Src/system_stm32f4xx.o
                0x20000000                SystemCoreClock
 .data.uwTickFreq
                0x20000004        0x1 ./Drivers/STM32F4xx_HAL_Driver/Src/stm32f4xx_hal.o
                0x20000004                uwTickFreq
 *fill*         0x20000005        0x3 
 .data.uwTickPrio
                0x20000008        0x4 ./Drivers/STM32F4xx_HAL_Driver/Src/stm32f4xx_hal.o
                0x20000008                uwTickPrio
 .data.uxCriticalNesting
                0x2000000c        0x4 ./Middlewares/Third_Party/FreeRTOS/Source/portable/GCC/ARM_CM4F/port.o
 .data._impure_ptr
                0x20000010        0x4 C:/ST/STM32CubeIDE_1.10.1/STM32CubeIDE/plugins/com.st.stm32cube.ide.mcu.externaltools.gnu-tools-for-stm32.13.3.rel1.win32_1.0.0.202411081344/tools/bin/../lib/gcc/arm-none-eabi/13.3.1/../../../../arm-none-eabi/lib/thumb/v7e-m+fp/hard\libc_nano.a(libc_a-impure.o)
                0x20000010                _impure_ptr
 .data._impure_data
                0x20000014       0x4c C:/ST/STM32CubeIDE_1.10.1/STM32CubeIDE/plugins/com.st.stm32cube.ide.mcu.externaltools.gnu-tools-for-stm32.13.3.rel1.win32_1.0.0.202411081344/tools/bin/../lib/gcc/arm-none-eabi/13.3.1/../../../../arm-none-eabi/lib/thumb/v7e-m+fp/hard\libc_nano.a(libc_a-impure.o)
                0x20000014                _impure_data
                0x20000060                        . = ALIGN (0x4)
                0x20000060                        _edata = .

.igot.plt       0x20000060        0x0 load address 0x08006dcc
 .igot.plt      0x20000060        0x0 C:/ST/STM32CubeIDE_1.10.1/STM32CubeIDE/plugins/com.st.stm32cube.ide.mcu.externaltools.gnu-tools-for-stm32.13.3.rel1.win32_1.0.0.202411081344/tools/bin/../lib/gcc/arm-none-eabi/13.3.1/thumb/v7e-m+fp/hard/crtbegin.o
                0x20000060                        . = ALIGN (0x4)

.bss            0x20000060     0x5038 load address 0x08006dcc
                0x20000060                        _sbss = .
                0x20000060                        __bss_start__ = _sbss
 *(.bss)
 .bss           0x20000060       0x1c C:/ST/STM32CubeIDE_1.10.1/STM32CubeIDE/plugins/com.st.stm32cube.ide.mcu.externaltools.gnu-tools-for-stm32.13.3.rel1.win32_1.0.0.202411081344/tools/bin/../lib/gcc/arm-none-eabi/13.3.1/thumb/v7e-m+fp/hard/crtbegin.o
 *(.bss*)
 .bss.eTask2State
                0x2000007c        0x1 ./Core/Src/Globals.o
                0x2000007c                eTask2State
 .bss.eTask1State
                0x2000007d        0x1 ./Core/Src/Globals.o
                0x2000007d                eTask1State
 .bss.eReturnCodeState
                0x2000007e        0x1 ./Core/Src/Globals.o
                0x2000007e                eReturnCodeState
 *fill*         0x2000007f        0x1 
 .bss.au8TxBufCmm
                0x20000080       0x1f ./Core/Src/Globals.o
                0x20000080                au8TxBufCmm
 *fill*         0x2000009f        0x1 
 .bss.au8RxBufCmm
                0x200000a0       0x1f ./Core/Src/Globals.o
                0x200000a0                au8RxBufCmm
 *fill*         0x200000bf        0x1 
 .bss.au8TxBufEph
                0x200000c0       0x1f ./Core/Src/Globals.o
                0x200000c0                au8TxBufEph
 *fill*         0x200000df        0x1 
 .bss.au8RxBufEph
                0x200000e0       0x1f ./Core/Src/Globals.o
                0x200000e0                au8RxBufEph
 *fill*         0x200000ff        0x1 
 .bss.au8TxBufAcs
                0x20000100       0x1f ./Core/Src/Globals.o
                0x20000100                au8TxBufAcs
 *fill*         0x2000011f        0x1 
 .bss.au8RxBufAcs
                0x20000120       0x1f ./Core/Src/Globals.o
                0x20000120                au8RxBufAcs
 *fill*         0x2000013f        0x1 
 .bss.u161MilliSecondCounter
                0x20000140        0x2 ./Core/Src/Globals.o
                0x20000140                u161MilliSecondCounter
 .bss.u8IsInTp20Measurement
                0x20000142        0x1 ./Core/Src/Globals.o
                0x20000142                u8IsInTp20Measurement
 .bss.u8IsFirstSnycArrived
                0x20000143        0x1 ./Core/Src/Globals.o
                0x20000143                u8IsFirstSnycArrived
 .bss.u8IsFirstHaltArrived
                0x20000144        0x1 ./Core/Src/Globals.o
                0x20000144                u8IsFirstHaltArrived
 .bss.gpPpoffStatus
                0x20000145        0x1 ./Core/Src/Globals.o
                0x20000145                gpPpoffStatus
 .bss.gpPdumpStatus
                0x20000146        0x1 ./Core/Src/Globals.o
                0x20000146                gpPdumpStatus
 .bss.u8ParsingDone
                0x20000147        0x1 ./Core/Src/Globals.o
                0x20000147                u8ParsingDone
 .bss.u8ReadIdxAcs
                0x20000148        0x1 ./Core/Src/Globals.o
                0x20000148                u8ReadIdxAcs
 .bss.u8ReadIdxCmm
                0x20000149        0x1 ./Core/Src/Globals.o
                0x20000149                u8ReadIdxCmm
 .bss.u8Tp20ErrorDetect
                0x2000014a        0x1 ./Core/Src/Globals.o
                0x2000014a                u8Tp20ErrorDetect
 .bss.u8DipSwitchesStatus
                0x2000014b        0x1 ./Core/Src/Globals.o
                0x2000014b                u8DipSwitchesStatus
 .bss.sLedError
                0x2000014c       0x2a ./Core/Src/Globals.o
                0x2000014c                sLedError
 *fill*         0x20000176        0x2 
 .bss.sDipSwitchesPin
                0x20000178       0x48 ./Core/Src/Globals.o
                0x20000178                sDipSwitchesPin
 .bss.sPowerPin
                0x200001c0       0x36 ./Core/Src/Globals.o
                0x200001c0                sPowerPin
 .bss.u8XoffFlag
                0x200001f6        0x1 ./Core/Src/communication.o
 *fill*         0x200001f7        0x1 
 .bss.Uart1TxSemHandle
                0x200001f8        0x4 ./Core/Src/main.o
                0x200001f8                Uart1TxSemHandle
 .bss.Uart6TxSemHandle
                0x200001fc        0x4 ./Core/Src/main.o
                0x200001fc                Uart6TxSemHandle
 .bss.SIgnalMutexHandle
                0x20000200        0x4 ./Core/Src/main.o
                0x20000200                SIgnalMutexHandle
 .bss.TaskHALTHandle
                0x20000204        0x4 ./Core/Src/main.o
                0x20000204                TaskHALTHandle
 .bss.TaskSYNCHandle
                0x20000208        0x4 ./Core/Src/main.o
                0x20000208                TaskSYNCHandle
 .bss.TaskReadDsHandle
                0x2000020c        0x4 ./Core/Src/main.o
                0x2000020c                TaskReadDsHandle
 .bss.TaskUART6Handle
                0x20000210        0x4 ./Core/Src/main.o
                0x20000210                TaskUART6Handle
 .bss.TaskUART1Handle
                0x20000214        0x4 ./Core/Src/main.o
                0x20000214                TaskUART1Handle
 .bss.hdma_usart6_tx
                0x20000218       0x60 ./Core/Src/main.o
                0x20000218                hdma_usart6_tx
 .bss.hdma_usart1_tx
                0x20000278       0x60 ./Core/Src/main.o
                0x20000278                hdma_usart1_tx
 .bss.huart6    0x200002d8       0x48 ./Core/Src/main.o
                0x200002d8                huart6
 .bss.huart2    0x20000320       0x48 ./Core/Src/main.o
                0x20000320                huart2
 .bss.huart1    0x20000368       0x48 ./Core/Src/main.o
                0x20000368                huart1
 .bss.htim11    0x200003b0       0x48 ./Core/Src/main.o
                0x200003b0                htim11
 .bss.htim10    0x200003f8       0x48 ./Core/Src/main.o
                0x200003f8                htim10
 .bss.htim9     0x20000440       0x48 ./Core/Src/main.o
                0x20000440                htim9
 .bss.htim5     0x20000488       0x48 ./Core/Src/main.o
                0x20000488                htim5
 .bss.hspi2     0x200004d0       0x58 ./Core/Src/main.o
                0x200004d0                hspi2
 .bss.htim2     0x20000528       0x48 ./Core/Src/stm32f4xx_hal_timebase_tim.o
                0x20000528                htim2
 .bss.uwTick    0x20000570        0x4 ./Drivers/STM32F4xx_HAL_Driver/Src/stm32f4xx_hal.o
                0x20000570                uwTick
 .bss.Timer_Stack.0
                0x20000574      0x400 ./Middlewares/Third_Party/FreeRTOS/Source/CMSIS_RTOS_V2/cmsis_os2.o
 .bss.Timer_TCB.1
                0x20000974       0xa8 ./Middlewares/Third_Party/FreeRTOS/Source/CMSIS_RTOS_V2/cmsis_os2.o
 .bss.Idle_Stack.2
                0x20000a1c      0x200 ./Middlewares/Third_Party/FreeRTOS/Source/CMSIS_RTOS_V2/cmsis_os2.o
 .bss.Idle_TCB.3
                0x20000c1c       0xa8 ./Middlewares/Third_Party/FreeRTOS/Source/CMSIS_RTOS_V2/cmsis_os2.o
 .bss.KernelState
                0x20000cc4        0x4 ./Middlewares/Third_Party/FreeRTOS/Source/CMSIS_RTOS_V2/cmsis_os2.o
 .bss.xQueueRegistry
                0x20000cc8       0x40 ./Middlewares/Third_Party/FreeRTOS/Source/queue.o
                0x20000cc8                xQueueRegistry
 .bss.uxSchedulerSuspended
                0x20000d08        0x4 ./Middlewares/Third_Party/FreeRTOS/Source/tasks.o
 .bss.xNextTaskUnblockTime
                0x20000d0c        0x4 ./Middlewares/Third_Party/FreeRTOS/Source/tasks.o
 .bss.uxTaskNumber
                0x20000d10        0x4 ./Middlewares/Third_Party/FreeRTOS/Source/tasks.o
 .bss.xNumOfOverflows
                0x20000d14        0x4 ./Middlewares/Third_Party/FreeRTOS/Source/tasks.o
 .bss.xYieldPending
                0x20000d18        0x4 ./Middlewares/Third_Party/FreeRTOS/Source/tasks.o
 .bss.xPendedTicks
                0x20000d1c        0x4 ./Middlewares/Third_Party/FreeRTOS/Source/tasks.o
 .bss.xSchedulerRunning
                0x20000d20        0x4 ./Middlewares/Third_Party/FreeRTOS/Source/tasks.o
 .bss.uxTopReadyPriority
                0x20000d24        0x4 ./Middlewares/Third_Party/FreeRTOS/Source/tasks.o
 .bss.xTickCount
                0x20000d28        0x4 ./Middlewares/Third_Party/FreeRTOS/Source/tasks.o
 .bss.uxCurrentNumberOfTasks
                0x20000d2c        0x4 ./Middlewares/Third_Party/FreeRTOS/Source/tasks.o
 .bss.xSuspendedTaskList
                0x20000d30       0x14 ./Middlewares/Third_Party/FreeRTOS/Source/tasks.o
 .bss.uxDeletedTasksWaitingCleanUp
                0x20000d44        0x4 ./Middlewares/Third_Party/FreeRTOS/Source/tasks.o
 .bss.xTasksWaitingTermination
                0x20000d48       0x14 ./Middlewares/Third_Party/FreeRTOS/Source/tasks.o
 .bss.xPendingReadyList
                0x20000d5c       0x14 ./Middlewares/Third_Party/FreeRTOS/Source/tasks.o
 .bss.pxOverflowDelayedTaskList
                0x20000d70        0x4 ./Middlewares/Third_Party/FreeRTOS/Source/tasks.o
 .bss.pxDelayedTaskList
                0x20000d74        0x4 ./Middlewares/Third_Party/FreeRTOS/Source/tasks.o
 .bss.xDelayedTaskList2
                0x20000d78       0x14 ./Middlewares/Third_Party/FreeRTOS/Source/tasks.o
 .bss.xDelayedTaskList1
                0x20000d8c       0x14 ./Middlewares/Third_Party/FreeRTOS/Source/tasks.o
 .bss.pxReadyTasksLists
                0x20000da0      0x460 ./Middlewares/Third_Party/FreeRTOS/Source/tasks.o
 .bss.pxCurrentTCB
                0x20001200        0x4 ./Middlewares/Third_Party/FreeRTOS/Source/tasks.o
                0x20001200                pxCurrentTCB
 .bss.xStaticTimerQueue.0
                0x20001204       0x50 ./Middlewares/Third_Party/FreeRTOS/Source/timers.o
 .bss.ucStaticTimerQueueStorage.1
                0x20001254       0xa0 ./Middlewares/Third_Party/FreeRTOS/Source/timers.o
 .bss.xLastTime.2
                0x200012f4        0x4 ./Middlewares/Third_Party/FreeRTOS/Source/timers.o
 .bss.xTimerTaskHandle
                0x200012f8        0x4 ./Middlewares/Third_Party/FreeRTOS/Source/timers.o
 .bss.xTimerQueue
                0x200012fc        0x4 ./Middlewares/Third_Party/FreeRTOS/Source/timers.o
 .bss.pxOverflowTimerList
                0x20001300        0x4 ./Middlewares/Third_Party/FreeRTOS/Source/timers.o
 .bss.pxCurrentTimerList
                0x20001304        0x4 ./Middlewares/Third_Party/FreeRTOS/Source/timers.o
 .bss.xActiveTimerList2
                0x20001308       0x14 ./Middlewares/Third_Party/FreeRTOS/Source/timers.o
 .bss.xActiveTimerList1
                0x2000131c       0x14 ./Middlewares/Third_Party/FreeRTOS/Source/timers.o
 .bss.ulMaxPRIGROUPValue
                0x20001330        0x4 ./Middlewares/Third_Party/FreeRTOS/Source/portable/GCC/ARM_CM4F/port.o
 .bss.ucMaxSysCallPriority
                0x20001334        0x1 ./Middlewares/Third_Party/FreeRTOS/Source/portable/GCC/ARM_CM4F/port.o
 *fill*         0x20001335        0x3 
 .bss.xBlockAllocatedBit
                0x20001338        0x4 ./Middlewares/Third_Party/FreeRTOS/Source/portable/MemMang/heap_4.o
 .bss.xNumberOfSuccessfulFrees
                0x2000133c        0x4 ./Middlewares/Third_Party/FreeRTOS/Source/portable/MemMang/heap_4.o
 .bss.xNumberOfSuccessfulAllocations
                0x20001340        0x4 ./Middlewares/Third_Party/FreeRTOS/Source/portable/MemMang/heap_4.o
 .bss.xMinimumEverFreeBytesRemaining
                0x20001344        0x4 ./Middlewares/Third_Party/FreeRTOS/Source/portable/MemMang/heap_4.o
 .bss.xFreeBytesRemaining
                0x20001348        0x4 ./Middlewares/Third_Party/FreeRTOS/Source/portable/MemMang/heap_4.o
 .bss.pxEnd     0x2000134c        0x4 ./Middlewares/Third_Party/FreeRTOS/Source/portable/MemMang/heap_4.o
 .bss.xStart    0x20001350        0x8 ./Middlewares/Third_Party/FreeRTOS/Source/portable/MemMang/heap_4.o
 .bss.ucHeap    0x20001358     0x3c00 ./Middlewares/Third_Party/FreeRTOS/Source/portable/MemMang/heap_4.o
 .bss.__sf      0x20004f58      0x138 C:/ST/STM32CubeIDE_1.10.1/STM32CubeIDE/plugins/com.st.stm32cube.ide.mcu.externaltools.gnu-tools-for-stm32.13.3.rel1.win32_1.0.0.202411081344/tools/bin/../lib/gcc/arm-none-eabi/13.3.1/../../../../arm-none-eabi/lib/thumb/v7e-m+fp/hard\libc_nano.a(libc_a-findfp.o)
                0x20004f58                __sf
 .bss.__lock___malloc_recursive_mutex
                0x20005090        0x1 C:/ST/STM32CubeIDE_1.10.1/STM32CubeIDE/plugins/com.st.stm32cube.ide.mcu.externaltools.gnu-tools-for-stm32.13.3.rel1.win32_1.0.0.202411081344/tools/bin/../lib/gcc/arm-none-eabi/13.3.1/../../../../arm-none-eabi/lib/thumb/v7e-m+fp/hard\libc_nano.a(libc_a-lock.o)
                0x20005090                __lock___malloc_recursive_mutex
 *fill*         0x20005091        0x3 
 .bss.__malloc_free_list
                0x20005094        0x4 C:/ST/STM32CubeIDE_1.10.1/STM32CubeIDE/plugins/com.st.stm32cube.ide.mcu.externaltools.gnu-tools-for-stm32.13.3.rel1.win32_1.0.0.202411081344/tools/bin/../lib/gcc/arm-none-eabi/13.3.1/../../../../arm-none-eabi/lib/thumb/v7e-m+fp/hard\libc_nano.a(libc_a-mallocr.o)
                0x20005094                __malloc_free_list
 *(COMMON)
                0x20005098                        . = ALIGN (0x4)
                0x20005098                        _ebss = .
                0x20005098                        __bss_end__ = _ebss

._user_heap_stack
                0x20005098      0x600 load address 0x08006dcc
                0x20005098                        . = ALIGN (0x8)
                [!provide]                        PROVIDE (end = .)
                0x20005098                        PROVIDE (_end = .)
                0x20005298                        . = (. + _Min_Heap_Size)
 *fill*         0x20005098      0x200 
                0x20005698                        . = (. + _Min_Stack_Size)
 *fill*         0x20005298      0x400 
                0x20005698                        . = ALIGN (0x8)

/DISCARD/
 libc.a(*)
 libm.a(*)
 libgcc.a(*)

.ARM.attributes
                0x00000000       0x30
 *(.ARM.attributes)
 .ARM.attributes
                0x00000000       0x22 C:/ST/STM32CubeIDE_1.10.1/STM32CubeIDE/plugins/com.st.stm32cube.ide.mcu.externaltools.gnu-tools-for-stm32.13.3.rel1.win32_1.0.0.202411081344/tools/bin/../lib/gcc/arm-none-eabi/13.3.1/thumb/v7e-m+fp/hard/crti.o
 .ARM.attributes
                0x00000022       0x34 C:/ST/STM32CubeIDE_1.10.1/STM32CubeIDE/plugins/com.st.stm32cube.ide.mcu.externaltools.gnu-tools-for-stm32.13.3.rel1.win32_1.0.0.202411081344/tools/bin/../lib/gcc/arm-none-eabi/13.3.1/thumb/v7e-m+fp/hard/crtbegin.o
 .ARM.attributes
                0x00000056       0x34 ./Core/Src/Globals.o
 .ARM.attributes
                0x0000008a       0x34 ./Core/Src/Utilies.o
 .ARM.attributes
                0x000000be       0x34 ./Core/Src/communication.o
 .ARM.attributes
                0x000000f2       0x34 ./Core/Src/main.o
 .ARM.attributes
                0x00000126       0x34 ./Core/Src/stm32f4xx_hal_msp.o
 .ARM.attributes
                0x0000015a       0x34 ./Core/Src/stm32f4xx_hal_timebase_tim.o
 .ARM.attributes
                0x0000018e       0x34 ./Core/Src/stm32f4xx_it.o
 .ARM.attributes
                0x000001c2       0x34 ./Core/Src/system_stm32f4xx.o
 .ARM.attributes
                0x000001f6       0x21 ./Core/Startup/startup_stm32f401vbtx.o
 .ARM.attributes
                0x00000217       0x34 ./Drivers/STM32F4xx_HAL_Driver/Src/stm32f4xx_hal.o
 .ARM.attributes
                0x0000024b       0x34 ./Drivers/STM32F4xx_HAL_Driver/Src/stm32f4xx_hal_cortex.o
 .ARM.attributes
                0x0000027f       0x34 ./Drivers/STM32F4xx_HAL_Driver/Src/stm32f4xx_hal_dma.o
 .ARM.attributes
                0x000002b3       0x34 ./Drivers/STM32F4xx_HAL_Driver/Src/stm32f4xx_hal_gpio.o
 .ARM.attributes
                0x000002e7       0x34 ./Drivers/STM32F4xx_HAL_Driver/Src/stm32f4xx_hal_rcc.o
 .ARM.attributes
                0x0000031b       0x34 ./Drivers/STM32F4xx_HAL_Driver/Src/stm32f4xx_hal_spi.o
 .ARM.attributes
                0x0000034f       0x34 ./Drivers/STM32F4xx_HAL_Driver/Src/stm32f4xx_hal_tim.o
 .ARM.attributes
                0x00000383       0x34 ./Drivers/STM32F4xx_HAL_Driver/Src/stm32f4xx_hal_tim_ex.o
 .ARM.attributes
                0x000003b7       0x34 ./Drivers/STM32F4xx_HAL_Driver/Src/stm32f4xx_hal_uart.o
 .ARM.attributes
                0x000003eb       0x34 ./Middlewares/Third_Party/FreeRTOS/Source/CMSIS_RTOS_V2/cmsis_os2.o
 .ARM.attributes
                0x0000041f       0x34 ./Middlewares/Third_Party/FreeRTOS/Source/list.o
 .ARM.attributes
                0x00000453       0x34 ./Middlewares/Third_Party/FreeRTOS/Source/queue.o
 .ARM.attributes
                0x00000487       0x34 ./Middlewares/Third_Party/FreeRTOS/Source/tasks.o
 .ARM.attributes
                0x000004bb       0x34 ./Middlewares/Third_Party/FreeRTOS/Source/timers.o
 .ARM.attributes
                0x000004ef       0x34 ./Middlewares/Third_Party/FreeRTOS/Source/portable/GCC/ARM_CM4F/port.o
 .ARM.attributes
                0x00000523       0x34 ./Middlewares/Third_Party/FreeRTOS/Source/portable/MemMang/heap_4.o
 .ARM.attributes
                0x00000557       0x34 C:/ST/STM32CubeIDE_1.10.1/STM32CubeIDE/plugins/com.st.stm32cube.ide.mcu.externaltools.gnu-tools-for-stm32.13.3.rel1.win32_1.0.0.202411081344/tools/bin/../lib/gcc/arm-none-eabi/13.3.1/../../../../arm-none-eabi/lib/thumb/v7e-m+fp/hard\libc_nano.a(libc_a-findfp.o)
 .ARM.attributes
                0x0000058b       0x34 C:/ST/STM32CubeIDE_1.10.1/STM32CubeIDE/plugins/com.st.stm32cube.ide.mcu.externaltools.gnu-tools-for-stm32.13.3.rel1.win32_1.0.0.202411081344/tools/bin/../lib/gcc/arm-none-eabi/13.3.1/../../../../arm-none-eabi/lib/thumb/v7e-m+fp/hard\libc_nano.a(libc_a-memset.o)
 .ARM.attributes
                0x000005bf       0x34 C:/ST/STM32CubeIDE_1.10.1/STM32CubeIDE/plugins/com.st.stm32cube.ide.mcu.externaltools.gnu-tools-for-stm32.13.3.rel1.win32_1.0.0.202411081344/tools/bin/../lib/gcc/arm-none-eabi/13.3.1/../../../../arm-none-eabi/lib/thumb/v7e-m+fp/hard\libc_nano.a(libc_a-reent.o)
 .ARM.attributes
                0x000005f3       0x34 C:/ST/STM32CubeIDE_1.10.1/STM32CubeIDE/plugins/com.st.stm32cube.ide.mcu.externaltools.gnu-tools-for-stm32.13.3.rel1.win32_1.0.0.202411081344/tools/bin/../lib/gcc/arm-none-eabi/13.3.1/../../../../arm-none-eabi/lib/thumb/v7e-m+fp/hard\libc_nano.a(libc_a-impure.o)
 .ARM.attributes
                0x00000627       0x34 C:/ST/STM32CubeIDE_1.10.1/STM32CubeIDE/plugins/com.st.stm32cube.ide.mcu.externaltools.gnu-tools-for-stm32.13.3.rel1.win32_1.0.0.202411081344/tools/bin/../lib/gcc/arm-none-eabi/13.3.1/../../../../arm-none-eabi/lib/thumb/v7e-m+fp/hard\libc_nano.a(libc_a-init.o)
 .ARM.attributes
                0x0000065b       0x34 C:/ST/STM32CubeIDE_1.10.1/STM32CubeIDE/plugins/com.st.stm32cube.ide.mcu.externaltools.gnu-tools-for-stm32.13.3.rel1.win32_1.0.0.202411081344/tools/bin/../lib/gcc/arm-none-eabi/13.3.1/../../../../arm-none-eabi/lib/thumb/v7e-m+fp/hard\libc_nano.a(libc_a-lock.o)
 .ARM.attributes
                0x0000068f       0x34 C:/ST/STM32CubeIDE_1.10.1/STM32CubeIDE/plugins/com.st.stm32cube.ide.mcu.externaltools.gnu-tools-for-stm32.13.3.rel1.win32_1.0.0.202411081344/tools/bin/../lib/gcc/arm-none-eabi/13.3.1/../../../../arm-none-eabi/lib/thumb/v7e-m+fp/hard\libc_nano.a(libc_a-memcpy-stub.o)
 .ARM.attributes
                0x000006c3       0x34 C:/ST/STM32CubeIDE_1.10.1/STM32CubeIDE/plugins/com.st.stm32cube.ide.mcu.externaltools.gnu-tools-for-stm32.13.3.rel1.win32_1.0.0.202411081344/tools/bin/../lib/gcc/arm-none-eabi/13.3.1/../../../../arm-none-eabi/lib/thumb/v7e-m+fp/hard\libc_nano.a(libc_a-freer.o)
 .ARM.attributes
                0x000006f7       0x34 C:/ST/STM32CubeIDE_1.10.1/STM32CubeIDE/plugins/com.st.stm32cube.ide.mcu.externaltools.gnu-tools-for-stm32.13.3.rel1.win32_1.0.0.202411081344/tools/bin/../lib/gcc/arm-none-eabi/13.3.1/../../../../arm-none-eabi/lib/thumb/v7e-m+fp/hard\libc_nano.a(libc_a-mallocr.o)
 .ARM.attributes
                0x0000072b       0x34 C:/ST/STM32CubeIDE_1.10.1/STM32CubeIDE/plugins/com.st.stm32cube.ide.mcu.externaltools.gnu-tools-for-stm32.13.3.rel1.win32_1.0.0.202411081344/tools/bin/../lib/gcc/arm-none-eabi/13.3.1/../../../../arm-none-eabi/lib/thumb/v7e-m+fp/hard\libc_nano.a(libc_a-mlock.o)
 .ARM.attributes
                0x0000075f       0x22 C:/ST/STM32CubeIDE_1.10.1/STM32CubeIDE/plugins/com.st.stm32cube.ide.mcu.externaltools.gnu-tools-for-stm32.13.3.rel1.win32_1.0.0.202411081344/tools/bin/../lib/gcc/arm-none-eabi/13.3.1/thumb/v7e-m+fp/hard\libgcc.a(_aeabi_uldivmod.o)
 .ARM.attributes
                0x00000781       0x34 C:/ST/STM32CubeIDE_1.10.1/STM32CubeIDE/plugins/com.st.stm32cube.ide.mcu.externaltools.gnu-tools-for-stm32.13.3.rel1.win32_1.0.0.202411081344/tools/bin/../lib/gcc/arm-none-eabi/13.3.1/thumb/v7e-m+fp/hard\libgcc.a(_udivmoddi4.o)
 .ARM.attributes
                0x000007b5       0x22 C:/ST/STM32CubeIDE_1.10.1/STM32CubeIDE/plugins/com.st.stm32cube.ide.mcu.externaltools.gnu-tools-for-stm32.13.3.rel1.win32_1.0.0.202411081344/tools/bin/../lib/gcc/arm-none-eabi/13.3.1/thumb/v7e-m+fp/hard\libgcc.a(_dvmd_tls.o)
 .ARM.attributes
                0x000007d7       0x22 C:/ST/STM32CubeIDE_1.10.1/STM32CubeIDE/plugins/com.st.stm32cube.ide.mcu.externaltools.gnu-tools-for-stm32.13.3.rel1.win32_1.0.0.202411081344/tools/bin/../lib/gcc/arm-none-eabi/13.3.1/thumb/v7e-m+fp/hard/crtn.o
OUTPUT(ePHC.elf elf32-littlearm)
LOAD linker stubs
LOAD C:/ST/STM32CubeIDE_1.10.1/STM32CubeIDE/plugins/com.st.stm32cube.ide.mcu.externaltools.gnu-tools-for-stm32.13.3.rel1.win32_1.0.0.202411081344/tools/bin/../lib/gcc/arm-none-eabi/13.3.1/../../../../arm-none-eabi/lib/thumb/v7e-m+fp/hard\libc.a
LOAD C:/ST/STM32CubeIDE_1.10.1/STM32CubeIDE/plugins/com.st.stm32cube.ide.mcu.externaltools.gnu-tools-for-stm32.13.3.rel1.win32_1.0.0.202411081344/tools/bin/../lib/gcc/arm-none-eabi/13.3.1/../../../../arm-none-eabi/lib/thumb/v7e-m+fp/hard\libm.a
LOAD C:/ST/STM32CubeIDE_1.10.1/STM32CubeIDE/plugins/com.st.stm32cube.ide.mcu.externaltools.gnu-tools-for-stm32.13.3.rel1.win32_1.0.0.202411081344/tools/bin/../lib/gcc/arm-none-eabi/13.3.1/thumb/v7e-m+fp/hard\libgcc.a

.debug_info     0x00000000    0x29bb1
 .debug_info    0x00000000      0x458 ./Core/Src/Globals.o
 .debug_info    0x00000458      0xf76 ./Core/Src/Utilies.o
 .debug_info    0x000013ce      0xeea ./Core/Src/communication.o
 .debug_info    0x000022b8     0x2a5f ./Core/Src/main.o
 .debug_info    0x00004d17     0x1623 ./Core/Src/stm32f4xx_hal_msp.o
 .debug_info    0x0000633a      0xc18 ./Core/Src/stm32f4xx_hal_timebase_tim.o
 .debug_info    0x00006f52      0xeb9 ./Core/Src/stm32f4xx_it.o
 .debug_info    0x00007e0b      0x557 ./Core/Src/system_stm32f4xx.o
 .debug_info    0x00008362       0x30 ./Core/Startup/startup_stm32f401vbtx.o
 .debug_info    0x00008392      0x993 ./Drivers/STM32F4xx_HAL_Driver/Src/stm32f4xx_hal.o
 .debug_info    0x00008d25      0xf8d ./Drivers/STM32F4xx_HAL_Driver/Src/stm32f4xx_hal_cortex.o
 .debug_info    0x00009cb2      0xb2d ./Drivers/STM32F4xx_HAL_Driver/Src/stm32f4xx_hal_dma.o
 .debug_info    0x0000a7df      0x742 ./Drivers/STM32F4xx_HAL_Driver/Src/stm32f4xx_hal_gpio.o
 .debug_info    0x0000af21      0xb13 ./Drivers/STM32F4xx_HAL_Driver/Src/stm32f4xx_hal_rcc.o
 .debug_info    0x0000ba34     0x21c6 ./Drivers/STM32F4xx_HAL_Driver/Src/stm32f4xx_hal_spi.o
 .debug_info    0x0000dbfa     0x4e78 ./Drivers/STM32F4xx_HAL_Driver/Src/stm32f4xx_hal_tim.o
 .debug_info    0x00012a72     0x1c0f ./Drivers/STM32F4xx_HAL_Driver/Src/stm32f4xx_hal_tim_ex.o
 .debug_info    0x00014681     0x47c0 ./Drivers/STM32F4xx_HAL_Driver/Src/stm32f4xx_hal_uart.o
 .debug_info    0x00018e41     0x555d ./Middlewares/Third_Party/FreeRTOS/Source/CMSIS_RTOS_V2/cmsis_os2.o
 .debug_info    0x0001e39e      0x2c3 ./Middlewares/Third_Party/FreeRTOS/Source/list.o
 .debug_info    0x0001e661     0x3b37 ./Middlewares/Third_Party/FreeRTOS/Source/queue.o
 .debug_info    0x00022198     0x4694 ./Middlewares/Third_Party/FreeRTOS/Source/tasks.o
 .debug_info    0x0002682c     0x278f ./Middlewares/Third_Party/FreeRTOS/Source/timers.o
 .debug_info    0x00028fbb      0x5ef ./Middlewares/Third_Party/FreeRTOS/Source/portable/GCC/ARM_CM4F/port.o
 .debug_info    0x000295aa      0x607 ./Middlewares/Third_Party/FreeRTOS/Source/portable/MemMang/heap_4.o

.debug_abbrev   0x00000000     0x4d10
 .debug_abbrev  0x00000000      0x109 ./Core/Src/Globals.o
 .debug_abbrev  0x00000109      0x31e ./Core/Src/Utilies.o
 .debug_abbrev  0x00000427      0x2ab ./Core/Src/communication.o
 .debug_abbrev  0x000006d2      0x3e4 ./Core/Src/main.o
 .debug_abbrev  0x00000ab6      0x2a6 ./Core/Src/stm32f4xx_hal_msp.o
 .debug_abbrev  0x00000d5c      0x245 ./Core/Src/stm32f4xx_hal_timebase_tim.o
 .debug_abbrev  0x00000fa1      0x290 ./Core/Src/stm32f4xx_it.o
 .debug_abbrev  0x00001231      0x120 ./Core/Src/system_stm32f4xx.o
 .debug_abbrev  0x00001351       0x24 ./Core/Startup/startup_stm32f401vbtx.o
 .debug_abbrev  0x00001375      0x2bc ./Drivers/STM32F4xx_HAL_Driver/Src/stm32f4xx_hal.o
 .debug_abbrev  0x00001631      0x388 ./Drivers/STM32F4xx_HAL_Driver/Src/stm32f4xx_hal_cortex.o
 .debug_abbrev  0x000019b9      0x2f4 ./Drivers/STM32F4xx_HAL_Driver/Src/stm32f4xx_hal_dma.o
 .debug_abbrev  0x00001cad      0x214 ./Drivers/STM32F4xx_HAL_Driver/Src/stm32f4xx_hal_gpio.o
 .debug_abbrev  0x00001ec1      0x351 ./Drivers/STM32F4xx_HAL_Driver/Src/stm32f4xx_hal_rcc.o
 .debug_abbrev  0x00002212      0x3b9 ./Drivers/STM32F4xx_HAL_Driver/Src/stm32f4xx_hal_spi.o
 .debug_abbrev  0x000025cb      0x393 ./Drivers/STM32F4xx_HAL_Driver/Src/stm32f4xx_hal_tim.o
 .debug_abbrev  0x0000295e      0x3a1 ./Drivers/STM32F4xx_HAL_Driver/Src/stm32f4xx_hal_tim_ex.o
 .debug_abbrev  0x00002cff      0x443 ./Drivers/STM32F4xx_HAL_Driver/Src/stm32f4xx_hal_uart.o
 .debug_abbrev  0x00003142      0x65a ./Middlewares/Third_Party/FreeRTOS/Source/CMSIS_RTOS_V2/cmsis_os2.o
 .debug_abbrev  0x0000379c      0x10c ./Middlewares/Third_Party/FreeRTOS/Source/list.o
 .debug_abbrev  0x000038a8      0x4eb ./Middlewares/Third_Party/FreeRTOS/Source/queue.o
 .debug_abbrev  0x00003d93      0x587 ./Middlewares/Third_Party/FreeRTOS/Source/tasks.o
 .debug_abbrev  0x0000431a      0x483 ./Middlewares/Third_Party/FreeRTOS/Source/timers.o
 .debug_abbrev  0x0000479d      0x2a4 ./Middlewares/Third_Party/FreeRTOS/Source/portable/GCC/ARM_CM4F/port.o
 .debug_abbrev  0x00004a41      0x2cf ./Middlewares/Third_Party/FreeRTOS/Source/portable/MemMang/heap_4.o

.debug_aranges  0x00000000     0x1570
 .debug_aranges
                0x00000000       0x18 ./Core/Src/Globals.o
 .debug_aranges
                0x00000018       0x78 ./Core/Src/Utilies.o
 .debug_aranges
                0x00000090       0x48 ./Core/Src/communication.o
 .debug_aranges
                0x000000d8       0x60 ./Core/Src/main.o
 .debug_aranges
                0x00000138       0x50 ./Core/Src/stm32f4xx_hal_msp.o
 .debug_aranges
                0x00000188       0x30 ./Core/Src/stm32f4xx_hal_timebase_tim.o
 .debug_aranges
                0x000001b8       0xa8 ./Core/Src/stm32f4xx_it.o
 .debug_aranges
                0x00000260       0x28 ./Core/Src/system_stm32f4xx.o
 .debug_aranges
                0x00000288       0x28 ./Core/Startup/startup_stm32f401vbtx.o
 .debug_aranges
                0x000002b0       0xf0 ./Drivers/STM32F4xx_HAL_Driver/Src/stm32f4xx_hal.o
 .debug_aranges
                0x000003a0       0xc0 ./Drivers/STM32F4xx_HAL_Driver/Src/stm32f4xx_hal_cortex.o
 .debug_aranges
                0x00000460       0x78 ./Drivers/STM32F4xx_HAL_Driver/Src/stm32f4xx_hal_dma.o
 .debug_aranges
                0x000004d8       0x58 ./Drivers/STM32F4xx_HAL_Driver/Src/stm32f4xx_hal_gpio.o
 .debug_aranges
                0x00000530       0x88 ./Drivers/STM32F4xx_HAL_Driver/Src/stm32f4xx_hal_rcc.o
 .debug_aranges
                0x000005b8      0x1d8 ./Drivers/STM32F4xx_HAL_Driver/Src/stm32f4xx_hal_spi.o
 .debug_aranges
                0x00000790      0x380 ./Drivers/STM32F4xx_HAL_Driver/Src/stm32f4xx_hal_tim.o
 .debug_aranges
                0x00000b10      0x160 ./Drivers/STM32F4xx_HAL_Driver/Src/stm32f4xx_hal_tim_ex.o
 .debug_aranges
                0x00000c70      0x1d8 ./Drivers/STM32F4xx_HAL_Driver/Src/stm32f4xx_hal_uart.o
 .debug_aranges
                0x00000e48      0x270 ./Middlewares/Third_Party/FreeRTOS/Source/CMSIS_RTOS_V2/cmsis_os2.o
 .debug_aranges
                0x000010b8       0x40 ./Middlewares/Third_Party/FreeRTOS/Source/list.o
 .debug_aranges
                0x000010f8      0x120 ./Middlewares/Third_Party/FreeRTOS/Source/queue.o
 .debug_aranges
                0x00001218      0x1e0 ./Middlewares/Third_Party/FreeRTOS/Source/tasks.o
 .debug_aranges
                0x000013f8       0xb0 ./Middlewares/Third_Party/FreeRTOS/Source/timers.o
 .debug_aranges
                0x000014a8       0x80 ./Middlewares/Third_Party/FreeRTOS/Source/portable/GCC/ARM_CM4F/port.o
 .debug_aranges
                0x00001528       0x48 ./Middlewares/Third_Party/FreeRTOS/Source/portable/MemMang/heap_4.o

.debug_macro    0x00000000     0x49d0
 .debug_macro   0x00000000      0x300 ./Core/Src/Globals.o
 .debug_macro   0x00000300      0x330 ./Core/Src/Utilies.o
 .debug_macro   0x00000630      0x3d2 ./Core/Src/communication.o
 .debug_macro   0x00000a02      0x16f ./Core/Src/communication.o
 .debug_macro   0x00000b71      0x15a ./Core/Src/communication.o
 .debug_macro   0x00000ccb       0xc9 ./Core/Src/communication.o
 .debug_macro   0x00000d94       0x1c ./Core/Src/communication.o
 .debug_macro   0x00000db0       0x26 ./Core/Src/communication.o
 .debug_macro   0x00000dd6       0x16 ./Core/Src/communication.o
 .debug_macro   0x00000dec      0x4bf ./Core/Src/communication.o
 .debug_macro   0x000012ab       0xb5 ./Core/Src/communication.o
 .debug_macro   0x00001360       0xaa ./Core/Src/communication.o
 .debug_macro   0x0000140a       0x66 ./Core/Src/communication.o
 .debug_macro   0x00001470       0x74 ./Core/Src/communication.o
 .debug_macro   0x000014e4       0xdd ./Core/Src/communication.o
 .debug_macro   0x000015c1      0x3d6 ./Core/Src/main.o
 .debug_macro   0x00001997      0x330 ./Core/Src/stm32f4xx_hal_msp.o
 .debug_macro   0x00001cc7      0x1d8 ./Core/Src/stm32f4xx_hal_timebase_tim.o
 .debug_macro   0x00001e9f      0x3dc ./Core/Src/stm32f4xx_it.o
 .debug_macro   0x0000227b      0x1d8 ./Core/Src/system_stm32f4xx.o
 .debug_macro   0x00002453      0x238 ./Drivers/STM32F4xx_HAL_Driver/Src/stm32f4xx_hal.o
 .debug_macro   0x0000268b      0x1d8 ./Drivers/STM32F4xx_HAL_Driver/Src/stm32f4xx_hal_cortex.o
 .debug_macro   0x00002863      0x1de ./Drivers/STM32F4xx_HAL_Driver/Src/stm32f4xx_hal_dma.o
 .debug_macro   0x00002a41      0x1de ./Drivers/STM32F4xx_HAL_Driver/Src/stm32f4xx_hal_gpio.o
 .debug_macro   0x00002c1f      0x1fc ./Drivers/STM32F4xx_HAL_Driver/Src/stm32f4xx_hal_rcc.o
 .debug_macro   0x00002e1b      0x1e7 ./Drivers/STM32F4xx_HAL_Driver/Src/stm32f4xx_hal_spi.o
 .debug_macro   0x00003002      0x1d9 ./Drivers/STM32F4xx_HAL_Driver/Src/stm32f4xx_hal_tim.o
 .debug_macro   0x000031db      0x1d8 ./Drivers/STM32F4xx_HAL_Driver/Src/stm32f4xx_hal_tim_ex.o
 .debug_macro   0x000033b3      0x1d9 ./Drivers/STM32F4xx_HAL_Driver/Src/stm32f4xx_hal_uart.o
 .debug_macro   0x0000358c      0x3e1 ./Middlewares/Third_Party/FreeRTOS/Source/CMSIS_RTOS_V2/cmsis_os2.o
 .debug_macro   0x0000396d       0x10 ./Middlewares/Third_Party/FreeRTOS/Source/CMSIS_RTOS_V2/cmsis_os2.o
 .debug_macro   0x0000397d       0x10 ./Middlewares/Third_Party/FreeRTOS/Source/CMSIS_RTOS_V2/cmsis_os2.o
 .debug_macro   0x0000398d       0xf5 ./Middlewares/Third_Party/FreeRTOS/Source/CMSIS_RTOS_V2/cmsis_os2.o
 .debug_macro   0x00003a82       0x91 ./Middlewares/Third_Party/FreeRTOS/Source/CMSIS_RTOS_V2/cmsis_os2.o
 .debug_macro   0x00003b13       0x8d ./Middlewares/Third_Party/FreeRTOS/Source/CMSIS_RTOS_V2/cmsis_os2.o
 .debug_macro   0x00003ba0       0x9a ./Middlewares/Third_Party/FreeRTOS/Source/CMSIS_RTOS_V2/cmsis_os2.o
 .debug_macro   0x00003c3a       0x22 ./Middlewares/Third_Party/FreeRTOS/Source/CMSIS_RTOS_V2/cmsis_os2.o
 .debug_macro   0x00003c5c      0x199 ./Middlewares/Third_Party/FreeRTOS/Source/list.o
 .debug_macro   0x00003df5      0x228 ./Middlewares/Third_Party/FreeRTOS/Source/queue.o
 .debug_macro   0x0000401d       0x87 ./Middlewares/Third_Party/FreeRTOS/Source/queue.o
 .debug_macro   0x000040a4      0x291 ./Middlewares/Third_Party/FreeRTOS/Source/tasks.o
 .debug_macro   0x00004335       0x10 ./Middlewares/Third_Party/FreeRTOS/Source/tasks.o
 .debug_macro   0x00004345      0x1ee ./Middlewares/Third_Party/FreeRTOS/Source/timers.o
 .debug_macro   0x00004533       0x97 ./Middlewares/Third_Party/FreeRTOS/Source/timers.o
 .debug_macro   0x000045ca      0x246 ./Middlewares/Third_Party/FreeRTOS/Source/portable/GCC/ARM_CM4F/port.o
 .debug_macro   0x00004810      0x1c0 ./Middlewares/Third_Party/FreeRTOS/Source/portable/MemMang/heap_4.o

.debug_line     0x00000000    0x28b62
 .debug_line    0x00000000      0x8eb ./Core/Src/Globals.o
 .debug_line    0x000008eb      0xe5b ./Core/Src/Utilies.o
 .debug_line    0x00001746      0xdd0 ./Core/Src/communication.o
 .debug_line    0x00002516     0x14bf ./Core/Src/main.o
 .debug_line    0x000039d5      0xd66 ./Core/Src/stm32f4xx_hal_msp.o
 .debug_line    0x0000473b      0x851 ./Core/Src/stm32f4xx_hal_timebase_tim.o
 .debug_line    0x00004f8c      0xd3d ./Core/Src/stm32f4xx_it.o
 .debug_line    0x00005cc9      0x7f4 ./Core/Src/system_stm32f4xx.o
 .debug_line    0x000064bd       0x7a ./Core/Startup/startup_stm32f401vbtx.o
 .debug_line    0x00006537      0xb12 ./Drivers/STM32F4xx_HAL_Driver/Src/stm32f4xx_hal.o
 .debug_line    0x00007049      0xdf4 ./Drivers/STM32F4xx_HAL_Driver/Src/stm32f4xx_hal_cortex.o
 .debug_line    0x00007e3d     0x149c ./Drivers/STM32F4xx_HAL_Driver/Src/stm32f4xx_hal_dma.o
 .debug_line    0x000092d9     0x1016 ./Drivers/STM32F4xx_HAL_Driver/Src/stm32f4xx_hal_gpio.o
 .debug_line    0x0000a2ef     0x11d6 ./Drivers/STM32F4xx_HAL_Driver/Src/stm32f4xx_hal_rcc.o
 .debug_line    0x0000b4c5     0x31aa ./Drivers/STM32F4xx_HAL_Driver/Src/stm32f4xx_hal_spi.o
 .debug_line    0x0000e66f     0x6104 ./Drivers/STM32F4xx_HAL_Driver/Src/stm32f4xx_hal_tim.o
 .debug_line    0x00014773     0x1cb0 ./Drivers/STM32F4xx_HAL_Driver/Src/stm32f4xx_hal_tim_ex.o
 .debug_line    0x00016423     0x4501 ./Drivers/STM32F4xx_HAL_Driver/Src/stm32f4xx_hal_uart.o
 .debug_line    0x0001a924     0x3394 ./Middlewares/Third_Party/FreeRTOS/Source/CMSIS_RTOS_V2/cmsis_os2.o
 .debug_line    0x0001dcb8      0x84e ./Middlewares/Third_Party/FreeRTOS/Source/list.o
 .debug_line    0x0001e506     0x3856 ./Middlewares/Third_Party/FreeRTOS/Source/queue.o
 .debug_line    0x00021d5c     0x3f56 ./Middlewares/Third_Party/FreeRTOS/Source/tasks.o
 .debug_line    0x00025cb2     0x15fd ./Middlewares/Third_Party/FreeRTOS/Source/timers.o
 .debug_line    0x000272af      0xc08 ./Middlewares/Third_Party/FreeRTOS/Source/portable/GCC/ARM_CM4F/port.o
 .debug_line    0x00027eb7      0xcab ./Middlewares/Third_Party/FreeRTOS/Source/portable/MemMang/heap_4.o

.debug_str      0x00000000    0x9ae61
 .debug_str     0x00000000    0x9ae61 ./Core/Src/Globals.o
                              0x8b29d (size before relaxing)
 .debug_str     0x0009ae61    0x8c4f9 ./Core/Src/Utilies.o
 .debug_str     0x0009ae61    0x910dd ./Core/Src/communication.o
 .debug_str     0x0009ae61    0x92054 ./Core/Src/main.o
 .debug_str     0x0009ae61    0x8cadc ./Core/Src/stm32f4xx_hal_msp.o
 .debug_str     0x0009ae61    0x883ac ./Core/Src/stm32f4xx_hal_timebase_tim.o
 .debug_str     0x0009ae61    0x91047 ./Core/Src/stm32f4xx_it.o
 .debug_str     0x0009ae61    0x87a17 ./Core/Src/system_stm32f4xx.o
 .debug_str     0x0009ae61       0x6f ./Core/Startup/startup_stm32f401vbtx.o
 .debug_str     0x0009ae61    0x88439 ./Drivers/STM32F4xx_HAL_Driver/Src/stm32f4xx_hal.o
 .debug_str     0x0009ae61    0x881a3 ./Drivers/STM32F4xx_HAL_Driver/Src/stm32f4xx_hal_cortex.o
 .debug_str     0x0009ae61    0x87e1f ./Drivers/STM32F4xx_HAL_Driver/Src/stm32f4xx_hal_dma.o
 .debug_str     0x0009ae61    0x87b92 ./Drivers/STM32F4xx_HAL_Driver/Src/stm32f4xx_hal_gpio.o
 .debug_str     0x0009ae61    0x87e5c ./Drivers/STM32F4xx_HAL_Driver/Src/stm32f4xx_hal_rcc.o
 .debug_str     0x0009ae61    0x882c3 ./Drivers/STM32F4xx_HAL_Driver/Src/stm32f4xx_hal_spi.o
 .debug_str     0x0009ae61    0x88d8f ./Drivers/STM32F4xx_HAL_Driver/Src/stm32f4xx_hal_tim.o
 .debug_str     0x0009ae61    0x8859b ./Drivers/STM32F4xx_HAL_Driver/Src/stm32f4xx_hal_tim_ex.o
 .debug_str     0x0009ae61    0x8842b ./Drivers/STM32F4xx_HAL_Driver/Src/stm32f4xx_hal_uart.o
 .debug_str     0x0009ae61    0x928b0 ./Middlewares/Third_Party/FreeRTOS/Source/CMSIS_RTOS_V2/cmsis_os2.o
 .debug_str     0x0009ae61     0xac1e ./Middlewares/Third_Party/FreeRTOS/Source/list.o
 .debug_str     0x0009ae61     0xc76f ./Middlewares/Third_Party/FreeRTOS/Source/queue.o
 .debug_str     0x0009ae61     0xd574 ./Middlewares/Third_Party/FreeRTOS/Source/tasks.o
 .debug_str     0x0009ae61     0xcfaf ./Middlewares/Third_Party/FreeRTOS/Source/timers.o
 .debug_str     0x0009ae61     0xb95c ./Middlewares/Third_Party/FreeRTOS/Source/portable/GCC/ARM_CM4F/port.o
 .debug_str     0x0009ae61     0xb560 ./Middlewares/Third_Party/FreeRTOS/Source/portable/MemMang/heap_4.o

.comment        0x00000000       0x43
 .comment       0x00000000       0x43 ./Core/Src/Globals.o
                                 0x44 (size before relaxing)
 .comment       0x00000043       0x44 ./Core/Src/Utilies.o
 .comment       0x00000043       0x44 ./Core/Src/communication.o
 .comment       0x00000043       0x44 ./Core/Src/main.o
 .comment       0x00000043       0x44 ./Core/Src/stm32f4xx_hal_msp.o
 .comment       0x00000043       0x44 ./Core/Src/stm32f4xx_hal_timebase_tim.o
 .comment       0x00000043       0x44 ./Core/Src/stm32f4xx_it.o
 .comment       0x00000043       0x44 ./Core/Src/system_stm32f4xx.o
 .comment       0x00000043       0x44 ./Drivers/STM32F4xx_HAL_Driver/Src/stm32f4xx_hal.o
 .comment       0x00000043       0x44 ./Drivers/STM32F4xx_HAL_Driver/Src/stm32f4xx_hal_cortex.o
 .comment       0x00000043       0x44 ./Drivers/STM32F4xx_HAL_Driver/Src/stm32f4xx_hal_dma.o
 .comment       0x00000043       0x44 ./Drivers/STM32F4xx_HAL_Driver/Src/stm32f4xx_hal_gpio.o
 .comment       0x00000043       0x44 ./Drivers/STM32F4xx_HAL_Driver/Src/stm32f4xx_hal_rcc.o
 .comment       0x00000043       0x44 ./Drivers/STM32F4xx_HAL_Driver/Src/stm32f4xx_hal_spi.o
 .comment       0x00000043       0x44 ./Drivers/STM32F4xx_HAL_Driver/Src/stm32f4xx_hal_tim.o
 .comment       0x00000043       0x44 ./Drivers/STM32F4xx_HAL_Driver/Src/stm32f4xx_hal_tim_ex.o
 .comment       0x00000043       0x44 ./Drivers/STM32F4xx_HAL_Driver/Src/stm32f4xx_hal_uart.o
 .comment       0x00000043       0x44 ./Middlewares/Third_Party/FreeRTOS/Source/CMSIS_RTOS_V2/cmsis_os2.o
 .comment       0x00000043       0x44 ./Middlewares/Third_Party/FreeRTOS/Source/list.o
 .comment       0x00000043       0x44 ./Middlewares/Third_Party/FreeRTOS/Source/queue.o
 .comment       0x00000043       0x44 ./Middlewares/Third_Party/FreeRTOS/Source/tasks.o
 .comment       0x00000043       0x44 ./Middlewares/Third_Party/FreeRTOS/Source/timers.o
 .comment       0x00000043       0x44 ./Middlewares/Third_Party/FreeRTOS/Source/portable/GCC/ARM_CM4F/port.o
 .comment       0x00000043       0x44 ./Middlewares/Third_Party/FreeRTOS/Source/portable/MemMang/heap_4.o

.debug_loclists
                0x00000000    0x15920
 .debug_loclists
                0x00000000      0x1ee ./Core/Src/Utilies.o
 .debug_loclists
                0x000001ee      0x115 ./Core/Src/communication.o
 .debug_loclists
                0x00000303      0x117 ./Core/Src/main.o
 .debug_loclists
                0x0000041a      0x1bd ./Core/Src/stm32f4xx_hal_msp.o
 .debug_loclists
                0x000005d7       0xb6 ./Core/Src/stm32f4xx_hal_timebase_tim.o
 .debug_loclists
                0x0000068d       0x20 ./Core/Src/stm32f4xx_it.o
 .debug_loclists
                0x000006ad       0x7b ./Core/Src/system_stm32f4xx.o
 .debug_loclists
                0x00000728       0xf4 ./Drivers/STM32F4xx_HAL_Driver/Src/stm32f4xx_hal.o
 .debug_loclists
                0x0000081c      0x5e7 ./Drivers/STM32F4xx_HAL_Driver/Src/stm32f4xx_hal_cortex.o
 .debug_loclists
                0x00000e03      0x6bc ./Drivers/STM32F4xx_HAL_Driver/Src/stm32f4xx_hal_dma.o
 .debug_loclists
                0x000014bf      0x695 ./Drivers/STM32F4xx_HAL_Driver/Src/stm32f4xx_hal_gpio.o
 .debug_loclists
                0x00001b54      0x390 ./Drivers/STM32F4xx_HAL_Driver/Src/stm32f4xx_hal_rcc.o
 .debug_loclists
                0x00001ee4     0x18c2 ./Drivers/STM32F4xx_HAL_Driver/Src/stm32f4xx_hal_spi.o
 .debug_loclists
                0x000037a6     0x4ed7 ./Drivers/STM32F4xx_HAL_Driver/Src/stm32f4xx_hal_tim.o
 .debug_loclists
                0x0000867d     0x11ec ./Drivers/STM32F4xx_HAL_Driver/Src/stm32f4xx_hal_tim_ex.o
 .debug_loclists
                0x00009869     0x321c ./Drivers/STM32F4xx_HAL_Driver/Src/stm32f4xx_hal_uart.o
 .debug_loclists
                0x0000ca85     0x334b ./Middlewares/Third_Party/FreeRTOS/Source/CMSIS_RTOS_V2/cmsis_os2.o
 .debug_loclists
                0x0000fdd0       0x7e ./Middlewares/Third_Party/FreeRTOS/Source/list.o
 .debug_loclists
                0x0000fe4e     0x1e9a ./Middlewares/Third_Party/FreeRTOS/Source/queue.o
 .debug_loclists
                0x00011ce8     0x251e ./Middlewares/Third_Party/FreeRTOS/Source/tasks.o
 .debug_loclists