Archive member included to satisfy reference by file (symbol)

C:/Users/yuval yeruham/AppData/Local/stm32cube/bundles/gnu-tools-for-stm32/13.3.1+st.9/bin/../lib/gcc/arm-none-eabi/13.3.1/thumb/v7e-m+fp/hard\libgcc.a(_aeabi_uldivmod.o)
                              cmake/stm32cubemx/CMakeFiles/STM32_Drivers.dir/__/__/Drivers/STM32F4xx_HAL_Driver/Src/stm32f4xx_hal_rcc.c.obj (__aeabi_uldivmod)
C:/Users/yuval yeruham/AppData/Local/stm32cube/bundles/gnu-tools-for-stm32/13.3.1+st.9/bin/../lib/gcc/arm-none-eabi/13.3.1/thumb/v7e-m+fp/hard\libgcc.a(_udivmoddi4.o)
                              C:/Users/yuval yeruham/AppData/Local/stm32cube/bundles/gnu-tools-for-stm32/13.3.1+st.9/bin/../lib/gcc/arm-none-eabi/13.3.1/thumb/v7e-m+fp/hard\libgcc.a(_aeabi_uldivmod.o) (__udivmoddi4)
C:/Users/yuval yeruham/AppData/Local/stm32cube/bundles/gnu-tools-for-stm32/13.3.1+st.9/bin/../lib/gcc/arm-none-eabi/13.3.1/thumb/v7e-m+fp/hard\libgcc.a(_dvmd_tls.o)
                              C:/Users/yuval yeruham/AppData/Local/stm32cube/bundles/gnu-tools-for-stm32/13.3.1+st.9/bin/../lib/gcc/arm-none-eabi/13.3.1/thumb/v7e-m+fp/hard\libgcc.a(_aeabi_uldivmod.o) (__aeabi_ldiv0)
C:/Users/yuval yeruham/AppData/Local/stm32cube/bundles/gnu-tools-for-stm32/13.3.1+st.9/bin/../lib/gcc/arm-none-eabi/13.3.1/../../../../arm-none-eabi/lib/thumb/v7e-m+fp/hard\libg_nano.a(libc_a-exit.o)
                              C:/Users/yuval yeruham/AppData/Local/stm32cube/bundles/gnu-tools-for-stm32/13.3.1+st.9/bin/../lib/gcc/arm-none-eabi/13.3.1/../../../../arm-none-eabi/lib/thumb/v7e-m+fp/hard/crt0.o (exit)
C:/Users/yuval yeruham/AppData/Local/stm32cube/bundles/gnu-tools-for-stm32/13.3.1+st.9/bin/../lib/gcc/arm-none-eabi/13.3.1/../../../../arm-none-eabi/lib/thumb/v7e-m+fp/hard\libg_nano.a(libc_a-findfp.o)
                              cmake/stm32cubemx/CMakeFiles/FreeRTOS.dir/__/__/Middlewares/Third_Party/FreeRTOS/Source/tasks.c.obj (__sf)
C:/Users/yuval yeruham/AppData/Local/stm32cube/bundles/gnu-tools-for-stm32/13.3.1+st.9/bin/../lib/gcc/arm-none-eabi/13.3.1/../../../../arm-none-eabi/lib/thumb/v7e-m+fp/hard\libg_nano.a(libc_a-fwalk.o)
                              C:/Users/yuval yeruham/AppData/Local/stm32cube/bundles/gnu-tools-for-stm32/13.3.1+st.9/bin/../lib/gcc/arm-none-eabi/13.3.1/../../../../arm-none-eabi/lib/thumb/v7e-m+fp/hard\libg_nano.a(libc_a-findfp.o) (_fwalk_sglue)
C:/Users/yuval yeruham/AppData/Local/stm32cube/bundles/gnu-tools-for-stm32/13.3.1+st.9/bin/../lib/gcc/arm-none-eabi/13.3.1/../../../../arm-none-eabi/lib/thumb/v7e-m+fp/hard\libg_nano.a(libc_a-stdio.o)
                              C:/Users/yuval yeruham/AppData/Local/stm32cube/bundles/gnu-tools-for-stm32/13.3.1+st.9/bin/../lib/gcc/arm-none-eabi/13.3.1/../../../../arm-none-eabi/lib/thumb/v7e-m+fp/hard\libg_nano.a(libc_a-findfp.o) (__sread)
C:/Users/yuval yeruham/AppData/Local/stm32cube/bundles/gnu-tools-for-stm32/13.3.1+st.9/bin/../lib/gcc/arm-none-eabi/13.3.1/../../../../arm-none-eabi/lib/thumb/v7e-m+fp/hard\libg_nano.a(libc_a-memset.o)
                              C:/Users/yuval yeruham/AppData/Local/stm32cube/bundles/gnu-tools-for-stm32/13.3.1+st.9/bin/../lib/gcc/arm-none-eabi/13.3.1/../../../../arm-none-eabi/lib/thumb/v7e-m+fp/hard/crt0.o (memset)
C:/Users/yuval yeruham/AppData/Local/stm32cube/bundles/gnu-tools-for-stm32/13.3.1+st.9/bin/../lib/gcc/arm-none-eabi/13.3.1/../../../../arm-none-eabi/lib/thumb/v7e-m+fp/hard\libg_nano.a(libc_a-closer.o)
                              C:/Users/yuval yeruham/AppData/Local/stm32cube/bundles/gnu-tools-for-stm32/13.3.1+st.9/bin/../lib/gcc/arm-none-eabi/13.3.1/../../../../arm-none-eabi/lib/thumb/v7e-m+fp/hard\libg_nano.a(libc_a-stdio.o) (_close_r)
C:/Users/yuval yeruham/AppData/Local/stm32cube/bundles/gnu-tools-for-stm32/13.3.1+st.9/bin/../lib/gcc/arm-none-eabi/13.3.1/../../../../arm-none-eabi/lib/thumb/v7e-m+fp/hard\libg_nano.a(libc_a-reent.o)
                              cmake/stm32cubemx/CMakeFiles/FreeRTOS.dir/__/__/Middlewares/Third_Party/FreeRTOS/Source/tasks.c.obj (_reclaim_reent)
C:/Users/yuval yeruham/AppData/Local/stm32cube/bundles/gnu-tools-for-stm32/13.3.1+st.9/bin/../lib/gcc/arm-none-eabi/13.3.1/../../../../arm-none-eabi/lib/thumb/v7e-m+fp/hard\libg_nano.a(libc_a-impure.o)
                              cmake/stm32cubemx/CMakeFiles/FreeRTOS.dir/__/__/Middlewares/Third_Party/FreeRTOS/Source/tasks.c.obj (_impure_ptr)
C:/Users/yuval yeruham/AppData/Local/stm32cube/bundles/gnu-tools-for-stm32/13.3.1+st.9/bin/../lib/gcc/arm-none-eabi/13.3.1/../../../../arm-none-eabi/lib/thumb/v7e-m+fp/hard\libg_nano.a(libc_a-lseekr.o)
                              C:/Users/yuval yeruham/AppData/Local/stm32cube/bundles/gnu-tools-for-stm32/13.3.1+st.9/bin/../lib/gcc/arm-none-eabi/13.3.1/../../../../arm-none-eabi/lib/thumb/v7e-m+fp/hard\libg_nano.a(libc_a-stdio.o) (_lseek_r)
[...]
Memory Configuration

Name             Origin             Length             Attributes
RAM              0x20000000         0x00010000         xrw
FLASH            0x08000000         0x00020000         xr
*default*        0x00000000         0xffffffff

Linker script and memory map

LOAD C:/Users/yuval yeruham/AppData/Local/stm32cube/bundles/gnu-tools-for-stm32/13.3.1+st.9/bin/../lib/gcc/arm-none-eabi/13.3.1/thumb/v7e-m+fp/hard/crti.o
LOAD C:/Users/yuval yeruham/AppData/Local/stm32cube/bundles/gnu-tools-for-stm32/13.3.1+st.9/bin/../lib/gcc/arm-none-eabi/13.3.1/thumb/v7e-m+fp/hard/crtbegin.o
LOAD C:/Users/yuval yeruham/AppData/Local/stm32cube/bundles/gnu-tools-for-stm32/13.3.1+st.9/bin/../lib/gcc/arm-none-eabi/13.3.1/../../../../arm-none-eabi/lib/thumb/v7e-m+fp/hard/crt0.o
LOAD cmake/stm32cubemx/CMakeFiles/STM32_Drivers.dir/__/__/Core/Src/system_stm32f4xx.c.obj
LOAD cmake/stm32cubemx/CMakeFiles/STM32_Drivers.dir/__/__/Drivers/STM32F4xx_HAL_Driver/Src/stm32f4xx_hal_tim.c.obj
LOAD cmake/stm32cubemx/CMakeFiles/STM32_Drivers.dir/__/__/Drivers/STM32F4xx_HAL_Driver/Src/stm32f4xx_hal_tim_ex.c.obj
LOAD cmake/stm32cubemx/CMakeFiles/STM32_Drivers.dir/__/__/Drivers/STM32F4xx_HAL_Driver/Src/stm32f4xx_hal_rcc.c.obj
LOAD cmake/stm32cubemx/CMakeFiles/STM32_Drivers.dir/__/__/Drivers/STM32F4xx_HAL_Driver/Src/stm32f4xx_hal_rcc_ex.c.obj
LOAD cmake/stm32cubemx/CMakeFiles/STM32_Drivers.dir/__/__/Drivers/STM32F4xx_HAL_Driver/Src/stm32f4xx_hal_flash.c.obj
LOAD cmake/stm32cubemx/CMakeFiles/STM32_Drivers.dir/__/__/Drivers/STM32F4xx_HAL_Driver/Src/stm32f4xx_hal_flash_ex.c.obj
LOAD cmake/stm32cubemx/CMakeFiles/STM32_Drivers.dir/__/__/Drivers/STM32F4xx_HAL_Driver/Src/stm32f4xx_hal_flash_ramfunc.c.obj
LOAD cmake/stm32cubemx/CMakeFiles/STM32_Drivers.dir/__/__/Drivers/STM32F4xx_HAL_Driver/Src/stm32f4xx_hal_gpio.c.obj
LOAD cmake/stm32cubemx/CMakeFiles/STM32_Drivers.dir/__/__/Drivers/STM32F4xx_HAL_Driver/Src/stm32f4xx_hal_dma_ex.c.obj
LOAD cmake/stm32cubemx/CMakeFiles/STM32_Drivers.dir/__/__/Drivers/STM32F4xx_HAL_Driver/Src/stm32f4xx_hal_dma.c.obj
LOAD cmake/stm32cubemx/CMakeFiles/STM32_Drivers.dir/__/__/Drivers/STM32F4xx_HAL_Driver/Src/stm32f4xx_hal_pwr.c.obj
LOAD cmake/stm32cubemx/CMakeFiles/STM32_Drivers.dir/__/__/Drivers/STM32F4xx_HAL_Driver/Src/stm32f4xx_hal_pwr_ex.c.obj
LOAD cmake/stm32cubemx/CMakeFiles/STM32_Drivers.dir/__/__/Drivers/STM32F4xx_HAL_Driver/Src/stm32f4xx_hal_cortex.c.obj
LOAD cmake/stm32cubemx/CMakeFiles/STM32_Drivers.dir/__/__/Drivers/STM32F4xx_HAL_Driver/Src/stm32f4xx_hal.c.obj
LOAD cmake/stm32cubemx/CMakeFiles/STM32_Drivers.dir/__/__/Drivers/STM32F4xx_HAL_Driver/Src/stm32f4xx_hal_exti.c.obj
LOAD cmake/stm32cubemx/CMakeFiles/STM32_Drivers.dir/__/__/Drivers/STM32F4xx_HAL_Driver/Src/stm32f4xx_hal_spi.c.obj
LOAD cmake/stm32cubemx/CMakeFiles/STM32_Drivers.dir/__/__/Drivers/STM32F4xx_HAL_Driver/Src/stm32f4xx_hal_uart.c.obj
LOAD cmake/stm32cubemx/CMakeFiles/FreeRTOS.dir/__/__/Middlewares/Third_Party/FreeRTOS/Source/croutine.c.obj
LOAD cmake/stm32cubemx/CMakeFiles/FreeRTOS.dir/__/__/Middlewares/Third_Party/FreeRTOS/Source/event_groups.c.obj
LOAD cmake/stm32cubemx/CMakeFiles/FreeRTOS.dir/__/__/Middlewares/Third_Party/FreeRTOS/Source/list.c.obj
LOAD cmake/stm32cubemx/CMakeFiles/FreeRTOS.dir/__/__/Middlewares/Third_Party/FreeRTOS/Source/queue.c.obj
LOAD cmake/stm32cubemx/CMakeFiles/FreeRTOS.dir/__/__/Middlewares/Third_Party/FreeRTOS/Source/stream_buffer.c.obj
LOAD cmake/stm32cubemx/CMakeFiles/FreeRTOS.dir/__/__/Middlewares/Third_Party/FreeRTOS/Source/tasks.c.obj
LOAD cmake/stm32cubemx/CMakeFiles/FreeRTOS.dir/__/__/Middlewares/Third_Party/FreeRTOS/Source/timers.c.obj
LOAD cmake/stm32cubemx/CMakeFiles/FreeRTOS.dir/__/__/Middlewares/Third_Party/FreeRTOS/Source/CMSIS_RTOS_V2/cmsis_os2.c.obj
LOAD cmake/stm32cubemx/CMakeFiles/FreeRTOS.dir/__/__/Middlewares/Third_Party/FreeRTOS/Source/portable/MemMang/heap_4.c.obj
LOAD cmake/stm32cubemx/CMakeFiles/FreeRTOS.dir/__/__/Middlewares/Third_Party/FreeRTOS/Source/portable/GCC/ARM_CM4F/port.c.obj
LOAD CMakeFiles/ePHC.dir/Core/Src/main.c.obj
LOAD CMakeFiles/ePHC.dir/Core/Src/freertos.c.obj
LOAD CMakeFiles/ePHC.dir/Core/Src/stm32f4xx_it.c.obj
LOAD CMakeFiles/ePHC.dir/Core/Src/stm32f4xx_hal_msp.c.obj
LOAD CMakeFiles/ePHC.dir/Core/Src/stm32f4xx_hal_timebase_tim.c.obj
LOAD CMakeFiles/ePHC.dir/Core/Src/sysmem.c.obj
LOAD CMakeFiles/ePHC.dir/Core/Src/syscalls.c.obj
LOAD CMakeFiles/ePHC.dir/startup_stm32f401xc.s.obj
LOAD CMakeFiles/ePHC.dir/Core/Src/communication.c.obj
LOAD CMakeFiles/ePHC.dir/Core/Src/EEprom.c.obj
LOAD CMakeFiles/ePHC.dir/Core/Src/Globals.c.obj
LOAD CMakeFiles/ePHC.dir/Core/Src/Utilies.c.obj
LOAD C:/Users/yuval yeruham/AppData/Local/stm32cube/bundles/gnu-tools-for-stm32/13.3.1+st.9/bin/../lib/gcc/arm-none-eabi/13.3.1/../../../../arm-none-eabi/lib/thumb/v7e-m+fp/hard\libm.a
START GROUP
LOAD C:/Users/yuval yeruham/AppData/Local/stm32cube/bundles/gnu-tools-for-stm32/13.3.1+st.9/bin/../lib/gcc/arm-none-eabi/13.3.1/thumb/v7e-m+fp/hard\libgcc.a
LOAD C:/Users/yuval yeruham/AppData/Local/stm32cube/bundles/gnu-tools-for-stm32/13.3.1+st.9/bin/../lib/gcc/arm-none-eabi/13.3.1/../../../../arm-none-eabi/lib/thumb/v7e-m+fp/hard\libg_nano.a
LOAD C:/Users/yuval yeruham/AppData/Local/stm32cube/bundles/gnu-tools-for-stm32/13.3.1+st.9/bin/../lib/gcc/arm-none-eabi/13.3.1/../../../../arm-none-eabi/lib/thumb/v7e-m+fp/hard\libc_nano.a
END GROUP
START GROUP
LOAD C:/Users/yuval yeruham/AppData/Local/stm32cube/bundles/gnu-tools-for-stm32/13.3.1+st.9/bin/../lib/gcc/arm-none-eabi/13.3.1/thumb/v7e-m+fp/hard\libgcc.a
LOAD C:/Users/yuval yeruham/AppData/Local/stm32cube/bundles/gnu-tools-for-stm32/13.3.1+st.9/bin/../lib/gcc/arm-none-eabi/13.3.1/../../../../arm-none-eabi/lib/thumb/v7e-m+fp/hard\libc_nano.a
END GROUP
LOAD C:/Users/yuval yeruham/AppData/Local/stm32cube/bundles/gnu-tools-for-stm32/13.3.1+st.9/bin/../lib/gcc/arm-none-eabi/13.3.1/thumb/v7e-m+fp/hard/crtend.o
LOAD C:/Users/yuval yeruham/AppData/Local/stm32cube/bundles/gnu-tools-for-stm32/13.3.1+st.9/bin/../lib/gcc/arm-none-eabi/13.3.1/thumb/v7e-m+fp/hard/crtn.o
                0x20010000                        _estack = (ORIGIN (RAM) + LENGTH (RAM))
                0x00000200                        _Min_Heap_Size = 0x200
                0x00000400                        _Min_Stack_Size = 0x400

.isr_vector     0x08000000      0x194
                0x08000000                        . = ALIGN (0x4)
 *(.isr_vector)
 .isr_vector    0x08000000      0x194 CMakeFiles/ePHC.dir/startup_stm32f401xc.s.obj
                0x08000000                g_pfnVectors
                0x08000194                        . = ALIGN (0x4)

.text           0x080001a0     0x9cbc
                0x080001a0                        . = ALIGN (0x4)
 *(.text)
 .text          0x080001a0       0x40 C:/Users/yuval yeruham/AppData/Local/stm32cube/bundles/gnu-tools-for-stm32/13.3.1+st.9/bin/../lib/gcc/arm-none-eabi/13.3.1/thumb/v7e-m+fp/hard/crtbegin.o
 .text          0x080001e0       0x30 C:/Users/yuval yeruham/AppData/Local/stm32cube/bundles/gnu-tools-for-stm32/13.3.1+st.9/bin/../lib/gcc/arm-none-eabi/13.3.1/thumb/v7e-m+fp/hard\libgcc.a(_aeabi_uldivmod.o)
                0x080001e0                __aeabi_uldivmod
 .text          0x08000210      0x2f8 C:/Users/yuval yeruham/AppData/Local/stm32cube/bundles/gnu-tools-for-stm32/13.3.1+st.9/bin/../lib/gcc/arm-none-eabi/13.3.1/thumb/v7e-m+fp/hard\libgcc.a(_udivmoddi4.o)
                0x08000210                __udivmoddi4
 .text          0x08000508        0x4 C:/Users/yuval yeruham/AppData/Local/stm32cube/bundles/gnu-tools-for-stm32/13.3.1+st.9/bin/../lib/gcc/arm-none-eabi/13.3.1/thumb/v7e-m+fp/hard\libgcc.a(_dvmd_tls.o)
                0x08000508                __aeabi_idiv0
                0x08000508                __aeabi_ldiv0
 *(.text*)
 .text.SystemInit
                0x0800050c       0x24 cmake/stm32cubemx/CMakeFiles/STM32_Drivers.dir/__/__/Core/Src/system_stm32f4xx.c.obj
                0x0800050c                SystemInit
 .text.HAL_TIM_Base_Init
                0x08000530       0x9e cmake/stm32cubemx/CMakeFiles/STM32_Drivers.dir/__/__/Drivers/STM32F4xx_HAL_Driver/Src/stm32f4xx_hal_tim.c.obj
                0x08000530                HAL_TIM_Base_Init
 *fill*         0x080005ce        0x2 
 .text.HAL_TIM_Base_Start_IT
                0x080005d0       0xc4 cmake/stm32cubemx/CMakeFiles/STM32_Drivers.dir/__/__/Drivers/STM32F4xx_HAL_Driver/Src/stm32f4xx_hal_tim.c.obj
                0x080005d0                HAL_TIM_Base_Start_IT
 .text.HAL_TIM_Base_Stop_IT
                0x08000694       0x5e cmake/stm32cubemx/CMakeFiles/STM32_Drivers.dir/__/__/Drivers/STM32F4xx_HAL_Driver/Src/stm32f4xx_hal_tim.c.obj
                0x08000694                HAL_TIM_Base_Stop_IT
 .text.HAL_TIM_IRQHandler
                0x080006f2      0x1e0 cmake/stm32cubemx/CMakeFiles/STM32_Drivers.dir/__/__/Drivers/STM32F4xx_HAL_Driver/Src/stm32f4xx_hal_tim.c.obj
                0x080006f2                HAL_TIM_IRQHandler
 .text.HAL_TIM_ConfigClockSource
                0x080008d2      0x18e cmake/stm32cubemx/CMakeFiles/STM32_Drivers.dir/__/__/Drivers/STM32F4xx_HAL_Driver/Src/stm32f4xx_hal_tim.c.obj
                0x080008d2                HAL_TIM_ConfigClockSource
 .text.HAL_TIM_OC_DelayElapsedCallback
                0x08000a60       0x14 cmake/stm32cubemx/CMakeFiles/STM32_Drivers.dir/__/__/Drivers/STM32F4xx_HAL_Driver/Src/stm32f4xx_hal_tim.c.obj
                0x08000a60                HAL_TIM_OC_DelayElapsedCallback
 .text.HAL_TIM_IC_CaptureCallback
                0x08000a74       0x14 cmake/stm32cubemx/CMakeFiles/STM32_Drivers.dir/__/__/Drivers/STM32F4xx_HAL_Driver/Src/stm32f4xx_hal_tim.c.obj
                0x08000a74                HAL_TIM_IC_CaptureCallback
 .text.HAL_TIM_PWM_PulseFinishedCallback
                0x08000a88       0x14 cmake/stm32cubemx/CMakeFiles/STM32_Drivers.dir/__/__/Drivers/STM32F4xx_HAL_Driver/Src/stm32f4xx_hal_tim.c.obj
                0x08000a88                HAL_TIM_PWM_PulseFinishedCallback
 .text.HAL_TIM_TriggerCallback
                0x08000a9c       0x14 cmake/stm32cubemx/CMakeFiles/STM32_Drivers.dir/__/__/Drivers/STM32F4xx_HAL_Driver/Src/stm32f4xx_hal_tim.c.obj
                0x08000a9c                HAL_TIM_TriggerCallback
 .text.TIM_Base_SetConfig
                0x08000ab0      0x118 cmake/stm32cubemx/CMakeFiles/STM32_Drivers.dir/__/__/Drivers/STM32F4xx_HAL_Driver/Src/stm32f4xx_hal_tim.c.obj
                0x08000ab0                TIM_Base_SetConfig
 .text.TIM_TI1_ConfigInputStage
                0x08000bc8       0x5e cmake/stm32cubemx/CMakeFiles/STM32_Drivers.dir/__/__/Drivers/STM32F4xx_HAL_Driver/Src/stm32f4xx_hal_tim.c.obj
 .text.TIM_TI2_ConfigInputStage
                0x08000c26       0x60 cmake/stm32cubemx/CMakeFiles/STM32_Drivers.dir/__/__/Drivers/STM32F4xx_HAL_Driver/Src/stm32f4xx_hal_tim.c.obj
 .text.TIM_ITRx_SetConfig
                0x08000c86       0x36 cmake/stm32cubemx/CMakeFiles/STM32_Drivers.dir/__/__/Drivers/STM32F4xx_HAL_Driver/Src/stm32f4xx_hal_tim.c.obj
 .text.TIM_ETR_SetConfig
                0x08000cbc       0x40 cmake/stm32cubemx/CMakeFiles/STM32_Drivers.dir/__/__/Drivers/STM32F4xx_HAL_Driver/Src/stm32f4xx_hal_tim.c.obj
                0x08000cbc                TIM_ETR_SetConfig
 .text.HAL_TIMEx_MasterConfigSynchronization
                0x08000cfc       0xdc cmake/stm32cubemx/CMakeFiles/STM32_Drivers.dir/__/__/Drivers/STM32F4xx_HAL_Driver/Src/stm32f4xx_hal_tim_ex.c.obj
                0x08000cfc                HAL_TIMEx_MasterConfigSynchronization
 .text.HAL_TIMEx_CommutCallback
                0x08000dd8       0x14 cmake/stm32cubemx/CMakeFiles/STM32_Drivers.dir/__/__/Drivers/STM32F4xx_HAL_Driver/Src/stm32f4xx_hal_tim_ex.c.obj
                0x08000dd8                HAL_TIMEx_CommutCallback
 .text.HAL_TIMEx_BreakCallback
                0x08000dec       0x14 cmake/stm32cubemx/CMakeFiles/STM32_Drivers.dir/__/__/Drivers/STM32F4xx_HAL_Driver/Src/stm32f4xx_hal_tim_ex.c.obj
                0x08000dec                HAL_TIMEx_BreakCallback
 .text.HAL_RCC_OscConfig
                0x08000e00      0x4f0 cmake/stm32cubemx/CMakeFiles/STM32_Drivers.dir/__/__/Drivers/STM32F4xx_HAL_Driver/Src/stm32f4xx_hal_rcc.c.obj
                0x08000e00                HAL_RCC_OscConfig
 .text.HAL_RCC_ClockConfig
                0x080012f0      0x1cc cmake/stm32cubemx/CMakeFiles/STM32_Drivers.dir/__/__/Drivers/STM32F4xx_HAL_Driver/Src/stm32f4xx_hal_rcc.c.obj
                0x080012f0                HAL_RCC_ClockConfig
 .text.HAL_RCC_GetSysClockFreq
                0x080014bc      0x20c cmake/stm32cubemx/CMakeFiles/STM32_Drivers.dir/__/__/Drivers/STM32F4xx_HAL_Driver/Src/stm32f4xx_hal_rcc.c.obj
                0x080014bc                HAL_RCC_GetSysClockFreq
 .text.HAL_RCC_GetHCLKFreq
                0x080016c8       0x18 cmake/stm32cubemx/CMakeFiles/STM32_Drivers.dir/__/__/Drivers/STM32F4xx_HAL_Driver/Src/stm32f4xx_hal_rcc.c.obj
                0x080016c8                HAL_RCC_GetHCLKFreq
 .text.HAL_RCC_GetPCLK1Freq
                0x080016e0       0x28 cmake/stm32cubemx/CMakeFiles/STM32_Drivers.dir/__/__/Drivers/STM32F4xx_HAL_Driver/Src/stm32f4xx_hal_rcc.c.obj
                0x080016e0                HAL_RCC_GetPCLK1Freq
 .text.HAL_RCC_GetPCLK2Freq
                0x08001708       0x28 cmake/stm32cubemx/CMakeFiles/STM32_Drivers.dir/__/__/Drivers/STM32F4xx_HAL_Driver/Src/stm32f4xx_hal_rcc.c.obj
                0x08001708                HAL_RCC_GetPCLK2Freq
 .text.HAL_RCC_GetClockConfig
                0x08001730       0x64 cmake/stm32cubemx/CMakeFiles/STM32_Drivers.dir/__/__/Drivers/STM32F4xx_HAL_Driver/Src/stm32f4xx_hal_rcc.c.obj
                0x08001730                HAL_RCC_GetClockConfig
 .text.HAL_GPIO_Init
                0x08001794      0x308 cmake/stm32cubemx/CMakeFiles/STM32_Drivers.dir/__/__/Drivers/STM32F4xx_HAL_Driver/Src/stm32f4xx_hal_gpio.c.obj
                0x08001794                HAL_GPIO_Init
 .text.HAL_GPIO_ReadPin
                0x08001a9c       0x30 cmake/stm32cubemx/CMakeFiles/STM32_Drivers.dir/__/__/Drivers/STM32F4xx_HAL_Driver/Src/stm32f4xx_hal_gpio.c.obj
                0x08001a9c                HAL_GPIO_ReadPin
 .text.HAL_GPIO_WritePin
                0x08001acc       0x32 cmake/stm32cubemx/CMakeFiles/STM32_Drivers.dir/__/__/Drivers/STM32F4xx_HAL_Driver/Src/stm32f4xx_hal_gpio.c.obj
                0x08001acc                HAL_GPIO_WritePin
 *fill*         0x08001afe        0x2 
 .text.HAL_GPIO_EXTI_IRQHandler
                0x08001b00       0x30 cmake/stm32cubemx/CMakeFiles/STM32_Drivers.dir/__/__/Drivers/STM32F4xx_HAL_Driver/Src/stm32f4xx_hal_gpio.c.obj
                0x08001b00                HAL_GPIO_EXTI_IRQHandler
 .text.HAL_GPIO_EXTI_Callback
                0x08001b30       0x16 cmake/stm32cubemx/CMakeFiles/STM32_Drivers.dir/__/__/Drivers/STM32F4xx_HAL_Driver/Src/stm32f4xx_hal_gpio.c.obj
                0x08001b30                HAL_GPIO_EXTI_Callback
 *fill*         0x08001b46        0x2 
 .text.HAL_DMA_Init
                0x08001b48      0x15c cmake/stm32cubemx/CMakeFiles/STM32_Drivers.dir/__/__/Drivers/STM32F4xx_HAL_Driver/Src/stm32f4xx_hal_dma.c.obj
                0x08001b48                HAL_DMA_Init
 .text.HAL_DMA_Start_IT
                0x08001ca4       0xb0 cmake/stm32cubemx/CMakeFiles/STM32_Drivers.dir/__/__/Drivers/STM32F4xx_HAL_Driver/Src/stm32f4xx_hal_dma.c.obj
                0x08001ca4                HAL_DMA_Start_IT
 .text.HAL_DMA_Abort
                0x08001d54       0xe0 cmake/stm32cubemx/CMakeFiles/STM32_Drivers.dir/__/__/Drivers/STM32F4xx_HAL_Driver/Src/stm32f4xx_hal_dma.c.obj
                0x08001d54                HAL_DMA_Abort
 .text.HAL_DMA_Abort_IT
                0x08001e34       0x44 cmake/stm32cubemx/CMakeFiles/STM32_Drivers.dir/__/__/Drivers/STM32F4xx_HAL_Driver/Src/stm32f4xx_hal_dma.c.obj
                0x08001e34                HAL_DMA_Abort_IT
 .text.HAL_DMA_IRQHandler
                0x08001e78      0x314 cmake/stm32cubemx/CMakeFiles/STM32_Drivers.dir/__/__/Drivers/STM32F4xx_HAL_Driver/Src/stm32f4xx_hal_dma.c.obj
                0x08001e78                HAL_DMA_IRQHandler
 .text.HAL_DMA_GetError
                0x0800218c       0x18 cmake/stm32cubemx/CMakeFiles/STM32_Drivers.dir/__/__/Drivers/STM32F4xx_HAL_Driver/Src/stm32f4xx_hal_dma.c.obj
                0x0800218c                HAL_DMA_GetError
 .text.DMA_SetConfig
                0x080021a4       0x5c cmake/stm32cubemx/CMakeFiles/STM32_Drivers.dir/__/__/Drivers/STM32F4xx_HAL_Driver/Src/stm32f4xx_hal_dma.c.obj
 .text.DMA_CalcBaseAndBitshift
                0x08002200       0x6c cmake/stm32cubemx/CMakeFiles/STM32_Drivers.dir/__/__/Drivers/STM32F4xx_HAL_Driver/Src/stm32f4xx_hal_dma.c.obj
 .text.DMA_CheckFifoParam
                0x0800226c       0xf8 cmake/stm32cubemx/CMakeFiles/STM32_Drivers.dir/__/__/Drivers/STM32F4xx_HAL_Driver/Src/stm32f4xx_hal_dma.c.obj
 .text.__NVIC_SetPriorityGrouping
                0x08002364       0x48 cmake/stm32cubemx/CMakeFiles/STM32_Drivers.dir/__/__/Drivers/STM32F4xx_HAL_Driver/Src/stm32f4xx_hal_cortex.c.obj
 .text.__NVIC_GetPriorityGrouping
                0x080023ac       0x1c cmake/stm32cubemx/CMakeFiles/STM32_Drivers.dir/__/__/Drivers/STM32F4xx_HAL_Driver/Src/stm32f4xx_hal_cortex.c.obj
 .text.__NVIC_EnableIRQ
                0x080023c8       0x3c cmake/stm32cubemx/CMakeFiles/STM32_Drivers.dir/__/__/Drivers/STM32F4xx_HAL_Driver/Src/stm32f4xx_hal_cortex.c.obj
 .text.__NVIC_SetPriority
                0x08002404       0x54 cmake/stm32cubemx/CMakeFiles/STM32_Drivers.dir/__/__/Drivers/STM32F4xx_HAL_Driver/Src/stm32f4xx_hal_cortex.c.obj
 .text.NVIC_EncodePriority
                0x08002458       0x66 cmake/stm32cubemx/CMakeFiles/STM32_Drivers.dir/__/__/Drivers/STM32F4xx_HAL_Driver/Src/stm32f4xx_hal_cortex.c.obj
 .text.HAL_NVIC_SetPriorityGrouping
                0x080024be       0x16 cmake/stm32cubemx/CMakeFiles/STM32_Drivers.dir/__/__/Drivers/STM32F4xx_HAL_Driver/Src/stm32f4xx_hal_cortex.c.obj
                0x080024be                HAL_NVIC_SetPriorityGrouping
 .text.HAL_NVIC_SetPriority
                0x080024d4       0x38 cmake/stm32cubemx/CMakeFiles/STM32_Drivers.dir/__/__/Drivers/STM32F4xx_HAL_Driver/Src/stm32f4xx_hal_cortex.c.obj
                0x080024d4                HAL_NVIC_SetPriority
 .text.HAL_NVIC_EnableIRQ
                0x0800250c       0x1c cmake/stm32cubemx/CMakeFiles/STM32_Drivers.dir/__/__/Drivers/STM32F4xx_HAL_Driver/Src/stm32f4xx_hal_cortex.c.obj
                0x0800250c                HAL_NVIC_EnableIRQ
 .text.HAL_Init
                0x08002528       0x44 cmake/stm32cubemx/CMakeFiles/STM32_Drivers.dir/__/__/Drivers/STM32F4xx_HAL_Driver/Src/stm32f4xx_hal.c.obj
                0x08002528                HAL_Init
 .text.HAL_IncTick
                0x0800256c       0x28 cmake/stm32cubemx/CMakeFiles/STM32_Drivers.dir/__/__/Drivers/STM32F4xx_HAL_Driver/Src/stm32f4xx_hal.c.obj
                0x0800256c                HAL_IncTick
 .text.HAL_GetTick
                0x08002594       0x18 cmake/stm32cubemx/CMakeFiles/STM32_Drivers.dir/__/__/Drivers/STM32F4xx_HAL_Driver/Src/stm32f4xx_hal.c.obj
                0x08002594                HAL_GetTick
 .text.HAL_Delay
                0x080025ac       0x48 cmake/stm32cubemx/CMakeFiles/STM32_Drivers.dir/__/__/Drivers/STM32F4xx_HAL_Driver/Src/stm32f4xx_hal.c.obj
                0x080025ac                HAL_Delay
 .text.HAL_SPI_Init
                0x080025f4      0x112 cmake/stm32cubemx/CMakeFiles/STM32_Drivers.dir/__/__/Drivers/STM32F4xx_HAL_Driver/Src/stm32f4xx_hal_spi.c.obj
                0x080025f4                HAL_SPI_Init
 .text.HAL_UART_Init
                0x08002706       0xa0 cmake/stm32cubemx/CMakeFiles/STM32_Drivers.dir/__/__/Drivers/STM32F4xx_HAL_Driver/Src/stm32f4xx_hal_uart.c.obj
                0x08002706                HAL_UART_Init
 .text.HAL_UART_Receive
                0x080027a6      0x12e cmake/stm32cubemx/CMakeFiles/STM32_Drivers.dir/__/__/Drivers/STM32F4xx_HAL_Driver/Src/stm32f4xx_hal_uart.c.obj
                0x080027a6                HAL_UART_Receive
 .text.HAL_UART_Receive_IT
                0x080028d4       0x4a cmake/stm32cubemx/CMakeFiles/STM32_Drivers.dir/__/__/Drivers/STM32F4xx_HAL_Driver/Src/stm32f4xx_hal_uart.c.obj
                0x080028d4                HAL_UART_Receive_IT
 *fill*         0x0800291e        0x2 
 .text.HAL_UART_Transmit_DMA
                0x08002920       0xe0 cmake/stm32cubemx/CMakeFiles/STM32_Drivers.dir/__/__/Drivers/STM32F4xx_HAL_Driver/Src/stm32f4xx_hal_uart.c.obj
                0x08002920                HAL_UART_Transmit_DMA
 .text.HAL_UART_AbortTransmit
                0x08002a00       0xd0 cmake/stm32cubemx/CMakeFiles/STM32_Drivers.dir/__/__/Drivers/STM32F4xx_HAL_Driver/Src/stm32f4xx_hal_uart.c.obj
                0x08002a00                HAL_UART_AbortTransmit
 .text.HAL_UART_IRQHandler
                0x08002ad0      0x524 cmake/stm32cubemx/CMakeFiles/STM32_Drivers.dir/__/__/Drivers/STM32F4xx_HAL_Driver/Src/stm32f4xx_hal_uart.c.obj
                0x08002ad0                HAL_UART_IRQHandler
 .text.HAL_UART_TxHalfCpltCallback
                0x08002ff4       0x14 cmake/stm32cubemx/CMakeFiles/STM32_Drivers.dir/__/__/Drivers/STM32F4xx_HAL_Driver/Src/stm32f4xx_hal_uart.c.obj
                0x08002ff4                HAL_UART_TxHalfCpltCallback
 .text.HAL_UART_ErrorCallback
                0x08003008       0x14 cmake/stm32cubemx/CMakeFiles/STM32_Drivers.dir/__/__/Drivers/STM32F4xx_HAL_Driver/Src/stm32f4xx_hal_uart.c.obj
                0x08003008                HAL_UART_ErrorCallback
 .text.HAL_UARTEx_RxEventCallback
                0x0800301c       0x18 cmake/stm32cubemx/CMakeFiles/STM32_Drivers.dir/__/__/Drivers/STM32F4xx_HAL_Driver/Src/stm32f4xx_hal_uart.c.obj
                0x0800301c                HAL_UARTEx_RxEventCallback
 .text.UART_DMATransmitCplt
                0x08003034       0x9a cmake/stm32cubemx/CMakeFiles/STM32_Drivers.dir/__/__/Drivers/STM32F4xx_HAL_Driver/Src/stm32f4xx_hal_uart.c.obj
 .text.UART_DMATxHalfCplt
                0x080030ce       0x1c cmake/stm32cubemx/CMakeFiles/STM32_Drivers.dir/__/__/Drivers/STM32F4xx_HAL_Driver/Src/stm32f4xx_hal_uart.c.obj
 .text.UART_DMAError
                0x080030ea       0x94 cmake/stm32cubemx/CMakeFiles/STM32_Drivers.dir/__/__/Drivers/STM32F4xx_HAL_Driver/Src/stm32f4xx_hal_uart.c.obj
 .text.UART_WaitOnFlagUntilTimeout
                0x0800317e       0xb2 cmake/stm32cubemx/CMakeFiles/STM32_Drivers.dir/__/__/Drivers/STM32F4xx_HAL_Driver/Src/stm32f4xx_hal_uart.c.obj
 .text.UART_Start_Receive_IT
                0x08003230       0x74 cmake/stm32cubemx/CMakeFiles/STM32_Drivers.dir/__/__/Drivers/STM32F4xx_HAL_Driver/Src/stm32f4xx_hal_uart.c.obj
                0x08003230                UART_Start_Receive_IT
 .text.UART_EndTxTransfer
                0x080032a4       0x50 cmake/stm32cubemx/CMakeFiles/STM32_Drivers.dir/__/__/Drivers/STM32F4xx_HAL_Driver/Src/stm32f4xx_hal_uart.c.obj
 .text.UART_EndRxTransfer
                0x080032f4       0xc6 cmake/stm32cubemx/CMakeFiles/STM32_Drivers.dir/__/__/Drivers/STM32F4xx_HAL_Driver/Src/stm32f4xx_hal_uart.c.obj
 .text.UART_DMAAbortOnError
                0x080033ba       0x28 cmake/stm32cubemx/CMakeFiles/STM32_Drivers.dir/__/__/Drivers/STM32F4xx_HAL_Driver/Src/stm32f4xx_hal_uart.c.obj
 .text.UART_Transmit_IT
                0x080033e2       0xa0 cmake/stm32cubemx/CMakeFiles/STM32_Drivers.dir/__/__/Drivers/STM32F4xx_HAL_Driver/Src/stm32f4xx_hal_uart.c.obj
 .text.UART_EndTransmit_IT
                0x08003482       0x30 cmake/stm32cubemx/CMakeFiles/STM32_Drivers.dir/__/__/Drivers/STM32F4xx_HAL_Driver/Src/stm32f4xx_hal_uart.c.obj
 .text.UART_Receive_IT
                0x080034b2      0x17c cmake/stm32cubemx/CMakeFiles/STM32_Drivers.dir/__/__/Drivers/STM32F4xx_HAL_Driver/Src/stm32f4xx_hal_uart.c.obj
 *fill*         0x0800362e        0x2 
 .text.UART_SetConfig
                0x08003630      0x4e8 cmake/stm32cubemx/CMakeFiles/STM32_Drivers.dir/__/__/Drivers/STM32F4xx_HAL_Driver/Src/stm32f4xx_hal_uart.c.obj
 .text.vListInitialise
                0x08003b18       0x40 cmake/stm32cubemx/CMakeFiles/FreeRTOS.dir/__/__/Middlewares/Third_Party/FreeRTOS/Source/list.c.obj
                0x08003b18                vListInitialise
 .text.vListInitialiseItem
                0x08003b58       0x1a cmake/stm32cubemx/CMakeFiles/FreeRTOS.dir/__/__/Middlewares/Third_Party/FreeRTOS/Source/list.c.obj
                0x08003b58                vListInitialiseItem
 .text.vListInsertEnd
                0x08003b72       0x48 cmake/stm32cubemx/CMakeFiles/FreeRTOS.dir/__/__/Middlewares/Third_Party/FreeRTOS/Source/list.c.obj
                0x08003b72                vListInsertEnd
 .text.vListInsert
                0x08003bba       0x72 cmake/stm32cubemx/CMakeFiles/FreeRTOS.dir/__/__/Middlewares/Third_Party/FreeRTOS/Source/list.c.obj
                0x08003bba                vListInsert
 .text.uxListRemove
                0x08003c2c       0x54 cmake/stm32cubemx/CMakeFiles/FreeRTOS.dir/__/__/Middlewares/Third_Party/FreeRTOS/Source/list.c.obj
                0x08003c2c                uxListRemove
 .text.xQueueGenericReset
                0x08003c80       0xd4 cmake/stm32cubemx/CMakeFiles/FreeRTOS.dir/__/__/Middlewares/Third_Party/FreeRTOS/Source/queue.c.obj
                0x08003c80                xQueueGenericReset
 .text.xQueueGenericCreateStatic
                0x08003d54       0xfa cmake/stm32cubemx/CMakeFiles/FreeRTOS.dir/__/__/Middlewares/Third_Party/FreeRTOS/Source/queue.c.obj
                0x08003d54                xQueueGenericCreateStatic
 .text.xQueueGenericCreate
                0x08003e4e       0x76 cmake/stm32cubemx/CMakeFiles/FreeRTOS.dir/__/__/Middlewares/Third_Party/FreeRTOS/Source/queue.c.obj
                0x08003e4e                xQueueGenericCreate
 .text.prvInitialiseNewQueue
                0x08003ec4       0x46 cmake/stm32cubemx/CMakeFiles/FreeRTOS.dir/__/__/Middlewares/Third_Party/FreeRTOS/Source/queue.c.obj
 .text.prvInitialiseMutex
                0x08003f0a       0x34 cmake/stm32cubemx/CMakeFiles/FreeRTOS.dir/__/__/Middlewares/Third_Party/FreeRTOS/Source/queue.c.obj
 .text.xQueueCreateMutex
                0x08003f3e       0x30 cmake/stm32cubemx/CMakeFiles/FreeRTOS.dir/__/__/Middlewares/Third_Party/FreeRTOS/Source/queue.c.obj
                0x08003f3e                xQueueCreateMutex
 .text.xQueueCreateMutexStatic
                0x08003f6e       0x36 cmake/stm32cubemx/CMakeFiles/FreeRTOS.dir/__/__/Middlewares/Third_Party/FreeRTOS/Source/queue.c.obj
                0x08003f6e                xQueueCreateMutexStatic
 .text.xQueueGiveMutexRecursive
                0x08003fa4       0x6a cmake/stm32cubemx/CMakeFiles/FreeRTOS.dir/__/__/Middlewares/Third_Party/FreeRTOS/Source/queue.c.obj
                0x08003fa4                xQueueGiveMutexRecursive
 .text.xQueueTakeMutexRecursive
                0x0800400e       0x6e cmake/stm32cubemx/CMakeFiles/FreeRTOS.dir/__/__/Middlewares/Third_Party/FreeRTOS/Source/queue.c.obj
                0x0800400e                xQueueTakeMutexRecursive
 .text.xQueueCreateCountingSemaphoreStatic
                0x0800407c       0x72 cmake/stm32cubemx/CMakeFiles/FreeRTOS.dir/__/__/Middlewares/Third_Party/FreeRTOS/Source/queue.c.obj
                0x0800407c                xQueueCreateCountingSemaphoreStatic
 .text.xQueueCreateCountingSemaphore
                0x080040ee       0x6a cmake/stm32cubemx/CMakeFiles/FreeRTOS.dir/__/__/Middlewares/Third_Party/FreeRTOS/Source/queue.c.obj
                0x080040ee                xQueueCreateCountingSemaphore
 .text.xQueueGenericSend
                0x08004158      0x204 cmake/stm32cubemx/CMakeFiles/FreeRTOS.dir/__/__/Middlewares/Third_Party/FreeRTOS/Source/queue.c.obj
                0x08004158                xQueueGenericSend
 .text.xQueueGenericSendFromISR
                0x0800435c      0x13c cmake/stm32cubemx/CMakeFiles/FreeRTOS.dir/__/__/Middlewares/Third_Party/FreeRTOS/Source/queue.c.obj
                0x0800435c                xQueueGenericSendFromISR
 .text.xQueueGiveFromISR
                0x08004498      0x120 cmake/stm32cubemx/CMakeFiles/FreeRTOS.dir/__/__/Middlewares/Third_Party/FreeRTOS/Source/queue.c.obj
                0x08004498                xQueueGiveFromISR
 .text.xQueueReceive
                0x080045b8      0x1c4 cmake/stm32cubemx/CMakeFiles/FreeRTOS.dir/__/__/Middlewares/Third_Party/FreeRTOS/Source/queue.c.obj
                0x080045b8                xQueueReceive
 .text.xQueueSemaphoreTake
                0x0800477c      0x220 cmake/stm32cubemx/CMakeFiles/FreeRTOS.dir/__/__/Middlewares/Third_Party/FreeRTOS/Source/queue.c.obj
                0x0800477c                xQueueSemaphoreTake
 .text.xQueueReceiveFromISR
                0x0800499c      0x104 cmake/stm32cubemx/CMakeFiles/FreeRTOS.dir/__/__/Middlewares/Third_Party/FreeRTOS/Source/queue.c.obj
                0x0800499c                xQueueReceiveFromISR
 .text.vQueueDelete
                0x08004aa0       0x48 cmake/stm32cubemx/CMakeFiles/FreeRTOS.dir/__/__/Middlewares/Third_Party/FreeRTOS/Source/queue.c.obj
                0x08004aa0                vQueueDelete
 .text.prvGetDisinheritPriorityAfterTimeout
                0x08004ae8       0x30 cmake/stm32cubemx/CMakeFiles/FreeRTOS.dir/__/__/Middlewares/Third_Party/FreeRTOS/Source/queue.c.obj
 .text.prvCopyDataToQueue
                0x08004b18       0xd4 cmake/stm32cubemx/CMakeFiles/FreeRTOS.dir/__/__/Middlewares/Third_Party/FreeRTOS/Source/queue.c.obj
 .text.prvCopyDataFromQueue
                0x08004bec       0x4c cmake/stm32cubemx/CMakeFiles/FreeRTOS.dir/__/__/Middlewares/Third_Party/FreeRTOS/Source/queue.c.obj
 .text.prvUnlockQueue
                0x08004c38       0xa4 cmake/stm32cubemx/CMakeFiles/FreeRTOS.dir/__/__/Middlewares/Third_Party/FreeRTOS/Source/queue.c.obj
 .text.prvIsQueueEmpty
                0x08004cdc       0x2c cmake/stm32cubemx/CMakeFiles/FreeRTOS.dir/__/__/Middlewares/Third_Party/FreeRTOS/Source/queue.c.obj
 .text.prvIsQueueFull
                0x08004d08       0x30 cmake/stm32cubemx/CMakeFiles/FreeRTOS.dir/__/__/Middlewares/Third_Party/FreeRTOS/Source/queue.c.obj
 .text.vQueueAddToRegistry
                0x08004d38       0x54 cmake/stm32cubemx/CMakeFiles/FreeRTOS.dir/__/__/Middlewares/Third_Party/FreeRTOS/Source/queue.c.obj
                0x08004d38                vQueueAddToRegistry
 .text.vQueueUnregisterQueue
                0x08004d8c       0x54 cmake/stm32cubemx/CMakeFiles/FreeRTOS.dir/__/__/Middlewares/Third_Party/FreeRTOS/Source/queue.c.obj
                0x08004d8c                vQueueUnregisterQueue
 .text.vQueueWaitForMessageRestricted
                0x08004de0       0x68 cmake/stm32cubemx/CMakeFiles/FreeRTOS.dir/__/__/Middlewares/Third_Party/FreeRTOS/Source/queue.c.obj
                0x08004de0                vQueueWaitForMessageRestricted
 .text.xTaskCreateStatic
                0x08004e48       0xc4 cmake/stm32cubemx/CMakeFiles/FreeRTOS.dir/__/__/Middlewares/Third_Party/FreeRTOS/Source/tasks.c.obj
                0x08004e48                xTaskCreateStatic
 .text.xTaskCreate
                0x08004f0c       0x8c cmake/stm32cubemx/CMakeFiles/FreeRTOS.dir/__/__/Middlewares/Third_Party/FreeRTOS/Source/tasks.c.obj
                0x08004f0c                xTaskCreate
 .text.prvInitialiseNewTask
                0x08004f98      0x1a0 cmake/stm32cubemx/CMakeFiles/FreeRTOS.dir/__/__/Middlewares/Third_Party/FreeRTOS/Source/tasks.c.obj
 .text.prvAddNewTaskToReadyList
                0x08005138       0xe0 cmake/stm32cubemx/CMakeFiles/FreeRTOS.dir/__/__/Middlewares/Third_Party/FreeRTOS/Source/tasks.c.obj
 .text.vTaskDelay
                0x08005218       0x6c cmake/stm32cubemx/CMakeFiles/FreeRTOS.dir/__/__/Middlewares/Third_Party/FreeRTOS/Source/tasks.c.obj
                0x08005218                vTaskDelay
 .text.vTaskStartScheduler
                0x08005284       0xe0 cmake/stm32cubemx/CMakeFiles/FreeRTOS.dir/__/__/Middlewares/Third_Party/FreeRTOS/Source/tasks.c.obj
                0x08005284                vTaskStartScheduler
 .text.vTaskSuspendAll
                0x08005364       0x1c cmake/stm32cubemx/CMakeFiles/FreeRTOS.dir/__/__/Middlewares/Third_Party/FreeRTOS/Source/tasks.c.obj
                0x08005364                vTaskSuspendAll
 .text.xTaskResumeAll
                0x08005380      0x13c cmake/stm32cubemx/CMakeFiles/FreeRTOS.dir/__/__/Middlewares/Third_Party/FreeRTOS/Source/tasks.c.obj
                0x08005380                xTaskResumeAll
 .text.xTaskGetTickCount
                0x080054bc       0x20 cmake/stm32cubemx/CMakeFiles/FreeRTOS.dir/__/__/Middlewares/Third_Party/FreeRTOS/Source/tasks.c.obj
                0x080054bc                xTaskGetTickCount
 .text.xTaskIncrementTick
                0x080054dc      0x174 cmake/stm32cubemx/CMakeFiles/FreeRTOS.dir/__/__/Middlewares/Third_Party/FreeRTOS/Source/tasks.c.obj
                0x080054dc                xTaskIncrementTick
 .text.vTaskSwitchContext
                0x08005650       0xcc cmake/stm32cubemx/CMakeFiles/FreeRTOS.dir/__/__/Middlewares/Third_Party/FreeRTOS/Source/tasks.c.obj
                0x08005650                vTaskSwitchContext
 .text.vTaskPlaceOnEventList
                0x0800571c       0x4c cmake/stm32cubemx/CMakeFiles/FreeRTOS.dir/__/__/Middlewares/Third_Party/FreeRTOS/Source/tasks.c.obj
                0x0800571c                vTaskPlaceOnEventList
 .text.vTaskPlaceOnEventListRestricted
                0x08005768       0x58 cmake/stm32cubemx/CMakeFiles/FreeRTOS.dir/__/__/Middlewares/Third_Party/FreeRTOS/Source/tasks.c.obj
                0x08005768                vTaskPlaceOnEventListRestricted
 .text.xTaskRemoveFromEventList
                0x080057c0       0xc8 cmake/stm32cubemx/CMakeFiles/FreeRTOS.dir/__/__/Middlewares/Third_Party/FreeRTOS/Source/tasks.c.obj
                0x080057c0                xTaskRemoveFromEventList
 .text.vTaskInternalSetTimeOutState
                0x08005888       0x2c cmake/stm32cubemx/CMakeFiles/FreeRTOS.dir/__/__/Middlewares/Third_Party/FreeRTOS/Source/tasks.c.obj
                0x08005888                vTaskInternalSetTimeOutState
 .text.xTaskCheckForTimeOut
                0x080058b4       0xc8 cmake/stm32cubemx/CMakeFiles/FreeRTOS.dir/__/__/Middlewares/Third_Party/FreeRTOS/Source/tasks.c.obj
                0x080058b4                xTaskCheckForTimeOut
 .text.vTaskMissedYield
                0x0800597c       0x18 cmake/stm32cubemx/CMakeFiles/FreeRTOS.dir/__/__/Middlewares/Third_Party/FreeRTOS/Source/tasks.c.obj
                0x0800597c                vTaskMissedYield
 .text.prvIdleTask
                0x08005994       0x30 cmake/stm32cubemx/CMakeFiles/FreeRTOS.dir/__/__/Middlewares/Third_Party/FreeRTOS/Source/tasks.c.obj
 .text.prvInitialiseTaskLists
                0x080059c4       0x80 cmake/stm32cubemx/CMakeFiles/FreeRTOS.dir/__/__/Middlewares/Third_Party/FreeRTOS/Source/tasks.c.obj
 .text.prvCheckTasksWaitingTermination
                0x08005a44       0x5c cmake/stm32cubemx/CMakeFiles/FreeRTOS.dir/__/__/Middlewares/Third_Party/FreeRTOS/Source/tasks.c.obj
 .text.prvDeleteTCB
                0x08005aa0       0x6a cmake/stm32cubemx/CMakeFiles/FreeRTOS.dir/__/__/Middlewares/Third_Party/FreeRTOS/Source/tasks.c.obj
 *fill*         0x08005b0a        0x2 
 .text.prvResetNextTaskUnblockTime
                0x08005b0c       0x40 cmake/stm32cubemx/CMakeFiles/FreeRTOS.dir/__/__/Middlewares/Third_Party/FreeRTOS/Source/tasks.c.obj
 .text.xTaskGetCurrentTaskHandle
                0x08005b4c       0x20 cmake/stm32cubemx/CMakeFiles/FreeRTOS.dir/__/__/Middlewares/Third_Party/FreeRTOS/Source/tasks.c.obj
                0x08005b4c                xTaskGetCurrentTaskHandle
 .text.xTaskGetSchedulerState
                0x08005b6c       0x3c cmake/stm32cubemx/CMakeFiles/FreeRTOS.dir/__/__/Middlewares/Third_Party/FreeRTOS/Source/tasks.c.obj
                0x08005b6c                xTaskGetSchedulerState
 .text.xTaskPriorityInherit
                0x08005ba8       0xd0 cmake/stm32cubemx/CMakeFiles/FreeRTOS.dir/__/__/Middlewares/Third_Party/FreeRTOS/Source/tasks.c.obj
                0x08005ba8                xTaskPriorityInherit
 .text.xTaskPriorityDisinherit
                0x08005c78       0xe0 cmake/stm32cubemx/CMakeFiles/FreeRTOS.dir/__/__/Middlewares/Third_Party/FreeRTOS/Source/tasks.c.obj
                0x08005c78                xTaskPriorityDisinherit
 .text.vTaskPriorityDisinheritAfterTimeout
                0x08005d58      0x108 cmake/stm32cubemx/CMakeFiles/FreeRTOS.dir/__/__/Middlewares/Third_Party/FreeRTOS/Source/tasks.c.obj
                0x08005d58                vTaskPriorityDisinheritAfterTimeout
 .text.pvTaskIncrementMutexHeldCount
                0x08005e60       0x28 cmake/stm32cubemx/CMakeFiles/FreeRTOS.dir/__/__/Middlewares/Third_Party/FreeRTOS/Source/tasks.c.obj
                0x08005e60                pvTaskIncrementMutexHeldCount
 .text.ulTaskNotifyTake
                0x08005e88       0x98 cmake/stm32cubemx/CMakeFiles/FreeRTOS.dir/__/__/Middlewares/Third_Party/FreeRTOS/Source/tasks.c.obj
                0x08005e88                ulTaskNotifyTake
 .text.xTaskNotifyWait
                0x08005f20       0xc0 cmake/stm32cubemx/CMakeFiles/FreeRTOS.dir/__/__/Middlewares/Third_Party/FreeRTOS/Source/tasks.c.obj
                0x08005f20                xTaskNotifyWait
 .text.xTaskGenericNotify
                0x08005fe0      0x184 cmake/stm32cubemx/CMakeFiles/FreeRTOS.dir/__/__/Middlewares/Third_Party/FreeRTOS/Source/tasks.c.obj
                0x08005fe0                xTaskGenericNotify
 .text.xTaskGenericNotifyFromISR
                0x08006164      0x1cc cmake/stm32cubemx/CMakeFiles/FreeRTOS.dir/__/__/Middlewares/Third_Party/FreeRTOS/Source/tasks.c.obj
                0x08006164                xTaskGenericNotifyFromISR
 .text.vTaskNotifyGiveFromISR
                0x08006330      0x12c cmake/stm32cubemx/CMakeFiles/FreeRTOS.dir/__/__/Middlewares/Third_Party/FreeRTOS/Source/tasks.c.obj
                0x08006330                vTaskNotifyGiveFromISR
 .text.prvAddCurrentTaskToDelayedList
                0x0800645c       0xa8 cmake/stm32cubemx/CMakeFiles/FreeRTOS.dir/__/__/Middlewares/Third_Party/FreeRTOS/Source/tasks.c.obj
 .text.xTimerCreateTimerTask
                0x08006504       0x94 cmake/stm32cubemx/CMakeFiles/FreeRTOS.dir/__/__/Middlewares/Third_Party/FreeRTOS/Source/timers.c.obj
                0x08006504                xTimerCreateTimerTask
 .text.xTimerGenericCommand
                0x08006598       0x9c cmake/stm32cubemx/CMakeFiles/FreeRTOS.dir/__/__/Middlewares/Third_Party/FreeRTOS/Source/timers.c.obj
                0x08006598                xTimerGenericCommand
 .text.prvProcessExpiredTimer
                0x08006634       0x9c cmake/stm32cubemx/CMakeFiles/FreeRTOS.dir/__/__/Middlewares/Third_Party/FreeRTOS/Source/timers.c.obj
 .text.prvTimerTask
                0x080066d0       0x26 cmake/stm32cubemx/CMakeFiles/FreeRTOS.dir/__/__/Middlewares/Third_Party/FreeRTOS/Source/timers.c.obj
 *fill*         0x080066f6        0x2 
 .text.prvProcessTimerOrBlockTask
                0x080066f8       0x9c cmake/stm32cubemx/CMakeFiles/FreeRTOS.dir/__/__/Middlewares/Third_Party/FreeRTOS/Source/timers.c.obj
 .text.prvGetNextExpireTime
                0x08006794       0x48 cmake/stm32cubemx/CMakeFiles/FreeRTOS.dir/__/__/Middlewares/Third_Party/FreeRTOS/Source/timers.c.obj
 .text.prvSampleTimeNow
                0x080067dc       0x40 cmake/stm32cubemx/CMakeFiles/FreeRTOS.dir/__/__/Middlewares/Third_Party/FreeRTOS/Source/timers.c.obj
 .text.prvInsertTimerInActiveList
                0x0800681c       0x84 cmake/stm32cubemx/CMakeFiles/FreeRTOS.dir/__/__/Middlewares/Third_Party/FreeRTOS/Source/timers.c.obj
 .text.prvProcessReceivedCommands
                0x080068a0      0x1cc cmake/stm32cubemx/CMakeFiles/FreeRTOS.dir/__/__/Middlewares/Third_Party/FreeRTOS/Source/timers.c.obj
 .text.prvSwitchTimerLists
                0x08006a6c       0xcc cmake/stm32cubemx/CMakeFiles/FreeRTOS.dir/__/__/Middlewares/Third_Party/FreeRTOS/Source/timers.c.obj
 .text.prvCheckForValidListAndQueue
                0x08006b38       0x80 cmake/stm32cubemx/CMakeFiles/FreeRTOS.dir/__/__/Middlewares/Third_Party/FreeRTOS/Source/timers.c.obj
 .text.__NVIC_SetPriority
                0x08006bb8       0x54 cmake/stm32cubemx/CMakeFiles/FreeRTOS.dir/__/__/Middlewares/Third_Party/FreeRTOS/Source/CMSIS_RTOS_V2/cmsis_os2.c.obj
 .text.SysTick_Handler
                0x08006c0c       0x20 cmake/stm32cubemx/CMakeFiles/FreeRTOS.dir/__/__/Middlewares/Third_Party/FreeRTOS/Source/CMSIS_RTOS_V2/cmsis_os2.c.obj
                0x08006c0c                SysTick_Handler
 .text.SVC_Setup
                0x08006c2c       0x12 cmake/stm32cubemx/CMakeFiles/FreeRTOS.dir/__/__/Middlewares/Third_Party/FreeRTOS/Source/CMSIS_RTOS_V2/cmsis_os2.c.obj
 *fill*         0x08006c3e        0x2 
 .text.osKernelInitialize
                0x08006c40       0x48 cmake/stm32cubemx/CMakeFiles/FreeRTOS.dir/__/__/Middlewares/Third_Party/FreeRTOS/Source/CMSIS_RTOS_V2/cmsis_os2.c.obj
                0x08006c40                osKernelInitialize
 .text.osKernelStart
                0x08006c88       0x4c cmake/stm32cubemx/CMakeFiles/FreeRTOS.dir/__/__/Middlewares/Third_Party/FreeRTOS/Source/CMSIS_RTOS_V2/cmsis_os2.c.obj
                0x08006c88                osKernelStart
 .text.osThreadNew
                0x08006cd4      0x126 cmake/stm32cubemx/CMakeFiles/FreeRTOS.dir/__/__/Middlewares/Third_Party/FreeRTOS/Source/CMSIS_RTOS_V2/cmsis_os2.c.obj
                0x08006cd4                osThreadNew
 *fill*         0x08006dfa        0x2 
 .text.osThreadFlagsSet
                0x08006dfc       0x9c cmake/stm32cubemx/CMakeFiles/FreeRTOS.dir/__/__/Middlewares/Third_Party/FreeRTOS/Source/CMSIS_RTOS_V2/cmsis_os2.c.obj
                0x08006dfc                osThreadFlagsSet
 .text.osThreadFlagsWait
                0x08006e98      0x102 cmake/stm32cubemx/CMakeFiles/FreeRTOS.dir/__/__/Middlewares/Third_Party/FreeRTOS/Source/CMSIS_RTOS_V2/cmsis_os2.c.obj
                0x08006e98                osThreadFlagsWait
 .text.osDelay  0x08006f9a       0x36 cmake/stm32cubemx/CMakeFiles/FreeRTOS.dir/__/__/Middlewares/Third_Party/FreeRTOS/Source/CMSIS_RTOS_V2/cmsis_os2.c.obj
                0x08006f9a                osDelay
 .text.osMutexNew
                0x08006fd0      0x10c cmake/stm32cubemx/CMakeFiles/FreeRTOS.dir/__/__/Middlewares/Third_Party/FreeRTOS/Source/CMSIS_RTOS_V2/cmsis_os2.c.obj
                0x08006fd0                osMutexNew
 .text.osMutexAcquire
                0x080070dc       0x96 cmake/stm32cubemx/CMakeFiles/FreeRTOS.dir/__/__/Middlewares/Third_Party/FreeRTOS/Source/CMSIS_RTOS_V2/cmsis_os2.c.obj
                0x080070dc                osMutexAcquire
 .text.osMutexRelease
                0x08007172       0x7a cmake/stm32cubemx/CMakeFiles/FreeRTOS.dir/__/__/Middlewares/Third_Party/FreeRTOS/Source/CMSIS_RTOS_V2/cmsis_os2.c.obj
                0x08007172                osMutexRelease
 .text.osSemaphoreNew
                0x080071ec      0x112 cmake/stm32cubemx/CMakeFiles/FreeRTOS.dir/__/__/Middlewares/Third_Party/FreeRTOS/Source/CMSIS_RTOS_V2/cmsis_os2.c.obj
                0x080071ec                osSemaphoreNew
 *fill*         0x080072fe        0x2 
 .text.osSemaphoreAcquire
                0x08007300       0xa4 cmake/stm32cubemx/CMakeFiles/FreeRTOS.dir/__/__/Middlewares/Third_Party/FreeRTOS/Source/CMSIS_RTOS_V2/cmsis_os2.c.obj
                0x08007300                osSemaphoreAcquire
 .text.osSemaphoreRelease
                0x080073a4       0x88 cmake/stm32cubemx/CMakeFiles/FreeRTOS.dir/__/__/Middlewares/Third_Party/FreeRTOS/Source/CMSIS_RTOS_V2/cmsis_os2.c.obj
                0x080073a4                osSemaphoreRelease
 .text.vApplicationGetIdleTaskMemory
                0x0800742c       0x34 cmake/stm32cubemx/CMakeFiles/FreeRTOS.dir/__/__/Middlewares/Third_Party/FreeRTOS/Source/CMSIS_RTOS_V2/cmsis_os2.c.obj
                0x0800742c                vApplicationGetIdleTaskMemory
 .text.vApplicationGetTimerTaskMemory
                0x08007460       0x34 cmake/stm32cubemx/CMakeFiles/FreeRTOS.dir/__/__/Middlewares/Third_Party/FreeRTOS/Source/CMSIS_RTOS_V2/cmsis_os2.c.obj
                0x08007460                vApplicationGetTimerTaskMemory
 .text.pvPortMalloc
                0x08007494      0x19c cmake/stm32cubemx/CMakeFiles/FreeRTOS.dir/__/__/Middlewares/Third_Party/FreeRTOS/Source/portable/MemMang/heap_4.c.obj
                0x08007494                pvPortMalloc
 .text.vPortFree
                0x08007630       0xc8 cmake/stm32cubemx/CMakeFiles/FreeRTOS.dir/__/__/Middlewares/Third_Party/FreeRTOS/Source/portable/MemMang/heap_4.c.obj
                0x08007630                vPortFree
 .text.prvHeapInit
                0x080076f8       0xc4 cmake/stm32cubemx/CMakeFiles/FreeRTOS.dir/__/__/Middlewares/Third_Party/FreeRTOS/Source/portable/MemMang/heap_4.c.obj
 .text.prvInsertBlockIntoFreeList
                0x080077bc       0xb4 cmake/stm32cubemx/CMakeFiles/FreeRTOS.dir/__/__/Middlewares/Third_Party/FreeRTOS/Source/portable/MemMang/heap_4.c.obj
 .text.pxPortInitialiseStack
                0x08007870       0x68 cmake/stm32cubemx/CMakeFiles/FreeRTOS.dir/__/__/Middlewares/Third_Party/FreeRTOS/Source/portable/GCC/ARM_CM4F/port.c.obj
                0x08007870                pxPortInitialiseStack
 .text.prvTaskExitError
                0x080078d8       0x5c cmake/stm32cubemx/CMakeFiles/FreeRTOS.dir/__/__/Middlewares/Third_Party/FreeRTOS/Source/portable/GCC/ARM_CM4F/port.c.obj
 *fill*         0x08007934        0xc 
 .text.SVC_Handler
                0x08007940       0x28 cmake/stm32cubemx/CMakeFiles/FreeRTOS.dir/__/__/Middlewares/Third_Party/FreeRTOS/Source/portable/GCC/ARM_CM4F/port.c.obj
                0x08007940                SVC_Handler
 .text.prvPortStartFirstTask
                0x08007968       0x28 cmake/stm32cubemx/CMakeFiles/FreeRTOS.dir/__/__/Middlewares/Third_Party/FreeRTOS/Source/portable/GCC/ARM_CM4F/port.c.obj
 .text.xPortStartScheduler
                0x08007990      0x148 cmake/stm32cubemx/CMakeFiles/FreeRTOS.dir/__/__/Middlewares/Third_Party/FreeRTOS/Source/portable/GCC/ARM_CM4F/port.c.obj
                0x08007990                xPortStartScheduler
 .text.vPortEnterCritical
                0x08007ad8       0x64 cmake/stm32cubemx/CMakeFiles/FreeRTOS.dir/__/__/Middlewares/Third_Party/FreeRTOS/Source/portable/GCC/ARM_CM4F/port.c.obj
                0x08007ad8                vPortEnterCritical
 .text.vPortExitCritical
                0x08007b3c       0x54 cmake/stm32cubemx/CMakeFiles/FreeRTOS.dir/__/__/Middlewares/Third_Party/FreeRTOS/Source/portable/GCC/ARM_CM4F/port.c.obj
                0x08007b3c                vPortExitCritical
 .text.PendSV_Handler
                0x08007b90       0x68 cmake/stm32cubemx/CMakeFiles/FreeRTOS.dir/__/__/Middlewares/Third_Party/FreeRTOS/Source/portable/GCC/ARM_CM4F/port.c.obj
                0x08007b90                PendSV_Handler
 .text.xPortSysTickHandler
                0x08007bf8       0x44 cmake/stm32cubemx/CMakeFiles/FreeRTOS.dir/__/__/Middlewares/Third_Party/FreeRTOS/Source/portable/GCC/ARM_CM4F/port.c.obj
                0x08007bf8                xPortSysTickHandler
 .text.vPortSetupTimerInterrupt
                0x08007c3c       0x48 cmake/stm32cubemx/CMakeFiles/FreeRTOS.dir/__/__/Middlewares/Third_Party/FreeRTOS/Source/portable/GCC/ARM_CM4F/port.c.obj
                0x08007c3c                vPortSetupTimerInterrupt
 .text.vPortEnableVFP
                0x08007c84       0x14 cmake/stm32cubemx/CMakeFiles/FreeRTOS.dir/__/__/Middlewares/Third_Party/FreeRTOS/Source/portable/GCC/ARM_CM4F/port.c.obj
 .text.vPortValidateInterruptPriority
                0x08007c98       0x84 cmake/stm32cubemx/CMakeFiles/FreeRTOS.dir/__/__/Middlewares/Third_Party/FreeRTOS/Source/portable/GCC/ARM_CM4F/port.c.obj
                0x08007c98                vPortValidateInterruptPriority
 .text.main     0x08007d1c      0x180 CMakeFiles/ePHC.dir/Core/Src/main.c.obj
                0x08007d1c                main
 .text.SystemClock_Config
                0x08007e9c       0xd4 CMakeFiles/ePHC.dir/Core/Src/main.c.obj
                0x08007e9c                SystemClock_Config
 .text.MX_SPI2_Init
                0x08007f70       0x6c CMakeFiles/ePHC.dir/Core/Src/main.c.obj
 .text.MX_TIM5_Init
                0x08007fdc       0x98 CMakeFiles/ePHC.dir/Core/Src/main.c.obj
 .text.MX_TIM9_Init
                0x08008074       0x74 CMakeFiles/ePHC.dir/Core/Src/main.c.obj
 .text.MX_TIM10_Init
                0x080080e8       0x48 CMakeFiles/ePHC.dir/Core/Src/main.c.obj
 .text.MX_TIM11_Init
                0x08008130       0x48 CMakeFiles/ePHC.dir/Core/Src/main.c.obj
 .text.MX_USART1_UART_Init
                0x08008178       0x54 CMakeFiles/ePHC.dir/Core/Src/main.c.obj
 .text.MX_USART2_UART_Init
                0x080081cc       0x54 CMakeFiles/ePHC.dir/Core/Src/main.c.obj
 .text.MX_USART6_UART_Init
                0x08008220       0x54 CMakeFiles/ePHC.dir/Core/Src/main.c.obj
 .text.MX_DMA_Init
                0x08008274       0x50 CMakeFiles/ePHC.dir/Core/Src/main.c.obj
 .text.MX_GPIO_Init
                0x080082c4      0x290 CMakeFiles/ePHC.dir/Core/Src/main.c.obj
 .text.StartTaskUART1
                0x08008554       0xb0 CMakeFiles/ePHC.dir/Core/Src/main.c.obj
                0x08008554                StartTaskUART1
 .text.StartTaskUART6
                0x08008604       0xb0 CMakeFiles/ePHC.dir/Core/Src/main.c.obj
                0x08008604                StartTaskUART6
 .text.StartTaskReadDs
                0x080086b4       0x1a CMakeFiles/ePHC.dir/Core/Src/main.c.obj
                0x080086b4                StartTaskReadDs
 *fill*         0x080086ce        0x2 
 .text.StartTaskSYNC
                0x080086d0       0xac CMakeFiles/ePHC.dir/Core/Src/main.c.obj
                0x080086d0                StartTaskSYNC
 .text.StartTaskHALT
                0x0800877c       0x78 CMakeFiles/ePHC.dir/Core/Src/main.c.obj
                0x0800877c                StartTaskHALT
 .text.HAL_TIM_PeriodElapsedCallback
                0x080087f4       0x1e CMakeFiles/ePHC.dir/Core/Src/main.c.obj
                0x080087f4                HAL_TIM_PeriodElapsedCallback
 .text.Error_Handler
                0x08008812        0xc CMakeFiles/ePHC.dir/Core/Src/main.c.obj
                0x08008812                Error_Handler
 .text.NMI_Handler
                0x0800881e        0x8 CMakeFiles/ePHC.dir/Core/Src/stm32f4xx_it.c.obj
                0x0800881e                NMI_Handler
 .text.HardFault_Handler
                0x08008826        0x8 CMakeFiles/ePHC.dir/Core/Src/stm32f4xx_it.c.obj
                0x08008826                HardFault_Handler
 .text.MemManage_Handler
                0x0800882e        0x8 CMakeFiles/ePHC.dir/Core/Src/stm32f4xx_it.c.obj
                0x0800882e                MemManage_Handler
 .text.BusFault_Handler
                0x08008836        0x8 CMakeFiles/ePHC.dir/Core/Src/stm32f4xx_it.c.obj
                0x08008836                BusFault_Handler
 .text.UsageFault_Handler
                0x0800883e        0x8 CMakeFiles/ePHC.dir/Core/Src/stm32f4xx_it.c.obj
                0x0800883e                UsageFault_Handler
 .text.DebugMon_Handler
                0x08008846        0xe CMakeFiles/ePHC.dir/Core/Src/stm32f4xx_it.c.obj
                0x08008846                DebugMon_Handler
 .text.EXTI9_5_IRQHandler
                0x08008854       0x74 CMakeFiles/ePHC.dir/Core/Src/stm32f4xx_it.c.obj
                0x08008854                EXTI9_5_IRQHandler
 .text.TIM1_BRK_TIM9_IRQHandler
                0x080088c8       0x50 CMakeFiles/ePHC.dir/Core/Src/stm32f4xx_it.c.obj
                0x080088c8                TIM1_BRK_TIM9_IRQHandler
 .text.TIM1_UP_TIM10_IRQHandler
                0x08008918       0x24 CMakeFiles/ePHC.dir/Core/Src/stm32f4xx_it.c.obj
                0x08008918                TIM1_UP_TIM10_IRQHandler
 .text.TIM1_TRG_COM_TIM11_IRQHandler
                0x0800893c       0x24 CMakeFiles/ePHC.dir/Core/Src/stm32f4xx_it.c.obj
                0x0800893c                TIM1_TRG_COM_TIM11_IRQHandler
 .text.TIM2_IRQHandler
                0x08008960       0x14 CMakeFiles/ePHC.dir/Core/Src/stm32f4xx_it.c.obj
                0x08008960                TIM2_IRQHandler
 .text.USART1_IRQHandler
                0x08008974       0x14 CMakeFiles/ePHC.dir/Core/Src/stm32f4xx_it.c.obj
                0x08008974                USART1_IRQHandler
 .text.USART2_IRQHandler
                0x08008988       0x14 CMakeFiles/ePHC.dir/Core/Src/stm32f4xx_it.c.obj
                0x08008988                USART2_IRQHandler
 .text.EXTI15_10_IRQHandler
                0x0800899c       0x84 CMakeFiles/ePHC.dir/Core/Src/stm32f4xx_it.c.obj
                0x0800899c                EXTI15_10_IRQHandler
 .text.TIM5_IRQHandler
                0x08008a20       0x20 CMakeFiles/ePHC.dir/Core/Src/stm32f4xx_it.c.obj
                0x08008a20                TIM5_IRQHandler
 .text.DMA2_Stream6_IRQHandler
                0x08008a40       0x14 CMakeFiles/ePHC.dir/Core/Src/stm32f4xx_it.c.obj
                0x08008a40                DMA2_Stream6_IRQHandler
 .text.DMA2_Stream7_IRQHandler
                0x08008a54       0x14 CMakeFiles/ePHC.dir/Core/Src/stm32f4xx_it.c.obj
                0x08008a54                DMA2_Stream7_IRQHandler
 .text.USART6_IRQHandler
                0x08008a68       0x14 CMakeFiles/ePHC.dir/Core/Src/stm32f4xx_it.c.obj
                0x08008a68                USART6_IRQHandler
 .text.HAL_MspInit
                0x08008a7c       0x58 CMakeFiles/ePHC.dir/Core/Src/stm32f4xx_hal_msp.c.obj
                0x08008a7c                HAL_MspInit
 .text.HAL_SPI_MspInit
                0x08008ad4       0x90 CMakeFiles/ePHC.dir/Core/Src/stm32f4xx_hal_msp.c.obj
                0x08008ad4                HAL_SPI_MspInit
 .text.HAL_TIM_Base_MspInit
                0x08008b64      0x104 CMakeFiles/ePHC.dir/Core/Src/stm32f4xx_hal_msp.c.obj
                0x08008b64                HAL_TIM_Base_MspInit
 .text.HAL_UART_MspInit
                0x08008c68      0x25c CMakeFiles/ePHC.dir/Core/Src/stm32f4xx_hal_msp.c.obj
                0x08008c68                HAL_UART_MspInit
 .text.HAL_InitTick
                0x08008ec4       0xf8 CMakeFiles/ePHC.dir/Core/Src/stm32f4xx_hal_timebase_tim.c.obj
                0x08008ec4                HAL_InitTick
 .text.Reset_Handler
                0x08008fbc       0x50 CMakeFiles/ePHC.dir/startup_stm32f401xc.s.obj
                0x08008fbc                Reset_Handler
 .text.Default_Handler
                0x0800900c        0x2 CMakeFiles/ePHC.dir/startup_stm32f401xc.s.obj
                0x0800900c                RTC_Alarm_IRQHandler
                0x0800900c                EXTI2_IRQHandler
                0x0800900c                SPI4_IRQHandler
                0x0800900c                TIM1_CC_IRQHandler
                0x0800900c                DMA2_Stream5_IRQHandler
                0x0800900c                DMA1_Stream5_IRQHandler
                0x0800900c                PVD_IRQHandler
                0x0800900c                SDIO_IRQHandler
                0x0800900c                TAMP_STAMP_IRQHandler
                0x0800900c                EXTI3_IRQHandler
                0x0800900c                I2C3_ER_IRQHandler
                0x0800900c                EXTI0_IRQHandler
                0x0800900c                I2C2_EV_IRQHandler
                0x0800900c                DMA1_Stream2_IRQHandler
                0x0800900c                FPU_IRQHandler
                0x0800900c                DMA2_Stream2_IRQHandler
                0x0800900c                SPI1_IRQHandler
                0x0800900c                DMA2_Stream3_IRQHandler
                0x0800900c                DMA2_Stream0_IRQHandler
                0x0800900c                TIM4_IRQHandler
                0x0800900c                I2C1_EV_IRQHandler
                0x0800900c                DMA1_Stream6_IRQHandler
                0x0800900c                DMA1_Stream1_IRQHandler
                0x0800900c                TIM3_IRQHandler
                0x0800900c                RCC_IRQHandler
                0x0800900c                Default_Handler
                0x0800900c                ADC_IRQHandler
                0x0800900c                DMA1_Stream7_IRQHandler
                0x0800900c                I2C3_EV_IRQHandler
                0x0800900c                RTC_WKUP_IRQHandler
                0x0800900c                SPI2_IRQHandler
                0x0800900c                DMA1_Stream0_IRQHandler
                0x0800900c                EXTI4_IRQHandler
                0x0800900c                WWDG_IRQHandler
                0x0800900c                OTG_FS_WKUP_IRQHandler
                0x0800900c                EXTI1_IRQHandler
                0x0800900c                I2C2_ER_IRQHandler
                0x0800900c                DMA2_Stream1_IRQHandler
                0x0800900c                FLASH_IRQHandler
                0x0800900c                DMA2_Stream4_IRQHandler
                0x0800900c                OTG_FS_IRQHandler
                0x0800900c                SPI3_IRQHandler
                0x0800900c                DMA1_Stream4_IRQHandler
                0x0800900c                I2C1_ER_IRQHandler
                0x0800900c                DMA1_Stream3_IRQHandler
 *fill*         0x0800900e        0x2 
 .text.ResetParsing
                0x08009010       0x18 CMakeFiles/ePHC.dir/Core/Src/communication.c.obj
 .text.HAL_UART_RxCpltCallback
                0x08009028       0x44 CMakeFiles/ePHC.dir/Core/Src/communication.c.obj
                0x08009028                HAL_UART_RxCpltCallback
 .text.HAL_UART_TxCpltCallback
                0x0800906c       0x4c CMakeFiles/ePHC.dir/Core/Src/communication.c.obj
                0x0800906c                HAL_UART_TxCpltCallback
 .text.ReceiveFromAcs
                0x080090b8      0x1b8 CMakeFiles/ePHC.dir/Core/Src/communication.c.obj
                0x080090b8                ReceiveFromAcs
 .text.ReceiveFromCmmController
                0x08009270      0x13c CMakeFiles/ePHC.dir/Core/Src/communication.c.obj
                0x08009270                ReceiveFromCmmController
 .text.SendData
                0x080093ac       0x36 CMakeFiles/ePHC.dir/Core/Src/communication.c.obj
                0x080093ac                SendData
 *fill*         0x080093e2        0x2 
 .text.ResetCommunication
                0x080093e4       0x70 CMakeFiles/ePHC.dir/Core/Src/communication.c.obj
                0x080093e4                ResetCommunication
 .text.Initialize
                0x08009454      0x5d4 CMakeFiles/ePHC.dir/Core/Src/Utilies.c.obj
                0x08009454                Initialize
 .text.EmptyUartBuffers
                0x08009a28       0x5c CMakeFiles/ePHC.dir/Core/Src/Utilies.c.obj
                0x08009a28                EmptyUartBuffers
 .text.DipSwitchStatus
                0x08009a84       0xa8 CMakeFiles/ePHC.dir/Core/Src/Utilies.c.obj
                0x08009a84                DipSwitchStatus
 .text.MotorEnableControl
                0x08009b2c       0x24 CMakeFiles/ePHC.dir/Core/Src/Utilies.c.obj
                0x08009b2c                MotorEnableControl
 .text.TimerReset
                0x08009b50       0x30 CMakeFiles/ePHC.dir/Core/Src/Utilies.c.obj
                0x08009b50                TimerReset
 .text.TriggerToAcsControl
                0x08009b80       0x34 CMakeFiles/ePHC.dir/Core/Src/Utilies.c.obj
                0x08009b80                TriggerToAcsControl
 .text.ResetSynkAndHalt
                0x08009bb4       0x38 CMakeFiles/ePHC.dir/Core/Src/Utilies.c.obj
                0x08009bb4                ResetSynkAndHalt
 .text.Tp20CheckForError
                0x08009bec       0x78 CMakeFiles/ePHC.dir/Core/Src/Utilies.c.obj
                0x08009bec                Tp20CheckForError
 .text.memset   0x08009c64       0x10 C:/Users/yuval yeruham/AppData/Local/stm32cube/bundles/gnu-tools-for-stm32/13.3.1+st.9/bin/../lib/gcc/arm-none-eabi/13.3.1/../../../../arm-none-eabi/lib/thumb/v7e-m+fp/hard\libg_nano.a(libc_a-memset.o)
                0x08009c64                memset
 .text._reclaim_reent
                0x08009c74       0xbc C:/Users/yuval yeruham/AppData/Local/stm32cube/bundles/gnu-tools-for-stm32/13.3.1+st.9/bin/../lib/gcc/arm-none-eabi/13.3.1/../../../../arm-none-eabi/lib/thumb/v7e-m+fp/hard\libg_nano.a(libc_a-reent.o)
                0x08009c74                _reclaim_reent
 .text.__libc_init_array
                0x08009d30       0x48 C:/Users/yuval yeruham/AppData/Local/stm32cube/bundles/gnu-tools-for-stm32/13.3.1+st.9/bin/../lib/gcc/arm-none-eabi/13.3.1/../../../../arm-none-eabi/lib/thumb/v7e-m+fp/hard\libg_nano.a(libc_a-init.o)
                0x08009d30                __libc_init_array
 .text.__retarget_lock_acquire_recursive
                0x08009d78        0x2 C:/Users/yuval yeruham/AppData/Local/stm32cube/bundles/gnu-tools-for-stm32/13.3.1+st.9/bin/../lib/gcc/arm-none-eabi/13.3.1/../../../../arm-none-eabi/lib/thumb/v7e-m+fp/hard\libg_nano.a(libc_a-lock.o)
                0x08009d78                __retarget_lock_acquire_recursive
 .text.__retarget_lock_release_recursive
                0x08009d7a        0x2 C:/Users/yuval yeruham/AppData/Local/stm32cube/bundles/gnu-tools-for-stm32/13.3.1+st.9/bin/../lib/gcc/arm-none-eabi/13.3.1/../../../../arm-none-eabi/lib/thumb/v7e-m+fp/hard\libg_nano.a(libc_a-lock.o)
                0x08009d7a                __retarget_lock_release_recursive
 .text.memcpy   0x08009d7c       0x1c C:/Users/yuval yeruham/AppData/Local/stm32cube/bundles/gnu-tools-for-stm32/13.3.1+st.9/bin/../lib/gcc/arm-none-eabi/13.3.1/../../../../arm-none-eabi/lib/thumb/v7e-m+fp/hard\libg_nano.a(libc_a-memcpy-stub.o)
                0x08009d7c                memcpy
 .text._free_r  0x08009d98       0x94 C:/Users/yuval yeruham/AppData/Local/stm32cube/bundles/gnu-tools-for-stm32/13.3.1+st.9/bin/../lib/gcc/arm-none-eabi/13.3.1/../../../../arm-none-eabi/lib/thumb/v7e-m+fp/hard\libg_nano.a(libc_a-freer.o)
                0x08009d98                _free_r
 .text.__malloc_lock
                0x08009e2c        0xc C:/Users/yuval yeruham/AppData/Local/stm32cube/bundles/gnu-tools-for-stm32/13.3.1+st.9/bin/../lib/gcc/arm-none-eabi/13.3.1/../../../../arm-none-eabi/lib/thumb/v7e-m+fp/hard\libg_nano.a(libc_a-mlock.o)
                0x08009e2c                __malloc_lock
 .text.__malloc_unlock
                0x08009e38        0xc C:/Users/yuval yeruham/AppData/Local/stm32cube/bundles/gnu-tools-for-stm32/13.3.1+st.9/bin/../lib/gcc/arm-none-eabi/13.3.1/../../../../arm-none-eabi/lib/thumb/v7e-m+fp/hard\libg_nano.a(libc_a-mlock.o)
                0x08009e38                __malloc_unlock
 *(.glue_7)
 .glue_7        0x08009e44        0x0 linker stubs
 *(.glue_7t)
 .glue_7t       0x08009e44        0x0 linker stubs
 *(.eh_frame)
 .eh_frame      0x08009e44        0x0 C:/Users/yuval yeruham/AppData/Local/stm32cube/bundles/gnu-tools-for-stm32/13.3.1+st.9/bin/../lib/gcc/arm-none-eabi/13.3.1/thumb/v7e-m+fp/hard/crtbegin.o
 *(.init)
 .init          0x08009e44        0x4 C:/Users/yuval yeruham/AppData/Local/stm32cube/bundles/gnu-tools-for-stm32/13.3.1+st.9/bin/../lib/gcc/arm-none-eabi/13.3.1/thumb/v7e-m+fp/hard/crti.o
                0x08009e44                _init
 .init          0x08009e48        0x8 C:/Users/yuval yeruham/AppData/Local/stm32cube/bundles/gnu-tools-for-stm32/13.3.1+st.9/bin/../lib/gcc/arm-none-eabi/13.3.1/thumb/v7e-m+fp/hard/crtn.o
 *(.fini)
 .fini          0x08009e50        0x4 C:/Users/yuval yeruham/AppData/Local/stm32cube/bundles/gnu-tools-for-stm32/13.3.1+st.9/bin/../lib/gcc/arm-none-eabi/13.3.1/thumb/v7e-m+fp/hard/crti.o
                0x08009e50                _fini
 .fini          0x08009e54        0x8 C:/Users/yuval yeruham/AppData/Local/stm32cube/bundles/gnu-tools-for-stm32/13.3.1+st.9/bin/../lib/gcc/arm-none-eabi/13.3.1/thumb/v7e-m+fp/hard/crtn.o
                0x08009e5c                        . = ALIGN (0x4)
                0x08009e5c                        _etext = .

.vfp11_veneer   0x08009e5c        0x0
 .vfp11_veneer  0x08009e5c        0x0 linker stubs

.v4_bx          0x08009e5c        0x0
 .v4_bx         0x08009e5c        0x0 linker stubs

.iplt           0x08009e5c        0x0
 .iplt          0x08009e5c        0x0 C:/Users/yuval yeruham/AppData/Local/stm32cube/bundles/gnu-tools-for-stm32/13.3.1+st.9/bin/../lib/gcc/arm-none-eabi/13.3.1/thumb/v7e-m+fp/hard/crtbegin.o

.rodata         0x08009e5c      0x17c
                0x08009e5c                        . = ALIGN (0x4)
 *(.rodata)
 .rodata        0x08009e5c        0x5 cmake/stm32cubemx/CMakeFiles/FreeRTOS.dir/__/__/Middlewares/Third_Party/FreeRTOS/Source/tasks.c.obj
 *fill*         0x08009e61        0x3 
 .rodata        0x08009e64        0xd cmake/stm32cubemx/CMakeFiles/FreeRTOS.dir/__/__/Middlewares/Third_Party/FreeRTOS/Source/timers.c.obj
 *fill*         0x08009e71        0x3 
 .rodata        0x08009e74       0x5f CMakeFiles/ePHC.dir/Core/Src/main.c.obj
 *(.rodata*)
 *fill*         0x08009ed3        0x1 
 .rodata.AHBPrescTable
                0x08009ed4       0x10 cmake/stm32cubemx/CMakeFiles/STM32_Drivers.dir/__/__/Core/Src/system_stm32f4xx.c.obj
                0x08009ed4                AHBPrescTable
 .rodata.APBPrescTable
                0x08009ee4        0x8 cmake/stm32cubemx/CMakeFiles/STM32_Drivers.dir/__/__/Core/Src/system_stm32f4xx.c.obj
                0x08009ee4                APBPrescTable
 .rodata.flagBitshiftOffset.0
                0x08009eec        0x8 cmake/stm32cubemx/CMakeFiles/STM32_Drivers.dir/__/__/Drivers/STM32F4xx_HAL_Driver/Src/stm32f4xx_hal_dma.c.obj
 .rodata.TaskUART1_attributes
                0x08009ef4       0x24 CMakeFiles/ePHC.dir/Core/Src/main.c.obj
                0x08009ef4                TaskUART1_attributes
 .rodata.TaskUART6_attributes
                0x08009f18       0x24 CMakeFiles/ePHC.dir/Core/Src/main.c.obj
                0x08009f18                TaskUART6_attributes
 .rodata.TaskReadDs_attributes
                0x08009f3c       0x24 CMakeFiles/ePHC.dir/Core/Src/main.c.obj
                0x08009f3c                TaskReadDs_attributes
 .rodata.TaskSYNC_attributes
                0x08009f60       0x24 CMakeFiles/ePHC.dir/Core/Src/main.c.obj
                0x08009f60                TaskSYNC_attributes
 .rodata.TaskHALT_attributes
                0x08009f84       0x24 CMakeFiles/ePHC.dir/Core/Src/main.c.obj
                0x08009f84                TaskHALT_attributes
 .rodata.SignalMutex_attributes
                0x08009fa8       0x10 CMakeFiles/ePHC.dir/Core/Src/main.c.obj
                0x08009fa8                SignalMutex_attributes
 .rodata.Uart6TxSem_attributes
                0x08009fb8       0x10 CMakeFiles/ePHC.dir/Core/Src/main.c.obj
                0x08009fb8                Uart6TxSem_attributes
 .rodata.Uart1TxSem_attributes
                0x08009fc8       0x10 CMakeFiles/ePHC.dir/Core/Src/main.c.obj
                0x08009fc8                Uart1TxSem_attributes
                0x08009fd8                        . = ALIGN (0x4)

.ARM.extab      0x08009fd8        0x0
                0x08009fd8                        . = ALIGN (0x4)
 *(.ARM.extab* .gnu.linkonce.armextab.*)
                0x08009fd8                        . = ALIGN (0x4)

.ARM            0x08009fd8        0x8
                0x08009fd8                        . = ALIGN (0x4)
                0x08009fd8                        __exidx_start = .
 *(.ARM.exidx*)
 .ARM.exidx     0x08009fd8        0x8 C:/Users/yuval yeruham/AppData/Local/stm32cube/bundles/gnu-tools-for-stm32/13.3.1+st.9/bin/../lib/gcc/arm-none-eabi/13.3.1/thumb/v7e-m+fp/hard\libgcc.a(_udivmoddi4.o)
                0x08009fe0                        __exidx_end = .
                0x08009fe0                        . = ALIGN (0x4)

.preinit_array  0x08009fe0        0x0
                0x08009fe0                        . = ALIGN (0x4)
                0x08009fe0                        PROVIDE (__preinit_array_start = .)
 *(.preinit_array*)
                0x08009fe0                        PROVIDE (__preinit_array_end = .)
                0x08009fe0                        . = ALIGN (0x4)

.init_array     0x08009fe0        0x4
                0x08009fe0                        . = ALIGN (0x4)
                0x08009fe0                        PROVIDE (__init_array_start = .)
 *(SORT_BY_NAME(.init_array.*))
 *(.init_array*)
 .init_array    0x08009fe0        0x4 C:/Users/yuval yeruham/AppData/Local/stm32cube/bundles/gnu-tools-for-stm32/13.3.1+st.9/bin/../lib/gcc/arm-none-eabi/13.3.1/thumb/v7e-m+fp/hard/crtbegin.o
                0x08009fe4                        PROVIDE (__init_array_end = .)
                0x08009fe4                        . = ALIGN (0x4)

.fini_array     0x08009fe4        0x4
                0x08009fe4                        . = ALIGN (0x4)
                [!provide]                        PROVIDE (__fini_array_start = .)
 *(SORT_BY_NAME(.fini_array.*))
 *(.fini_array*)
 .fini_array    0x08009fe4        0x4 C:/Users/yuval yeruham/AppData/Local/stm32cube/bundles/gnu-tools-for-stm32/13.3.1+st.9/bin/../lib/gcc/arm-none-eabi/13.3.1/thumb/v7e-m+fp/hard/crtbegin.o
                [!provide]                        PROVIDE (__fini_array_end = .)
                0x08009fe8                        . = ALIGN (0x4)
                0x08009fe8                        _sidata = LOADADDR (.data)

.rel.dyn        0x08009fe8        0x0
 .rel.iplt      0x08009fe8        0x0 C:/Users/yuval yeruham/AppData/Local/stm32cube/bundles/gnu-tools-for-stm32/13.3.1+st.9/bin/../lib/gcc/arm-none-eabi/13.3.1/thumb/v7e-m+fp/hard/crtbegin.o

.data           0x20000000       0x60 load address 0x08009fe8
                0x20000000                        . = ALIGN (0x4)
                0x20000000                        _sdata = .
 *(.data)
 *(.data*)
 .data.SystemCoreClock
                0x20000000        0x4 cmake/stm32cubemx/CMakeFiles/STM32_Drivers.dir/__/__/Core/Src/system_stm32f4xx.c.obj
                0x20000000                SystemCoreClock
 .data.uwTickPrio
                0x20000004        0x4 cmake/stm32cubemx/CMakeFiles/STM32_Drivers.dir/__/__/Drivers/STM32F4xx_HAL_Driver/Src/stm32f4xx_hal.c.obj
                0x20000004                uwTickPrio
 .data.uwTickFreq
                0x20000008        0x1 cmake/stm32cubemx/CMakeFiles/STM32_Drivers.dir/__/__/Drivers/STM32F4xx_HAL_Driver/Src/stm32f4xx_hal.c.obj
                0x20000008                uwTickFreq
 *fill*         0x20000009        0x3 
 .data.uxCriticalNesting
                0x2000000c        0x4 cmake/stm32cubemx/CMakeFiles/FreeRTOS.dir/__/__/Middlewares/Third_Party/FreeRTOS/Source/portable/GCC/ARM_CM4F/port.c.obj
 .data._impure_ptr
                0x20000010        0x4 C:/Users/yuval yeruham/AppData/Local/stm32cube/bundles/gnu-tools-for-stm32/13.3.1+st.9/bin/../lib/gcc/arm-none-eabi/13.3.1/../../../../arm-none-eabi/lib/thumb/v7e-m+fp/hard\libg_nano.a(libc_a-impure.o)
                0x20000010                _impure_ptr
 .data._impure_data
                0x20000014       0x4c C:/Users/yuval yeruham/AppData/Local/stm32cube/bundles/gnu-tools-for-stm32/13.3.1+st.9/bin/../lib/gcc/arm-none-eabi/13.3.1/../../../../arm-none-eabi/lib/thumb/v7e-m+fp/hard\libg_nano.a(libc_a-impure.o)
                0x20000014                _impure_data
 *(.RamFunc)
 *(.RamFunc*)
                0x20000060                        . = ALIGN (0x4)

.igot.plt       0x20000060        0x0 load address 0x0800a048
 .igot.plt      0x20000060        0x0 C:/Users/yuval yeruham/AppData/Local/stm32cube/bundles/gnu-tools-for-stm32/13.3.1+st.9/bin/../lib/gcc/arm-none-eabi/13.3.1/thumb/v7e-m+fp/hard/crtbegin.o

.tdata          0x20000060        0x0 load address 0x0800a048
 *(.tdata .tdata.* .gnu.linkonce.td.*)
                0x20000060                        . = ALIGN (0x4)
                0x20000060                        _edata = .
                [!provide]                        PROVIDE (__data_end = .)
                [!provide]                        PROVIDE (__tdata_end = .)
                [!provide]                        PROVIDE (__tdata_start = ADDR (.tdata))
                [!provide]                        PROVIDE (__tdata_size = (__tdata_end - __tdata_start))
                [!provide]                        PROVIDE (__data_start = ADDR (.data))
                [!provide]                        PROVIDE (__data_size = (__data_end - __data_start))
                [!provide]                        PROVIDE (__tdata_source = LOADADDR (.tdata))
                [!provide]                        PROVIDE (__tdata_source_end = (LOADADDR (.tdata) + SIZEOF (.tdata)))
                [!provide]                        PROVIDE (__tdata_source_size = (__tdata_source_end - __tdata_source))
                [!provide]                        PROVIDE (__data_source = LOADADDR (.data))
                [!provide]                        PROVIDE (__data_source_end = __tdata_source_end)
                [!provide]                        PROVIDE (__data_source_size = (__data_source_end - __data_source))

.tbss           0x20000060        0x0 load address 0x0800a048
                0x20000060                        _sbss = .
                0x20000060                        __bss_start__ = _sbss
 *(.tbss .tbss.*)
                0x20000060                        . = ALIGN (0x4)
                [!provide]                        PROVIDE (__tbss_end = .)
                [!provide]                        PROVIDE (__tbss_start = ADDR (.tbss))
                [!provide]                        PROVIDE (__tbss_size = (__tbss_end - __tbss_start))
                [!provide]                        PROVIDE (__tbss_offset = (ADDR (.tbss) - ADDR (.tdata)))
                [!provide]                        PROVIDE (__tls_base = __tdata_start)
                [!provide]                        PROVIDE (__tls_end = __tbss_end)
                [!provide]                        PROVIDE (__tls_size = (__tls_end - __tls_base))
                [!provide]                        PROVIDE (__tls_align = MAX (ALIGNOF (.tdata), ALIGNOF (.tbss)))
                [!provide]                        PROVIDE (__tls_size_align = (((__tls_size + __tls_align) - 0x1) & ~ ((__tls_align - 0x1))))
                [!provide]                        PROVIDE (__arm32_tls_tcb_offset = MAX (0x8, __tls_align))
                [!provide]                        PROVIDE (__arm64_tls_tcb_offset = MAX (0x10, __tls_align))

.bss            0x20000060     0x5638 load address 0x0800a048
 *(.bss)
 .bss           0x20000060       0x1c C:/Users/yuval yeruham/AppData/Local/stm32cube/bundles/gnu-tools-for-stm32/13.3.1+st.9/bin/../lib/gcc/arm-none-eabi/13.3.1/thumb/v7e-m+fp/hard/crtbegin.o
 *(.bss*)
 .bss.uwTick    0x2000007c        0x4 cmake/stm32cubemx/CMakeFiles/STM32_Drivers.dir/__/__/Drivers/STM32F4xx_HAL_Driver/Src/stm32f4xx_hal.c.obj
                0x2000007c                uwTick
 .bss.xQueueRegistry
                0x20000080       0x40 cmake/stm32cubemx/CMakeFiles/FreeRTOS.dir/__/__/Middlewares/Third_Party/FreeRTOS/Source/queue.c.obj
                0x20000080                xQueueRegistry
 .bss.pxCurrentTCB
                0x200000c0        0x4 cmake/stm32cubemx/CMakeFiles/FreeRTOS.dir/__/__/Middlewares/Third_Party/FreeRTOS/Source/tasks.c.obj
                0x200000c0                pxCurrentTCB
 .bss.pxReadyTasksLists
                0x200000c4      0x460 cmake/stm32cubemx/CMakeFiles/FreeRTOS.dir/__/__/Middlewares/Third_Party/FreeRTOS/Source/tasks.c.obj
 .bss.xDelayedTaskList1
                0x20000524       0x14 cmake/stm32cubemx/CMakeFiles/FreeRTOS.dir/__/__/Middlewares/Third_Party/FreeRTOS/Source/tasks.c.obj
 .bss.xDelayedTaskList2
                0x20000538       0x14 cmake/stm32cubemx/CMakeFiles/FreeRTOS.dir/__/__/Middlewares/Third_Party/FreeRTOS/Source/tasks.c.obj
 .bss.pxDelayedTaskList
                0x2000054c        0x4 cmake/stm32cubemx/CMakeFiles/FreeRTOS.dir/__/__/Middlewares/Third_Party/FreeRTOS/Source/tasks.c.obj
 .bss.pxOverflowDelayedTaskList
                0x20000550        0x4 cmake/stm32cubemx/CMakeFiles/FreeRTOS.dir/__/__/Middlewares/Third_Party/FreeRTOS/Source/tasks.c.obj
 .bss.xPendingReadyList
                0x20000554       0x14 cmake/stm32cubemx/CMakeFiles/FreeRTOS.dir/__/__/Middlewares/Third_Party/FreeRTOS/Source/tasks.c.obj
 .bss.xTasksWaitingTermination
                0x20000568       0x14 cmake/stm32cubemx/CMakeFiles/FreeRTOS.dir/__/__/Middlewares/Third_Party/FreeRTOS/Source/tasks.c.obj
 .bss.uxDeletedTasksWaitingCleanUp
                0x2000057c        0x4 cmake/stm32cubemx/CMakeFiles/FreeRTOS.dir/__/__/Middlewares/Third_Party/FreeRTOS/Source/tasks.c.obj
 .bss.xSuspendedTaskList
                0x20000580       0x14 cmake/stm32cubemx/CMakeFiles/FreeRTOS.dir/__/__/Middlewares/Third_Party/FreeRTOS/Source/tasks.c.obj
 .bss.uxCurrentNumberOfTasks
                0x20000594        0x4 cmake/stm32cubemx/CMakeFiles/FreeRTOS.dir/__/__/Middlewares/Third_Party/FreeRTOS/Source/tasks.c.obj
 .bss.xTickCount
                0x20000598        0x4 cmake/stm32cubemx/CMakeFiles/FreeRTOS.dir/__/__/Middlewares/Third_Party/FreeRTOS/Source/tasks.c.obj
 .bss.uxTopReadyPriority
                0x2000059c        0x4 cmake/stm32cubemx/CMakeFiles/FreeRTOS.dir/__/__/Middlewares/Third_Party/FreeRTOS/Source/tasks.c.obj
 .bss.xSchedulerRunning
                0x200005a0        0x4 cmake/stm32cubemx/CMakeFiles/FreeRTOS.dir/__/__/Middlewares/Third_Party/FreeRTOS/Source/tasks.c.obj
 .bss.xPendedTicks
                0x200005a4        0x4 cmake/stm32cubemx/CMakeFiles/FreeRTOS.dir/__/__/Middlewares/Third_Party/FreeRTOS/Source/tasks.c.obj
 .bss.xYieldPending
                0x200005a8        0x4 cmake/stm32cubemx/CMakeFiles/FreeRTOS.dir/__/__/Middlewares/Third_Party/FreeRTOS/Source/tasks.c.obj
 .bss.xNumOfOverflows
                0x200005ac        0x4 cmake/stm32cubemx/CMakeFiles/FreeRTOS.dir/__/__/Middlewares/Third_Party/FreeRTOS/Source/tasks.c.obj
 .bss.uxTaskNumber
                0x200005b0        0x4 cmake/stm32cubemx/CMakeFiles/FreeRTOS.dir/__/__/Middlewares/Third_Party/FreeRTOS/Source/tasks.c.obj
 .bss.xNextTaskUnblockTime
                0x200005b4        0x4 cmake/stm32cubemx/CMakeFiles/FreeRTOS.dir/__/__/Middlewares/Third_Party/FreeRTOS/Source/tasks.c.obj
 .bss.xIdleTaskHandle
                0x200005b8        0x4 cmake/stm32cubemx/CMakeFiles/FreeRTOS.dir/__/__/Middlewares/Third_Party/FreeRTOS/Source/tasks.c.obj
 .bss.uxSchedulerSuspended
                0x200005bc        0x4 cmake/stm32cubemx/CMakeFiles/FreeRTOS.dir/__/__/Middlewares/Third_Party/FreeRTOS/Source/tasks.c.obj
 .bss.xActiveTimerList1
                0x200005c0       0x14 cmake/stm32cubemx/CMakeFiles/FreeRTOS.dir/__/__/Middlewares/Third_Party/FreeRTOS/Source/timers.c.obj
 .bss.xActiveTimerList2
                0x200005d4       0x14 cmake/stm32cubemx/CMakeFiles/FreeRTOS.dir/__/__/Middlewares/Third_Party/FreeRTOS/Source/timers.c.obj
 .bss.pxCurrentTimerList
                0x200005e8        0x4 cmake/stm32cubemx/CMakeFiles/FreeRTOS.dir/__/__/Middlewares/Third_Party/FreeRTOS/Source/timers.c.obj
 .bss.pxOverflowTimerList
                0x200005ec        0x4 cmake/stm32cubemx/CMakeFiles/FreeRTOS.dir/__/__/Middlewares/Third_Party/FreeRTOS/Source/timers.c.obj
 .bss.xTimerQueue
                0x200005f0        0x4 cmake/stm32cubemx/CMakeFiles/FreeRTOS.dir/__/__/Middlewares/Third_Party/FreeRTOS/Source/timers.c.obj
 .bss.xTimerTaskHandle
                0x200005f4        0x4 cmake/stm32cubemx/CMakeFiles/FreeRTOS.dir/__/__/Middlewares/Third_Party/FreeRTOS/Source/timers.c.obj
 .bss.xLastTime.2
                0x200005f8        0x4 cmake/stm32cubemx/CMakeFiles/FreeRTOS.dir/__/__/Middlewares/Third_Party/FreeRTOS/Source/timers.c.obj
 .bss.ucStaticTimerQueueStorage.1
                0x200005fc       0xa0 cmake/stm32cubemx/CMakeFiles/FreeRTOS.dir/__/__/Middlewares/Third_Party/FreeRTOS/Source/timers.c.obj
 .bss.xStaticTimerQueue.0
                0x2000069c       0x50 cmake/stm32cubemx/CMakeFiles/FreeRTOS.dir/__/__/Middlewares/Third_Party/FreeRTOS/Source/timers.c.obj
 .bss.KernelState
                0x200006ec        0x4 cmake/stm32cubemx/CMakeFiles/FreeRTOS.dir/__/__/Middlewares/Third_Party/FreeRTOS/Source/CMSIS_RTOS_V2/cmsis_os2.c.obj
 .bss.Idle_TCB.3
                0x200006f0      0x1a0 cmake/stm32cubemx/CMakeFiles/FreeRTOS.dir/__/__/Middlewares/Third_Party/FreeRTOS/Source/CMSIS_RTOS_V2/cmsis_os2.c.obj
 .bss.Idle_Stack.2
                0x20000890      0x200 cmake/stm32cubemx/CMakeFiles/FreeRTOS.dir/__/__/Middlewares/Third_Party/FreeRTOS/Source/CMSIS_RTOS_V2/cmsis_os2.c.obj
 .bss.Timer_TCB.1
                0x20000a90      0x1a0 cmake/stm32cubemx/CMakeFiles/FreeRTOS.dir/__/__/Middlewares/Third_Party/FreeRTOS/Source/CMSIS_RTOS_V2/cmsis_os2.c.obj
 .bss.Timer_Stack.0
                0x20000c30      0x400 cmake/stm32cubemx/CMakeFiles/FreeRTOS.dir/__/__/Middlewares/Third_Party/FreeRTOS/Source/CMSIS_RTOS_V2/cmsis_os2.c.obj
 .bss.ucHeap    0x20001030     0x3c00 cmake/stm32cubemx/CMakeFiles/FreeRTOS.dir/__/__/Middlewares/Third_Party/FreeRTOS/Source/portable/MemMang/heap_4.c.obj
 .bss.xStart    0x20004c30        0x8 cmake/stm32cubemx/CMakeFiles/FreeRTOS.dir/__/__/Middlewares/Third_Party/FreeRTOS/Source/portable/MemMang/heap_4.c.obj
 .bss.pxEnd     0x20004c38        0x4 cmake/stm32cubemx/CMakeFiles/FreeRTOS.dir/__/__/Middlewares/Third_Party/FreeRTOS/Source/portable/MemMang/heap_4.c.obj
 .bss.xFreeBytesRemaining
                0x20004c3c        0x4 cmake/stm32cubemx/CMakeFiles/FreeRTOS.dir/__/__/Middlewares/Third_Party/FreeRTOS/Source/portable/MemMang/heap_4.c.obj
 .bss.xMinimumEverFreeBytesRemaining
                0x20004c40        0x4 cmake/stm32cubemx/CMakeFiles/FreeRTOS.dir/__/__/Middlewares/Third_Party/FreeRTOS/Source/portable/MemMang/heap_4.c.obj
 .bss.xNumberOfSuccessfulAllocations
                0x20004c44        0x4 cmake/stm32cubemx/CMakeFiles/FreeRTOS.dir/__/__/Middlewares/Third_Party/FreeRTOS/Source/portable/MemMang/heap_4.c.obj
 .bss.xNumberOfSuccessfulFrees
                0x20004c48        0x4 cmake/stm32cubemx/CMakeFiles/FreeRTOS.dir/__/__/Middlewares/Third_Party/FreeRTOS/Source/portable/MemMang/heap_4.c.obj
 .bss.xBlockAllocatedBit
                0x20004c4c        0x4 cmake/stm32cubemx/CMakeFiles/FreeRTOS.dir/__/__/Middlewares/Third_Party/FreeRTOS/Source/portable/MemMang/heap_4.c.obj
 .bss.ucMaxSysCallPriority
                0x20004c50        0x1 cmake/stm32cubemx/CMakeFiles/FreeRTOS.dir/__/__/Middlewares/Third_Party/FreeRTOS/Source/portable/GCC/ARM_CM4F/port.c.obj
 *fill*         0x20004c51        0x3 
 .bss.ulMaxPRIGROUPValue
                0x20004c54        0x4 cmake/stm32cubemx/CMakeFiles/FreeRTOS.dir/__/__/Middlewares/Third_Party/FreeRTOS/Source/portable/GCC/ARM_CM4F/port.c.obj
 .bss.hspi2     0x20004c58       0x58 CMakeFiles/ePHC.dir/Core/Src/main.c.obj
                0x20004c58                hspi2
 .bss.htim5     0x20004cb0       0x48 CMakeFiles/ePHC.dir/Core/Src/main.c.obj
                0x20004cb0                htim5
 .bss.htim9     0x20004cf8       0x48 CMakeFiles/ePHC.dir/Core/Src/main.c.obj
                0x20004cf8                htim9
 .bss.htim10    0x20004d40       0x48 CMakeFiles/ePHC.dir/Core/Src/main.c.obj
                0x20004d40                htim10
 .bss.htim11    0x20004d88       0x48 CMakeFiles/ePHC.dir/Core/Src/main.c.obj
                0x20004d88                htim11
 .bss.huart1    0x20004dd0       0x48 CMakeFiles/ePHC.dir/Core/Src/main.c.obj
                0x20004dd0                huart1
 .bss.huart2    0x20004e18       0x48 CMakeFiles/ePHC.dir/Core/Src/main.c.obj
                0x20004e18                huart2
 .bss.huart6    0x20004e60       0x48 CMakeFiles/ePHC.dir/Core/Src/main.c.obj
                0x20004e60                huart6
 .bss.hdma_usart1_tx
                0x20004ea8       0x60 CMakeFiles/ePHC.dir/Core/Src/main.c.obj
                0x20004ea8                hdma_usart1_tx
 .bss.hdma_usart6_tx
                0x20004f08       0x60 CMakeFiles/ePHC.dir/Core/Src/main.c.obj
                0x20004f08                hdma_usart6_tx
 .bss.TaskUART1Handle
                0x20004f68        0x4 CMakeFiles/ePHC.dir/Core/Src/main.c.obj
                0x20004f68                TaskUART1Handle
 .bss.TaskUART6Handle
                0x20004f6c        0x4 CMakeFiles/ePHC.dir/Core/Src/main.c.obj
                0x20004f6c                TaskUART6Handle
 .bss.TaskReadDsHandle
                0x20004f70        0x4 CMakeFiles/ePHC.dir/Core/Src/main.c.obj
                0x20004f70                TaskReadDsHandle
 .bss.TaskSYNCHandle
                0x20004f74        0x4 CMakeFiles/ePHC.dir/Core/Src/main.c.obj
                0x20004f74                TaskSYNCHandle
 .bss.TaskHALTHandle
                0x20004f78        0x4 CMakeFiles/ePHC.dir/Core/Src/main.c.obj
                0x20004f78                TaskHALTHandle
 .bss.Uart6TxSemHandle
                0x20004f7c        0x4 CMakeFiles/ePHC.dir/Core/Src/main.c.obj
                0x20004f7c                Uart6TxSemHandle
 .bss.Uart1TxSemHandle
                0x20004f80        0x4 CMakeFiles/ePHC.dir/Core/Src/main.c.obj
                0x20004f80                Uart1TxSemHandle
 .bss.htim2     0x20004f84       0x48 CMakeFiles/ePHC.dir/Core/Src/stm32f4xx_hal_timebase_tim.c.obj
                0x20004f84                htim2
 .bss.u8XoffFlag
                0x20004fcc        0x1 CMakeFiles/ePHC.dir/Core/Src/communication.c.obj
 .bss.currentByte
                0x20004fcd        0x1 CMakeFiles/ePHC.dir/Core/Src/communication.c.obj
 .bss.commandType
                0x20004fce        0x1 CMakeFiles/ePHC.dir/Core/Src/communication.c.obj
 *fill*         0x20004fcf        0x1 
 .bss.sPowerPin
                0x20004fd0       0x36 CMakeFiles/ePHC.dir/Core/Src/Globals.c.obj
                0x20004fd0                sPowerPin
 *fill*         0x20005006        0x2 
 .bss.sDipSwitchesPin
                0x20005008       0x48 CMakeFiles/ePHC.dir/Core/Src/Globals.c.obj
                0x20005008                sDipSwitchesPin
 .bss.sLedError
                0x20005050       0x2a CMakeFiles/ePHC.dir/Core/Src/Globals.c.obj
                0x20005050                sLedError
 *fill*         0x2000507a        0x2 
 .bss.SignalMutexHandle
                0x2000507c        0x4 CMakeFiles/ePHC.dir/Core/Src/Globals.c.obj
                0x2000507c                SignalMutexHandle
 .bss.u16DipSwitchesStatus
                0x20005080        0x2 CMakeFiles/ePHC.dir/Core/Src/Globals.c.obj
                0x20005080                u16DipSwitchesStatus
 .bss.u8Tp20ErrorDetect
                0x20005082        0x1 CMakeFiles/ePHC.dir/Core/Src/Globals.c.obj
                0x20005082                u8Tp20ErrorDetect
 .bss.u8ReadIdxCmm
                0x20005083        0x1 CMakeFiles/ePHC.dir/Core/Src/Globals.c.obj
                0x20005083                u8ReadIdxCmm
 .bss.u8ReadIdxAcs
                0x20005084        0x1 CMakeFiles/ePHC.dir/Core/Src/Globals.c.obj
                0x20005084                u8ReadIdxAcs
 .bss.u8ParsingDone
                0x20005085        0x1 CMakeFiles/ePHC.dir/Core/Src/Globals.c.obj
                0x20005085                u8ParsingDone
 .bss.gpPdumpStatus
                0x20005086        0x1 CMakeFiles/ePHC.dir/Core/Src/Globals.c.obj
                0x20005086                gpPdumpStatus
 .bss.gpPpoffStatus
                0x20005087        0x1 CMakeFiles/ePHC.dir/Core/Src/Globals.c.obj
                0x20005087                gpPpoffStatus
 .bss.u8IsFirstHaltArrived
                0x20005088        0x1 CMakeFiles/ePHC.dir/Core/Src/Globals.c.obj
                0x20005088                u8IsFirstHaltArrived
 .bss.u8IsFirstSnycArrived
                0x20005089        0x1 CMakeFiles/ePHC.dir/Core/Src/Globals.c.obj
                0x20005089                u8IsFirstSnycArrived
 .bss.u8IsInTp20Measurement
                0x2000508a        0x1 CMakeFiles/ePHC.dir/Core/Src/Globals.c.obj
                0x2000508a                u8IsInTp20Measurement
 *fill*         0x2000508b        0x1 
 .bss.u161MilliSecondCounter
                0x2000508c        0x2 CMakeFiles/ePHC.dir/Core/Src/Globals.c.obj
                0x2000508c                u161MilliSecondCounter
 *fill*         0x2000508e        0x2 
 .bss.au8RxBufAcs
                0x20005090       0xc9 CMakeFiles/ePHC.dir/Core/Src/Globals.c.obj
                0x20005090                au8RxBufAcs
 *fill*         0x20005159        0x3 
 .bss.au8TxBufAcs
                0x2000515c       0xc9 CMakeFiles/ePHC.dir/Core/Src/Globals.c.obj
                0x2000515c                au8TxBufAcs
 *fill*         0x20005225        0x3 
 .bss.au8RxBufEph
                0x20005228       0xc9 CMakeFiles/ePHC.dir/Core/Src/Globals.c.obj
                0x20005228                au8RxBufEph
 *fill*         0x200052f1        0x3 
 .bss.au8TxBufEph
                0x200052f4       0xc9 CMakeFiles/ePHC.dir/Core/Src/Globals.c.obj
                0x200052f4                au8TxBufEph
 *fill*         0x200053bd        0x3 
 .bss.au8RxBufCmm
                0x200053c0       0xc9 CMakeFiles/ePHC.dir/Core/Src/Globals.c.obj
                0x200053c0                au8RxBufCmm
 *fill*         0x20005489        0x3 
 .bss.au8TxBufCmm
                0x2000548c       0xc9 CMakeFiles/ePHC.dir/Core/Src/Globals.c.obj
                0x2000548c                au8TxBufCmm
 .bss.eReturnCodeState
                0x20005555        0x1 CMakeFiles/ePHC.dir/Core/Src/Globals.c.obj
                0x20005555                eReturnCodeState
 .bss.eTask1State
                0x20005556        0x1 CMakeFiles/ePHC.dir/Core/Src/Globals.c.obj
                0x20005556                eTask1State
 .bss.eTask2State
                0x20005557        0x1 CMakeFiles/ePHC.dir/Core/Src/Globals.c.obj
                0x20005557                eTask2State
 .bss.__sf      0x20005558      0x138 C:/Users/yuval yeruham/AppData/Local/stm32cube/bundles/gnu-tools-for-stm32/13.3.1+st.9/bin/../lib/gcc/arm-none-eabi/13.3.1/../../../../arm-none-eabi/lib/thumb/v7e-m+fp/hard\libg_nano.a(libc_a-findfp.o)
                0x20005558                __sf
 .bss.__lock___malloc_recursive_mutex
                0x20005690        0x1 C:/Users/yuval yeruham/AppData/Local/stm32cube/bundles/gnu-tools-for-stm32/13.3.1+st.9/bin/../lib/gcc/arm-none-eabi/13.3.1/../../../../arm-none-eabi/lib/thumb/v7e-m+fp/hard\libg_nano.a(libc_a-lock.o)
                0x20005690                __lock___malloc_recursive_mutex
 *fill*         0x20005691        0x3 
 .bss.__malloc_free_list
                0x20005694        0x4 C:/Users/yuval yeruham/AppData/Local/stm32cube/bundles/gnu-tools-for-stm32/13.3.1+st.9/bin/../lib/gcc/arm-none-eabi/13.3.1/../../../../arm-none-eabi/lib/thumb/v7e-m+fp/hard\libg_nano.a(libc_a-mallocr.o)
                0x20005694                __malloc_free_list
 *(COMMON)
                0x20005698                        . = ALIGN (0x4)
                0x20005698                        _ebss = .
                0x20005698                        __bss_end__ = _ebss
                [!provide]                        PROVIDE (__bss_end = .)
                [!provide]                        PROVIDE (__non_tls_bss_start = ADDR (.bss))
                [!provide]                        PROVIDE (__bss_start = __tbss_start)
                [!provide]                        PROVIDE (__bss_size = (__bss_end - __bss_start))

._user_heap_stack
                0x20005698      0x600 load address 0x0800a048
                0x20005698                        . = ALIGN (0x8)
                [!provide]                        PROVIDE (end = .)
                0x20005698                        PROVIDE (_end = .)
                0x20005898                        . = (. + _Min_Heap_Size)
 *fill*         0x20005698      0x200 
                0x20005c98                        . = (. + _Min_Stack_Size)
 *fill*         0x20005898      0x400 
                0x20005c98                        . = ALIGN (0x8)

/DISCARD/
 libc.a:*(*)
 libm.a:*(*)
 libgcc.a:*(*)
OUTPUT(ePHC.elf elf32-littlearm)
LOAD linker stubs

.ARM.attributes
                0x00000000       0x30
 .ARM.attributes
                0x00000000       0x22 C:/Users/yuval yeruham/AppData/Local/stm32cube/bundles/gnu-tools-for-stm32/13.3.1+st.9/bin/../lib/gcc/arm-none-eabi/13.3.1/thumb/v7e-m+fp/hard/crti.o
 .ARM.attributes
                0x00000022       0x34 C:/Users/yuval yeruham/AppData/Local/stm32cube/bundles/gnu-tools-for-stm32/13.3.1+st.9/bin/../lib/gcc/arm-none-eabi/13.3.1/thumb/v7e-m+fp/hard/crtbegin.o
 .ARM.attributes
                0x00000056       0x34 cmake/stm32cubemx/CMakeFiles/STM32_Drivers.dir/__/__/Core/Src/system_stm32f4xx.c.obj
 .ARM.attributes
                0x0000008a       0x34 cmake/stm32cubemx/CMakeFiles/STM32_Drivers.dir/__/__/Drivers/STM32F4xx_HAL_Driver/Src/stm32f4xx_hal_tim.c.obj
 .ARM.attributes
                0x000000be       0x34 cmake/stm32cubemx/CMakeFiles/STM32_Drivers.dir/__/__/Drivers/STM32F4xx_HAL_Driver/Src/stm32f4xx_hal_tim_ex.c.obj
 .ARM.attributes
                0x000000f2       0x34 cmake/stm32cubemx/CMakeFiles/STM32_Drivers.dir/__/__/Drivers/STM32F4xx_HAL_Driver/Src/stm32f4xx_hal_rcc.c.obj
 .ARM.attributes
                0x00000126       0x34 cmake/stm32cubemx/CMakeFiles/STM32_Drivers.dir/__/__/Drivers/STM32F4xx_HAL_Driver/Src/stm32f4xx_hal_gpio.c.obj
 .ARM.attributes
                0x0000015a       0x34 cmake/stm32cubemx/CMakeFiles/STM32_Drivers.dir/__/__/Drivers/STM32F4xx_HAL_Driver/Src/stm32f4xx_hal_dma.c.obj
 .ARM.attributes
                0x0000018e       0x34 cmake/stm32cubemx/CMakeFiles/STM32_Drivers.dir/__/__/Drivers/STM32F4xx_HAL_Driver/Src/stm32f4xx_hal_cortex.c.obj
 .ARM.attributes
                0x000001c2       0x34 cmake/stm32cubemx/CMakeFiles/STM32_Drivers.dir/__/__/Drivers/STM32F4xx_HAL_Driver/Src/stm32f4xx_hal.c.obj
 .ARM.attributes
                0x000001f6       0x34 cmake/stm32cubemx/CMakeFiles/STM32_Drivers.dir/__/__/Drivers/STM32F4xx_HAL_Driver/Src/stm32f4xx_hal_spi.c.obj
 .ARM.attributes
                0x0000022a       0x34 cmake/stm32cubemx/CMakeFiles/STM32_Drivers.dir/__/__/Drivers/STM32F4xx_HAL_Driver/Src/stm32f4xx_hal_uart.c.obj
 .ARM.attributes
                0x0000025e       0x34 cmake/stm32cubemx/CMakeFiles/FreeRTOS.dir/__/__/Middlewares/Third_Party/FreeRTOS/Source/list.c.obj
 .ARM.attributes
                0x00000292       0x34 cmake/stm32cubemx/CMakeFiles/FreeRTOS.dir/__/__/Middlewares/Third_Party/FreeRTOS/Source/queue.c.obj
 .ARM.attributes
                0x000002c6       0x34 cmake/stm32cubemx/CMakeFiles/FreeRTOS.dir/__/__/Middlewares/Third_Party/FreeRTOS/Source/tasks.c.obj
 .ARM.attributes
                0x000002fa       0x34 cmake/stm32cubemx/CMakeFiles/FreeRTOS.dir/__/__/Middlewares/Third_Party/FreeRTOS/Source/timers.c.obj
 .ARM.attributes