../Core/Src/main.c:750:6:StartTaskUART1	32	static
../Core/Src/main.c:797:6:StartTaskUART6	24	static
../Core/Src/main.c:847:6:StartTaskReadDs	8	static
../Core/Src/main.c:868:6:StartTaskSYNC	16	static
../Core/Src/main.c:906:6:StartTaskHALT	8	static
../Core/Src/main.c:259:6:SystemClock_Config	88	static,ignoring_inline_asm
../Core/Src/main.c:142:5:main	72	static,ignoring_inline_asm
../Core/Src/main.c:936:6:HAL_TIM_PeriodElapsedCallback	0	static
../Core/Src/main.c:954:6:Error_Handler	0	static,ignoring_inline_asm
