../Core/Src/stm32f4xx_it.c:83:6:NMI_Handler	0	static
../Core/Src/stm32f4xx_it.c:98:6:HardFault_Handler	0	static
../Core/Src/stm32f4xx_it.c:113:6:MemManage_Handler	0	static
../Core/Src/stm32f4xx_it.c:128:6:BusFault_Handler	0	static
../Core/Src/stm32f4xx_it.c:143:6:UsageFault_Handler	0	static
../Core/Src/stm32f4xx_it.c:158:6:DebugMon_Handler	0	static
../Core/Src/stm32f4xx_it.c:178:6:EXTI9_5_IRQHandler	8	static
../Core/Src/stm32f4xx_it.c:204:6:TIM1_BRK_TIM9_IRQHandler	8	static
../Core/Src/stm32f4xx_it.c:225:6:TIM1_UP_TIM10_IRQHandler	8	static
../Core/Src/stm32f4xx_it.c:239:6:TIM1_TRG_COM_TIM11_IRQHandler	8	static
../Core/Src/stm32f4xx_it.c:253:6:TIM2_IRQHandler	0	static
../Core/Src/stm32f4xx_it.c:267:6:USART1_IRQHandler	0	static
../Core/Src/stm32f4xx_it.c:281:6:USART2_IRQHandler	0	static
../Core/Src/stm32f4xx_it.c:295:6:EXTI15_10_IRQHandler	16	static,ignoring_inline_asm
../Core/Src/stm32f4xx_it.c:323:6:TIM5_IRQHandler	8	static
../Core/Src/stm32f4xx_it.c:337:6:DMA2_Stream6_IRQHandler	0	static
../Core/Src/stm32f4xx_it.c:351:6:DMA2_Stream7_IRQHandler	0	static
../Core/Src/stm32f4xx_it.c:365:6:USART6_IRQHandler	0	static
