../Core/Src/Utilies.c:20:6:Initialize	40	static
../Core/Src/Utilies.c:77:6:EmptyUartBuffers	8	static
../Core/Src/Utilies.c:95:6:BuzzerControl	0	static
../Core/Src/Utilies.c:108:6:AirSenseControl	0	static
../Core/Src/Utilies.c:121:6:ChangePowerVoltage	8	static
../Core/Src/Utilies.c:159:6:DipSwitchStatus	16	static
../Core/Src/Utilies.c:175:6:FrontPanelControl	0	static
../Core/Src/Utilies.c:188:6:MotorEnableControl	0	static
../Core/Src/Utilies.c:201:6:TimerReset	0	static
../Core/Src/Utilies.c:216:6:TriggerToAcsControl	8	static
../Core/Src/Utilies.c:231:6:ResetSynkAndHalt	4	static
../Core/Src/Utilies.c:245:6:Tp20CheckForError	8	static
